31204 close(13</sys/fs/cgroup/user.slice/user-1000.slice/user@1000.service/app.slice/app-org.gnome.Terminal.slice/vte-spawn-b894aef0-ac35-418b-a13e-2143bb494dec.scope/memory.max> <unfinished ...>
31203 lseek(8</usr/share/icons/Yaru/cursors/watch>, 53248, SEEK_SET <unfinished ...>
31204 <... close resumed>)              = 0
31203 <... lseek resumed>)              = 53248
31204 openat(AT_FDCWD</home/j/robotics/braccio_robot_arm/python/inverse_kin>, "/usr/lib/jvm/java-11-openjdk-amd64/lib/endorsed", O_RDONLY|O_NONBLOCK|O_CLOEXEC|O_DIRECTORY) = -1 ENOENT (No such file or directory)
31203 lseek(8</usr/share/icons/Yaru/cursors/watch>, 53248, SEEK_SET <unfinished ...>
31204 openat(AT_FDCWD</home/j/robotics/braccio_robot_arm/python/inverse_kin>, "/usr/lib/jvm/java-11-openjdk-amd64/lib/ext", O_RDONLY|O_NONBLOCK|O_CLOEXEC|O_DIRECTORY <unfinished ...>
31203 <... lseek resumed>)              = 53248
31204 <... openat resumed>)             = -1 ENOENT (No such file or directory)
31203 mprotect(0x7fc798022000, 4096, PROT_READ|PROT_WRITE) = 0
31204 sched_getaffinity(0, 128,  <unfinished ...>
31203 read(8</usr/share/icons/Yaru/cursors/watch>,  <unfinished ...>
31204 <... sched_getaffinity resumed>[0, 1, 2, 3, 4, 5, 6, 7]) = 8
31203 <... read resumed>"\0\0\0\v\0\0\0\3\0\0\0\1\0\0\0\0\0\0\0\0\0\0\0\0\0\0\0\0\0\0\0\0"..., 4096) = 4096
31204 openat(AT_FDCWD</home/j/robotics/braccio_robot_arm/python/inverse_kin>, "/sys/fs/cgroup/user.slice/user-1000.slice/user@1000.service/app.slice/app-org.gnome.Terminal.slice/vte-spawn-b894aef0-ac35-418b-a13e-2143bb494dec.scope/cpu.max", O_RDONLY <unfinished ...>
31203 lseek(8</usr/share/icons/Yaru/cursors/watch>, 57344, SEEK_SET <unfinished ...>
31204 <... openat resumed>)             = -1 ENOENT (No such file or directory)
31203 <... lseek resumed>)              = 57344
31204 openat(AT_FDCWD</home/j/robotics/braccio_robot_arm/python/inverse_kin>, "/sys/fs/cgroup/user.slice/user-1000.slice/user@1000.service/app.slice/app-org.gnome.Terminal.slice/vte-spawn-b894aef0-ac35-418b-a13e-2143bb494dec.scope/cpu.max", O_RDONLY) = -1 ENOENT (No such file or directory)
31203 read(8</usr/share/icons/Yaru/cursors/watch>,  <unfinished ...>
31204 openat(AT_FDCWD</home/j/robotics/braccio_robot_arm/python/inverse_kin>, "/sys/fs/cgroup/user.slice/user-1000.slice/user@1000.service/app.slice/app-org.gnome.Terminal.slice/vte-spawn-b894aef0-ac35-418b-a13e-2143bb494dec.scope/cpu.weight", O_RDONLY <unfinished ...>
31203 <... read resumed>"\0\0\0\0\0\0\0\0\0\0\0\0\0\0\0\0\0\0\0\0\0\0\0\0\0\0\0\1\0\0\0\2"..., 4096) = 4096
31204 <... openat resumed>)             = -1 ENOENT (No such file or directory)
31203 lseek(8</usr/share/icons/Yaru/cursors/watch>, 61440, SEEK_SET) = 61440
31204 prlimit64(0, RLIMIT_AS, NULL,  <unfinished ...>
31203 mprotect(0x7fc798023000, 4096, PROT_READ|PROT_WRITE <unfinished ...>
31204 <... prlimit64 resumed>{rlim_cur=RLIM64_INFINITY, rlim_max=RLIM64_INFINITY}) = 0
31203 <... mprotect resumed>)           = 0
31204 prlimit64(0, RLIMIT_AS, NULL, {rlim_cur=RLIM64_INFINITY, rlim_max=RLIM64_INFINITY}) = 0
31203 lseek(8</usr/share/icons/Yaru/cursors/watch>, 61440, SEEK_SET <unfinished ...>
31204 prlimit64(0, RLIMIT_AS, NULL,  <unfinished ...>
31203 <... lseek resumed>)              = 61440
31204 <... prlimit64 resumed>{rlim_cur=RLIM64_INFINITY, rlim_max=RLIM64_INFINITY}) = 0
31203 mprotect(0x7fc798024000, 4096, PROT_READ|PROT_WRITE) = 0
31204 clock_getres(0xfffc30de /* CLOCK_??? */,  <unfinished ...>
31203 read(8</usr/share/icons/Yaru/cursors/watch>,  <unfinished ...>
31204 <... clock_getres resumed>{tv_sec=0, tv_nsec=1}) = 0
31203 <... read resumed>"\0\0\0\0\0\0\0\0\0\0\0\1\0\0\0\n\0\0\0)(((v\354\354\354\371sss\377"..., 4096) = 4096
31204 rt_sigprocmask(SIG_BLOCK, NULL,  <unfinished ...>
31203 lseek(8</usr/share/icons/Yaru/cursors/watch>, 65536, SEEK_SET <unfinished ...>
31204 <... rt_sigprocmask resumed>[], 8) = 0
31203 <... lseek resumed>)              = 65536
31204 rt_sigaction(SIGUSR2, {sa_handler=0x7fc7b03bb1a0, sa_mask=[], sa_flags=SA_RESTORER|SA_RESTART|SA_SIGINFO, sa_restorer=0x7fc7b0af8520}, NULL, 8) = 0
31203 lseek(8</usr/share/icons/Yaru/cursors/watch>, 65536, SEEK_SET <unfinished ...>
31204 rt_sigaction(SIGHUP, NULL,  <unfinished ...>
31203 <... lseek resumed>)              = 65536
31204 <... rt_sigaction resumed>{sa_handler=SIG_DFL, sa_mask=[], sa_flags=0}, 8) = 0
31203 mprotect(0x7fc798025000, 4096, PROT_READ|PROT_WRITE <unfinished ...>
31204 rt_sigaction(SIGINT, NULL,  <unfinished ...>
31203 <... mprotect resumed>)           = 0
31204 <... rt_sigaction resumed>{sa_handler=SIG_DFL, sa_mask=[], sa_flags=0}, 8) = 0
31204 rt_sigaction(SIGTERM, NULL,  <unfinished ...>
31203 read(8</usr/share/icons/Yaru/cursors/watch>,  <unfinished ...>
31204 <... rt_sigaction resumed>{sa_handler=SIG_DFL, sa_mask=[], sa_flags=0}, 8) = 0
31203 <... read resumed>"\0\0\0#\0\0\0\7\0\0\0\1\0\0\0\2\0\0\0\t\1\1\0010\367\367\367\374666\377"..., 4096) = 4096
31204 rt_sigaction(SIGSEGV, NULL, {sa_handler=SIG_DFL, sa_mask=[], sa_flags=0}, 8) = 0
31203 lseek(8</usr/share/icons/Yaru/cursors/watch>, 69632, SEEK_SET <unfinished ...>
31204 rt_sigaction(SIGSEGV, {sa_handler=0x7fc7b03bb300, sa_mask=~[RTMIN RT_1], sa_flags=SA_RESTORER|SA_RESTART|SA_SIGINFO, sa_restorer=0x7fc7b0af8520},  <unfinished ...>
31203 <... lseek resumed>)              = 69632
31204 <... rt_sigaction resumed>{sa_handler=SIG_DFL, sa_mask=[], sa_flags=0}, 8) = 0
31204 rt_sigaction(SIGPIPE, NULL,  <unfinished ...>
31203 lseek(8</usr/share/icons/Yaru/cursors/watch>, 69632, SEEK_SET <unfinished ...>
31204 <... rt_sigaction resumed>{sa_handler=SIG_IGN, sa_mask=[PIPE], sa_flags=SA_RESTORER|SA_RESTART, sa_restorer=0x7fc7b0af8520}, 8) = 0
31203 <... lseek resumed>)              = 69632
31204 rt_sigaction(SIGPIPE, {sa_handler=0x7fc7b03bb300, sa_mask=~[RTMIN RT_1], sa_flags=SA_RESTORER|SA_RESTART|SA_SIGINFO, sa_restorer=0x7fc7b0af8520},  <unfinished ...>
31203 mprotect(0x7fc798026000, 4096, PROT_READ|PROT_WRITE <unfinished ...>
31204 <... rt_sigaction resumed>{sa_handler=SIG_IGN, sa_mask=[PIPE], sa_flags=SA_RESTORER|SA_RESTART, sa_restorer=0x7fc7b0af8520}, 8) = 0
31203 <... mprotect resumed>)           = 0
31204 rt_sigaction(SIGBUS, NULL, {sa_handler=SIG_DFL, sa_mask=[], sa_flags=0}, 8) = 0
31203 read(8</usr/share/icons/Yaru/cursors/watch>,  <unfinished ...>
31204 rt_sigaction(SIGBUS, {sa_handler=0x7fc7b03bb300, sa_mask=~[RTMIN RT_1], sa_flags=SA_RESTORER|SA_RESTART|SA_SIGINFO, sa_restorer=0x7fc7b0af8520},  <unfinished ...>
31203 <... read resumed>"\0\0\0\3\0\0\0\1\0\0\0\0\0\0\0\0\0\0\0\0\0\0\0\0\0\0\0\0\0\0\0\1"..., 4096) = 4096
31204 <... rt_sigaction resumed>{sa_handler=SIG_DFL, sa_mask=[], sa_flags=0}, 8) = 0
31204 rt_sigaction(SIGILL, NULL,  <unfinished ...>
31203 lseek(8</usr/share/icons/Yaru/cursors/watch>, 73728, SEEK_SET <unfinished ...>
31204 <... rt_sigaction resumed>{sa_handler=SIG_DFL, sa_mask=[], sa_flags=0}, 8) = 0
31203 <... lseek resumed>)              = 73728
31204 rt_sigaction(SIGILL, {sa_handler=0x7fc7b03bb300, sa_mask=~[RTMIN RT_1], sa_flags=SA_RESTORER|SA_RESTART|SA_SIGINFO, sa_restorer=0x7fc7b0af8520}, {sa_handler=SIG_DFL, sa_mask=[], sa_flags=0}, 8) = 0
31203 read(8</usr/share/icons/Yaru/cursors/watch>,  <unfinished ...>
31204 rt_sigaction(SIGFPE, NULL,  <unfinished ...>
31203 <... read resumed>"\0\0\0\0\0\0\0\0\0\0\0\0\0\0\0\0\0\0\0\0\0\0\0\1\0\0\0\2\0\0\0\5"..., 4096) = 4096
31204 <... rt_sigaction resumed>{sa_handler=SIG_DFL, sa_mask=[], sa_flags=0}, 8) = 0
31203 lseek(8</usr/share/icons/Yaru/cursors/watch>, 77824, SEEK_SET <unfinished ...>
31204 rt_sigaction(SIGFPE, {sa_handler=0x7fc7b03bb300, sa_mask=~[RTMIN RT_1], sa_flags=SA_RESTORER|SA_RESTART|SA_SIGINFO, sa_restorer=0x7fc7b0af8520},  <unfinished ...>
31203 <... lseek resumed>)              = 77824
31204 <... rt_sigaction resumed>{sa_handler=SIG_DFL, sa_mask=[], sa_flags=0}, 8) = 0
31203 mprotect(0x7fc798027000, 4096, PROT_READ|PROT_WRITE <unfinished ...>
31204 rt_sigaction(SIGXFSZ, NULL,  <unfinished ...>
31203 <... mprotect resumed>)           = 0
31204 <... rt_sigaction resumed>{sa_handler=SIG_DFL, sa_mask=[], sa_flags=0}, 8) = 0
31204 rt_sigaction(SIGXFSZ, {sa_handler=0x7fc7b03bb300, sa_mask=~[RTMIN RT_1], sa_flags=SA_RESTORER|SA_RESTART|SA_SIGINFO, sa_restorer=0x7fc7b0af8520},  <unfinished ...>
31203 lseek(8</usr/share/icons/Yaru/cursors/watch>, 77824, SEEK_SET <unfinished ...>
31204 <... rt_sigaction resumed>{sa_handler=SIG_DFL, sa_mask=[], sa_flags=0}, 8) = 0
31203 <... lseek resumed>)              = 77824
31204 prlimit64(0, RLIMIT_NOFILE, NULL,  <unfinished ...>
31203 mprotect(0x7fc798028000, 4096, PROT_READ|PROT_WRITE <unfinished ...>
31204 <... prlimit64 resumed>{rlim_cur=1024, rlim_max=1024*1024}) = 0
31203 <... mprotect resumed>)           = 0
31204 prlimit64(0, RLIMIT_NOFILE, {rlim_cur=1024*1024, rlim_max=1024*1024}, NULL) = 0
31203 read(8</usr/share/icons/Yaru/cursors/watch>,  <unfinished ...>
31204 openat(AT_FDCWD</home/j/robotics/braccio_robot_arm/python/inverse_kin>, "/proc/self/coredump_filter", O_RDWR <unfinished ...>
31203 <... read resumed>"\0\0\0\0\0\0\0\1\0\0\0\n\0\0\0)(((v\354\354\354\371sss\377DDD\377"..., 4096) = 4096
31204 <... openat resumed>)             = 13</proc/31199/coredump_filter>
31203 lseek(8</usr/share/icons/Yaru/cursors/watch>, 81920, SEEK_SET <unfinished ...>
31204 newfstatat(13</proc/31199/coredump_filter>, "",  <unfinished ...>
31203 <... lseek resumed>)              = 81920
31204 <... newfstatat resumed>{st_mode=S_IFREG|0644, st_size=0, ...}, AT_EMPTY_PATH) = 0
31204 read(13</proc/31199/coredump_filter>,  <unfinished ...>
31203 lseek(8</usr/share/icons/Yaru/cursors/watch>, 81920, SEEK_SET <unfinished ...>
31204 <... read resumed>"00000033\n", 1024) = 9
31203 <... lseek resumed>)              = 81920
31204 lseek(13</proc/31199/coredump_filter>, 0, SEEK_SET <unfinished ...>
31203 mprotect(0x7fc798029000, 4096, PROT_READ|PROT_WRITE <unfinished ...>
31204 <... lseek resumed>)              = 0
31203 <... mprotect resumed>)           = 0
31204 write(13</proc/31199/coredump_filter>, "0x37", 4 <unfinished ...>
31203 read(8</usr/share/icons/Yaru/cursors/watch>,  <unfinished ...>
31204 <... write resumed>)              = 4
31203 <... read resumed>"\0\0\0\7\0\0\0\1\0\0\0\2\0\0\0\t\1\1\0010\367\367\367\374666\377///\377"..., 4096) = 4096
31204 close(13</proc/31199/coredump_filter> <unfinished ...>
31203 lseek(8</usr/share/icons/Yaru/cursors/watch>, 86016, SEEK_SET <unfinished ...>
31204 <... close resumed>)              = 0
31203 <... lseek resumed>)              = 86016
31204 openat(AT_FDCWD</home/j/robotics/braccio_robot_arm/python/inverse_kin>, "/proc/self/coredump_filter", O_RDWR) = 13</proc/31199/coredump_filter>
31203 lseek(8</usr/share/icons/Yaru/cursors/watch>, 86016, SEEK_SET <unfinished ...>
31204 newfstatat(13</proc/31199/coredump_filter>, "",  <unfinished ...>
31203 <... lseek resumed>)              = 86016
31204 <... newfstatat resumed>{st_mode=S_IFREG|0644, st_size=0, ...}, AT_EMPTY_PATH) = 0
31203 mprotect(0x7fc79802a000, 4096, PROT_READ|PROT_WRITE <unfinished ...>
31204 read(13</proc/31199/coredump_filter>,  <unfinished ...>
31203 <... mprotect resumed>)           = 0
31204 <... read resumed>"00000037\n", 1024) = 9
31203 read(8</usr/share/icons/Yaru/cursors/watch>,  <unfinished ...>
31204 lseek(13</proc/31199/coredump_filter>, 0, SEEK_SET <unfinished ...>
31203 <... read resumed>"\0\0\0\1\0\0\0\0\0\0\0\0\0\0\0\0\0\0\0\0\0\0\0\0\0\0\0\1\0\0\0\3"..., 4096) = 4096
31204 <... lseek resumed>)              = 0
31204 write(13</proc/31199/coredump_filter>, "0x3f", 4 <unfinished ...>
31203 lseek(8</usr/share/icons/Yaru/cursors/watch>, 90112, SEEK_SET <unfinished ...>
31204 <... write resumed>)              = 4
31203 <... lseek resumed>)              = 90112
31204 close(13</proc/31199/coredump_filter>) = 0
31203 read(8</usr/share/icons/Yaru/cursors/watch>,  <unfinished ...>
31204 mmap(NULL, 8192, PROT_NONE, MAP_PRIVATE|MAP_ANONYMOUS|MAP_NORESERVE, -1, 0 <unfinished ...>
31203 <... read resumed>"\0\0\0\0\0\0\0\0\0\0\0\0\0\0\0\0\0\0\0\1\0\0\0\2\0\0\0\5\0\0\0\7"..., 4096) = 4096
31204 <... mmap resumed>)               = 0x7fc7adc25000
31203 lseek(8</usr/share/icons/Yaru/cursors/watch>, 94208, SEEK_SET <unfinished ...>
31204 mmap(0x7fc7adc25000, 8192, PROT_READ|PROT_WRITE, MAP_PRIVATE|MAP_FIXED|MAP_ANONYMOUS, -1, 0 <unfinished ...>
31203 <... lseek resumed>)              = 94208
31204 <... mmap resumed>)               = 0x7fc7adc25000
31203 mprotect(0x7fc79802b000, 4096, PROT_READ|PROT_WRITE <unfinished ...>
31204 mprotect(0x7fc7adc25000, 4096, PROT_NONE <unfinished ...>
31203 <... mprotect resumed>)           = 0
31204 <... mprotect resumed>)           = 0
31204 mprotect(0x7fc7adc26000, 4096, PROT_READ) = 0
31203 lseek(8</usr/share/icons/Yaru/cursors/watch>, 94208, SEEK_SET) = 94208
31203 mprotect(0x7fc79802c000, 4096, PROT_READ|PROT_WRITE) = 0
31204 getpid( <unfinished ...>
31203 read(8</usr/share/icons/Yaru/cursors/watch>,  <unfinished ...>
31204 <... getpid resumed>)             = 31199
31203 <... read resumed>"\0\0\0\1\0\0\0\n\0\0\0)(((v\354\354\354\371sss\377DDD\377GGG\377"..., 4096) = 4096
31204 geteuid( <unfinished ...>
31203 lseek(8</usr/share/icons/Yaru/cursors/watch>, 98304, SEEK_SET <unfinished ...>
31204 <... geteuid resumed>)            = 1000
31203 <... lseek resumed>)              = 98304
31204 socket(AF_UNIX, SOCK_STREAM|SOCK_CLOEXEC|SOCK_NONBLOCK, 0) = 13<UNIX-STREAM:[461183]>
31203 lseek(8</usr/share/icons/Yaru/cursors/watch>, 98304, SEEK_SET <unfinished ...>
31204 connect(13<UNIX-STREAM:[461183]>, {sa_family=AF_UNIX, sun_path="/var/run/nscd/socket"}, 110 <unfinished ...>
31203 <... lseek resumed>)              = 98304
31204 <... connect resumed>)            = -1 ENOENT (No such file or directory)
31203 mprotect(0x7fc79802d000, 4096, PROT_READ|PROT_WRITE <unfinished ...>
31204 close(13<UNIX-STREAM:[461183]> <unfinished ...>
31203 <... mprotect resumed>)           = 0
31204 <... close resumed>)              = 0
31204 socket(AF_UNIX, SOCK_STREAM|SOCK_CLOEXEC|SOCK_NONBLOCK, 0 <unfinished ...>
31203 read(8</usr/share/icons/Yaru/cursors/watch>,  <unfinished ...>
31204 <... socket resumed>)             = 13<UNIX-STREAM:[461184]>
31203 <... read resumed>"\0\0\0\1\0\0\0\2\0\0\0\t\1\1\0010\367\367\367\374666\377///\377\316\316\316\377"..., 4096) = 4096
31204 connect(13<UNIX-STREAM:[461184]>, {sa_family=AF_UNIX, sun_path="/var/run/nscd/socket"}, 110 <unfinished ...>
31203 lseek(8</usr/share/icons/Yaru/cursors/watch>, 102400, SEEK_SET <unfinished ...>
31204 <... connect resumed>)            = -1 ENOENT (No such file or directory)
31203 <... lseek resumed>)              = 102400
31204 close(13<UNIX-STREAM:[461184]> <unfinished ...>
31203 lseek(8</usr/share/icons/Yaru/cursors/watch>, 102400, SEEK_SET <unfinished ...>
31204 <... close resumed>)              = 0
31203 <... lseek resumed>)              = 102400
31204 newfstatat(AT_FDCWD</home/j/robotics/braccio_robot_arm/python/inverse_kin>, "/etc/nsswitch.conf",  <unfinished ...>
31203 mprotect(0x7fc79802e000, 4096, PROT_READ|PROT_WRITE <unfinished ...>
31204 <... newfstatat resumed>{st_mode=S_IFREG|0644, st_size=542, ...}, 0) = 0
31203 <... mprotect resumed>)           = 0
31204 newfstatat(AT_FDCWD</home/j/robotics/braccio_robot_arm/python/inverse_kin>, "/",  <unfinished ...>
31203 read(8</usr/share/icons/Yaru/cursors/watch>,  <unfinished ...>
31204 <... newfstatat resumed>{st_mode=S_IFDIR|0755, st_size=4096, ...}, 0) = 0
31203 <... read resumed>"\0\0\0\0\0\0\0\0\0\0\0\0\0\0\0\0\0\0\0\0\0\0\0\1\0\0\0\3\0\0\0\r"..., 4096) = 4096
31204 openat(AT_FDCWD</home/j/robotics/braccio_robot_arm/python/inverse_kin>, "/etc/nsswitch.conf", O_RDONLY|O_CLOEXEC) = 13</etc/nsswitch.conf>
31203 lseek(8</usr/share/icons/Yaru/cursors/watch>, 106496, SEEK_SET <unfinished ...>
31204 newfstatat(13</etc/nsswitch.conf>, "",  <unfinished ...>
31203 <... lseek resumed>)              = 106496
31204 <... newfstatat resumed>{st_mode=S_IFREG|0644, st_size=542, ...}, AT_EMPTY_PATH) = 0
31203 mprotect(0x7fc79802f000, 4096, PROT_READ|PROT_WRITE <unfinished ...>
31204 read(13</etc/nsswitch.conf>,  <unfinished ...>
31203 <... mprotect resumed>)           = 0
31204 <... read resumed>"# /etc/nsswitch.conf\n#\n# Example"..., 4096) = 542
31204 read(13</etc/nsswitch.conf>,  <unfinished ...>
31203 read(8</usr/share/icons/Yaru/cursors/watch>,  <unfinished ...>
31204 <... read resumed>"", 4096)       = 0
31203 <... read resumed>"\0\0\0\0\0\0\0\0\0\0\0\0\0\0\0\1\0\0\0\2\0\0\0\5\0\0\0\7\0\0\0\10"..., 4096) = 4096
31204 newfstatat(13</etc/nsswitch.conf>, "",  <unfinished ...>
31203 lseek(8</usr/share/icons/Yaru/cursors/watch>, 110592, SEEK_SET <unfinished ...>
31204 <... newfstatat resumed>{st_mode=S_IFREG|0644, st_size=542, ...}, AT_EMPTY_PATH) = 0
31203 <... lseek resumed>)              = 110592
31204 close(13</etc/nsswitch.conf>)     = 0
31203 lseek(8</usr/share/icons/Yaru/cursors/watch>, 110592, SEEK_SET <unfinished ...>
31204 openat(AT_FDCWD</home/j/robotics/braccio_robot_arm/python/inverse_kin>, "/etc/passwd", O_RDONLY|O_CLOEXEC <unfinished ...>
31203 <... lseek resumed>)              = 110592
31204 <... openat resumed>)             = 13</etc/passwd>
31203 mprotect(0x7fc798030000, 4096, PROT_READ|PROT_WRITE <unfinished ...>
31204 newfstatat(13</etc/passwd>, "",  <unfinished ...>
31203 <... mprotect resumed>)           = 0
31204 <... newfstatat resumed>{st_mode=S_IFREG|0644, st_size=2798, ...}, AT_EMPTY_PATH) = 0
31204 lseek(13</etc/passwd>, 0, SEEK_SET <unfinished ...>
31203 read(8</usr/share/icons/Yaru/cursors/watch>,  <unfinished ...>
31204 <... lseek resumed>)              = 0
31203 <... read resumed>"\0\0\0\n\0\0\0)(((v\354\354\354\371sss\377DDD\377EEE\377III\377"..., 4096) = 4096
31204 read(13</etc/passwd>,  <unfinished ...>
31203 lseek(8</usr/share/icons/Yaru/cursors/watch>, 114688, SEEK_SET <unfinished ...>
31204 <... read resumed>"root:x:0:0:root:/root:/bin/bash\n"..., 4096) = 2798
31203 <... lseek resumed>)              = 114688
31204 close(13</etc/passwd> <unfinished ...>
31203 lseek(8</usr/share/icons/Yaru/cursors/watch>, 114688, SEEK_SET <unfinished ...>
31204 <... close resumed>)              = 0
31203 <... lseek resumed>)              = 114688
31204 openat(AT_FDCWD</home/j/robotics/braccio_robot_arm/python/inverse_kin>, "/tmp/hsperfdata_j", O_RDONLY|O_NOFOLLOW <unfinished ...>
31203 mprotect(0x7fc798031000, 4096, PROT_READ|PROT_WRITE <unfinished ...>
31204 <... openat resumed>)             = 13</tmp/hsperfdata_j>
31203 <... mprotect resumed>)           = 0
31204 newfstatat(13</tmp/hsperfdata_j>, "",  <unfinished ...>
31203 read(8</usr/share/icons/Yaru/cursors/watch>,  <unfinished ...>
31204 <... newfstatat resumed>{st_mode=S_IFDIR|0755, st_size=4096, ...}, AT_EMPTY_PATH) = 0
31203 <... read resumed>"\0\0\0\2\0\0\0\t\1\1\0010\367\367\367\374666\377///\377\272\272\272\377\275\275\275\377"..., 4096) = 4096
31204 geteuid()                         = 1000
31203 lseek(8</usr/share/icons/Yaru/cursors/watch>, 118784, SEEK_SET <unfinished ...>
31204 openat(AT_FDCWD</home/j/robotics/braccio_robot_arm/python/inverse_kin>, "/tmp/hsperfdata_j", O_RDONLY|O_NONBLOCK|O_CLOEXEC|O_DIRECTORY <unfinished ...>
31203 <... lseek resumed>)              = 118784
31204 <... openat resumed>)             = 14</tmp/hsperfdata_j>
31204 newfstatat(14</tmp/hsperfdata_j>, "",  <unfinished ...>
31203 lseek(8</usr/share/icons/Yaru/cursors/watch>, 118784, SEEK_SET <unfinished ...>
31204 <... newfstatat resumed>{st_mode=S_IFDIR|0755, st_size=4096, ...}, AT_EMPTY_PATH) = 0
31203 <... lseek resumed>)              = 118784
31204 newfstatat(13</tmp/hsperfdata_j>, "",  <unfinished ...>
31203 mprotect(0x7fc798032000, 4096, PROT_READ|PROT_WRITE <unfinished ...>
31204 <... newfstatat resumed>{st_mode=S_IFDIR|0755, st_size=4096, ...}, AT_EMPTY_PATH) = 0
31203 <... mprotect resumed>)           = 0
31204 newfstatat(14</tmp/hsperfdata_j>, "",  <unfinished ...>
31203 read(8</usr/share/icons/Yaru/cursors/watch>,  <unfinished ...>
31204 <... newfstatat resumed>{st_mode=S_IFDIR|0755, st_size=4096, ...}, AT_EMPTY_PATH) = 0
31203 <... read resumed>"\0\0\0\0\0\0\0\0\0\0\0\0\0\0\0\0\0\0\0\1\0\0\0\3\0\0\0\r@@@Z"..., 4096) = 4096
31204 close(13</tmp/hsperfdata_j>)      = 0
31203 lseek(8</usr/share/icons/Yaru/cursors/watch>, 122880, SEEK_SET <unfinished ...>
31204 openat(AT_FDCWD</home/j/robotics/braccio_robot_arm/python/inverse_kin>, ".", O_RDONLY <unfinished ...>
31203 <... lseek resumed>)              = 122880
31204 <... openat resumed>)             = 13</home/j/robotics/braccio_robot_arm/python/inverse_kin>
31203 mprotect(0x7fc798033000, 4096, PROT_READ|PROT_WRITE <unfinished ...>
31204 fchdir(14</tmp/hsperfdata_j> <unfinished ...>
31203 <... mprotect resumed>)           = 0
31204 <... fchdir resumed>)             = 0
31204 getdents64(14</tmp/hsperfdata_j>,  <unfinished ...>
31203 read(8</usr/share/icons/Yaru/cursors/watch>,  <unfinished ...>
31204 <... getdents64 resumed>0x7fc79c017a00 /* 2 entries */, 32768) = 48
31203 <... read resumed>"\0\0\0\0\0\0\0\0\0\0\0\1\0\0\0\2\0\0\0\5\0\0\0\7\0\0\0\10\0\0\0\10"..., 4096) = 4096
31204 getdents64(14</tmp/hsperfdata_j>,  <unfinished ...>
31203 lseek(8</usr/share/icons/Yaru/cursors/watch>, 126976, SEEK_SET <unfinished ...>
31204 <... getdents64 resumed>0x7fc79c017a00 /* 0 entries */, 32768) = 0
31203 <... lseek resumed>)              = 126976
31204 fchdir(13</home/j/robotics/braccio_robot_arm/python/inverse_kin>) = 0
31203 lseek(8</usr/share/icons/Yaru/cursors/watch>, 126976, SEEK_SET <unfinished ...>
31204 close(13</home/j/robotics/braccio_robot_arm/python/inverse_kin> <unfinished ...>
31203 <... lseek resumed>)              = 126976
31204 <... close resumed>)              = 0
31203 mprotect(0x7fc798034000, 4096, PROT_READ|PROT_WRITE <unfinished ...>
31204 close(14</tmp/hsperfdata_j> <unfinished ...>
31203 <... mprotect resumed>)           = 0
31204 <... close resumed>)              = 0
31204 mkdir("/tmp/hsperfdata_j", 0755 <unfinished ...>
31203 read(8</usr/share/icons/Yaru/cursors/watch>,  <unfinished ...>
31204 <... mkdir resumed>)              = -1 EEXIST (File exists)
31203 <... read resumed>"\0\0\0)(((v\354\354\354\371sss\377DDD\377GGG\377\220\220\220\377\274\274\274\377"..., 4096) = 4096
31204 newfstatat(AT_FDCWD</home/j/robotics/braccio_robot_arm/python/inverse_kin>, "/tmp/hsperfdata_j",  <unfinished ...>
31203 lseek(8</usr/share/icons/Yaru/cursors/watch>, 131072, SEEK_SET <unfinished ...>
31204 <... newfstatat resumed>{st_mode=S_IFDIR|0755, st_size=4096, ...}, AT_SYMLINK_NOFOLLOW) = 0
31203 <... lseek resumed>)              = 131072
31204 geteuid()                         = 1000
31204 openat(AT_FDCWD</home/j/robotics/braccio_robot_arm/python/inverse_kin>, "/tmp/hsperfdata_j", O_RDONLY|O_NOFOLLOW <unfinished ...>
31203 lseek(8</usr/share/icons/Yaru/cursors/watch>, 131072, SEEK_SET <unfinished ...>
31204 <... openat resumed>)             = 13</tmp/hsperfdata_j>
31203 <... lseek resumed>)              = 131072
31204 newfstatat(13</tmp/hsperfdata_j>, "",  <unfinished ...>
31203 mprotect(0x7fc798035000, 4096, PROT_READ|PROT_WRITE <unfinished ...>
31204 <... newfstatat resumed>{st_mode=S_IFDIR|0755, st_size=4096, ...}, AT_EMPTY_PATH) = 0
31203 <... mprotect resumed>)           = 0
31204 geteuid()                         = 1000
31203 read(8</usr/share/icons/Yaru/cursors/watch>,  <unfinished ...>
31204 openat(AT_FDCWD</home/j/robotics/braccio_robot_arm/python/inverse_kin>, "/tmp/hsperfdata_j", O_RDONLY|O_NONBLOCK|O_CLOEXEC|O_DIRECTORY <unfinished ...>
31203 <... read resumed>"\0\0\0\t\1\1\0010\367\367\367\374666\377///\377bbb\377nnn\377444\377"..., 4096) = 4096
31204 <... openat resumed>)             = 14</tmp/hsperfdata_j>
31203 lseek(8</usr/share/icons/Yaru/cursors/watch>, 135168, SEEK_SET <unfinished ...>
31204 newfstatat(14</tmp/hsperfdata_j>, "",  <unfinished ...>
31203 <... lseek resumed>)              = 135168
31204 <... newfstatat resumed>{st_mode=S_IFDIR|0755, st_size=4096, ...}, AT_EMPTY_PATH) = 0
31204 newfstatat(13</tmp/hsperfdata_j>, "",  <unfinished ...>
31203 lseek(8</usr/share/icons/Yaru/cursors/watch>, 135168, SEEK_SET <unfinished ...>
31204 <... newfstatat resumed>{st_mode=S_IFDIR|0755, st_size=4096, ...}, AT_EMPTY_PATH) = 0
31203 <... lseek resumed>)              = 135168
31204 newfstatat(14</tmp/hsperfdata_j>, "",  <unfinished ...>
31203 mprotect(0x7fc798036000, 4096, PROT_READ|PROT_WRITE <unfinished ...>
31204 <... newfstatat resumed>{st_mode=S_IFDIR|0755, st_size=4096, ...}, AT_EMPTY_PATH) = 0
31203 <... mprotect resumed>)           = 0
31204 close(13</tmp/hsperfdata_j> <unfinished ...>
31203 read(8</usr/share/icons/Yaru/cursors/watch>,  <unfinished ...>
31204 <... close resumed>)              = 0
31203 <... read resumed>"\0\0\0\0\0\0\0\0\0\0\0\0\0\0\0\1\0\0\0\3\0\0\0\r@@@Z\351\351\351\365"..., 4096) = 4096
31204 openat(AT_FDCWD</home/j/robotics/braccio_robot_arm/python/inverse_kin>, ".", O_RDONLY) = 13</home/j/robotics/braccio_robot_arm/python/inverse_kin>
31203 lseek(8</usr/share/icons/Yaru/cursors/watch>, 139264, SEEK_SET <unfinished ...>
31204 fchdir(14</tmp/hsperfdata_j> <unfinished ...>
31203 <... lseek resumed>)              = 139264
31204 <... fchdir resumed>)             = 0
31203 mprotect(0x7fc798037000, 4096, PROT_READ|PROT_WRITE <unfinished ...>
31204 openat(AT_FDCWD</tmp/hsperfdata_j>, "31199", O_RDWR|O_CREAT|O_NOFOLLOW|O_CLOEXEC, 0600 <unfinished ...>
31203 <... mprotect resumed>)           = 0
31204 <... openat resumed>)             = 15</tmp/hsperfdata_j/31199>
31203 read(8</usr/share/icons/Yaru/cursors/watch>,  <unfinished ...>
31204 newfstatat(15</tmp/hsperfdata_j/31199>, "",  <unfinished ...>
31203 <... read resumed>"\0\0\0\0\0\0\0\1\0\0\0\2\0\0\0\5\0\0\0\7\0\0\0\10\0\0\0\10\0\0\0\7"..., 4096) = 4096
31204 <... newfstatat resumed>{st_mode=S_IFREG|0600, st_size=0, ...}, AT_EMPTY_PATH) = 0
31203 lseek(8</usr/share/icons/Yaru/cursors/watch>, 143360, SEEK_SET <unfinished ...>
31204 fcntl(15</tmp/hsperfdata_j/31199>, F_GETFD <unfinished ...>
31203 <... lseek resumed>)              = 143360
31204 <... fcntl resumed>)              = 0x1 (flags FD_CLOEXEC)
31204 fchdir(13</home/j/robotics/braccio_robot_arm/python/inverse_kin> <unfinished ...>
31203 lseek(8</usr/share/icons/Yaru/cursors/watch>, 143360, SEEK_SET <unfinished ...>
31204 <... fchdir resumed>)             = 0
31203 <... lseek resumed>)              = 143360
31204 close(13</home/j/robotics/braccio_robot_arm/python/inverse_kin> <unfinished ...>
31203 mprotect(0x7fc798038000, 4096, PROT_READ|PROT_WRITE <unfinished ...>
31204 <... close resumed>)              = 0
31203 <... mprotect resumed>)           = 0
31204 close(14</tmp/hsperfdata_j>)      = 0
31203 read(8</usr/share/icons/Yaru/cursors/watch>,  <unfinished ...>
31204 newfstatat(15</tmp/hsperfdata_j/31199>, "",  <unfinished ...>
31203 <... read resumed>"(((v\354\354\354\371sss\377DDD\377EEE\377ggg\377vvv\377ppp\377"..., 4096) = 4096
31204 <... newfstatat resumed>{st_mode=S_IFREG|0600, st_size=0, ...}, AT_EMPTY_PATH) = 0
31203 close(8</usr/share/icons/Yaru/cursors/watch> <unfinished ...>
31204 ftruncate(15</tmp/hsperfdata_j/31199>, 0 <unfinished ...>
31203 <... close resumed>)              = 0
31204 <... ftruncate resumed>)          = 0
31204 ftruncate(15</tmp/hsperfdata_j/31199>, 32768 <unfinished ...>
31203 poll([{fd=6<UNIX-STREAM:[458838->453055]>, events=POLLIN|POLLOUT}], 1, -1 <unfinished ...>
31204 <... ftruncate resumed>)          = 0
31203 <... poll resumed>)               = 1 ([{fd=6, revents=POLLOUT}])
31204 lseek(15</tmp/hsperfdata_j/31199>, 0, SEEK_SET <unfinished ...>
31203 writev(6<UNIX-STREAM:[458838->453055]>, [{iov_base="5 \4\0\2\0`\2\303\7\0\0\30\0\30\0007r\4\0\3\0`\2\2\0`\2\0\0\0\0"..., iov_len=14576}, {iov_base="\0\0\0\0\0\0\0\0\0\0\0\0\0\0\0\0\0\0\0\0\0\0\0\0\0\0\0\0\0\0\0\0"..., iov_len=2304}, {iov_base="", iov_len=0}], 3 <unfinished ...>
31204 <... lseek resumed>)              = 0
31204 write(15</tmp/hsperfdata_j/31199>, "\0", 1 <unfinished ...>
31203 <... writev resumed>)             = 16880
31204 <... write resumed>)              = 1
31203 poll([{fd=6<UNIX-STREAM:[458838->453055]>, events=POLLIN|POLLOUT}], 1, -1 <unfinished ...>
31204 lseek(15</tmp/hsperfdata_j/31199>, 4096, SEEK_SET <unfinished ...>
31203 <... poll resumed>)               = 1 ([{fd=6, revents=POLLOUT}])
31204 <... lseek resumed>)              = 4096
31203 writev(6<UNIX-STREAM:[458838->453055]>, [{iov_base="< \2\0\33\0`\2\213\4\5\0\34\0`\2\32\0`\2%\0\0\0\0\0\0\0006\0\2\0"..., iov_len=14636}, {iov_base="\0\0\0\0\0\0\0\0\0\0\0\0\0\0\0\0\0\0\0\0\0\0\0\0\0\0\0\0\0\0\0\0"..., iov_len=2304}, {iov_base="", iov_len=0}], 3 <unfinished ...>
31204 write(15</tmp/hsperfdata_j/31199>, "\0", 1 <unfinished ...>
31203 <... writev resumed>)             = 16940
31204 <... write resumed>)              = 1
31203 poll([{fd=6<UNIX-STREAM:[458838->453055]>, events=POLLIN|POLLOUT}], 1, -1 <unfinished ...>
31204 lseek(15</tmp/hsperfdata_j/31199>, 8192, SEEK_SET <unfinished ...>
31203 <... poll resumed>)               = 1 ([{fd=6, revents=POLLOUT}])
31204 <... lseek resumed>)              = 8192
31203 writev(6<UNIX-STREAM:[458838->453055]>, [{iov_base="< \2\0007\0`\2\213\4\5\08\0`\0026\0`\2%\0\0\0\0\0\0\0006\0\2\0"..., iov_len=14636}, {iov_base="\0\0\0\0\0\0\0\0\0\0\0\0\0\0\0\0\0\0\0\0\0\0\0\0\0\0\0\0\0\0\0\0"..., iov_len=2304}, {iov_base="", iov_len=0}], 3 <unfinished ...>
31204 write(15</tmp/hsperfdata_j/31199>, "\0", 1 <unfinished ...>
31203 <... writev resumed>)             = 16940
31204 <... write resumed>)              = 1
31203 poll([{fd=6<UNIX-STREAM:[458838->453055]>, events=POLLIN|POLLOUT}], 1, -1 <unfinished ...>
31204 lseek(15</tmp/hsperfdata_j/31199>, 12288, SEEK_SET <unfinished ...>
31203 <... poll resumed>)               = 1 ([{fd=6, revents=POLLOUT}])
31204 <... lseek resumed>)              = 12288
31203 writev(6<UNIX-STREAM:[458838->453055]>, [{iov_base="< \2\0S\0`\2\213\4\5\0T\0`\2R\0`\2%\0\0\0\0\0\0\0006\0\2\0"..., iov_len=14636}, {iov_base="\0\0\0\0\0\0\0\0\0\0\0\0\0\0\0\0\0\0\0\0\0\0\0\0\0\0\0\0\0\0\0\0"..., iov_len=2304}, {iov_base="", iov_len=0}], 3 <unfinished ...>
31204 write(15</tmp/hsperfdata_j/31199>, "\0", 1 <unfinished ...>
31203 <... writev resumed>)             = 16940
31204 <... write resumed>)              = 1
31204 lseek(15</tmp/hsperfdata_j/31199>, 16384, SEEK_SET <unfinished ...>
31203 poll([{fd=6<UNIX-STREAM:[458838->453055]>, events=POLLIN|POLLOUT}], 1, -1 <unfinished ...>
31204 <... lseek resumed>)              = 16384
31204 write(15</tmp/hsperfdata_j/31199>, "\0", 1) = 1
31204 lseek(15</tmp/hsperfdata_j/31199>, 20480, SEEK_SET) = 20480
31204 write(15</tmp/hsperfdata_j/31199>, "\0", 1) = 1
31204 lseek(15</tmp/hsperfdata_j/31199>, 24576, SEEK_SET) = 24576
31204 write(15</tmp/hsperfdata_j/31199>, "\0", 1) = 1
31204 lseek(15</tmp/hsperfdata_j/31199>, 28672, SEEK_SET) = 28672
31204 write(15</tmp/hsperfdata_j/31199>, "\0", 1) = 1
31204 mmap(NULL, 32768, PROT_READ|PROT_WRITE, MAP_SHARED, 15</tmp/hsperfdata_j/31199>, 0) = 0x7fc7adc1d000
31204 close(15</tmp/hsperfdata_j/31199>) = 0
31204 sched_getaffinity(31204, 32, [0, 1, 2, 3, 4, 5, 6, 7]) = 8
31204 sched_getaffinity(31204, 32, [0, 1, 2, 3, 4, 5, 6, 7]) = 8
31204 gettid()                          = 31204
31204 rt_sigprocmask(SIG_BLOCK, NULL, [], 8) = 0
31204 rt_sigprocmask(SIG_UNBLOCK, [HUP INT ILL BUS FPE SEGV USR2 TERM], NULL, 8) = 0
31204 rt_sigprocmask(SIG_BLOCK, [QUIT], NULL, 8) = 0
31204 mmap(0x7fc7ac4eb000, 16384, PROT_READ|PROT_WRITE, MAP_PRIVATE|MAP_FIXED|MAP_ANONYMOUS, -1, 0) = 0x7fc7ac4eb000
31204 mprotect(0x7fc7ac4eb000, 16384, PROT_NONE) = 0
31204 mprotect(0x7fc79c021000, 4096, PROT_READ|PROT_WRITE) = 0
31204 mprotect(0x7fc79c022000, 4096, PROT_READ|PROT_WRITE) = 0
31204 mprotect(0x7fc79c023000, 4096, PROT_READ|PROT_WRITE) = 0
31204 newfstatat(AT_FDCWD</home/j/robotics/braccio_robot_arm/python/inverse_kin>, "/usr/lib/jvm/java-11-openjdk-amd64/lib/libzip.so", {st_mode=S_IFREG|0644, st_size=38968, ...}, 0) = 0
31204 openat(AT_FDCWD</home/j/robotics/braccio_robot_arm/python/inverse_kin>, "/usr/lib/jvm/java-11-openjdk-amd64/lib/libzip.so", O_RDONLY) = 8</usr/lib/jvm/java-11-openjdk-amd64/lib/libzip.so>
31204 newfstatat(8</usr/lib/jvm/java-11-openjdk-amd64/lib/libzip.so>, "", {st_mode=S_IFREG|0644, st_size=38968, ...}, AT_EMPTY_PATH) = 0
31204 mprotect(0x7fc79c024000, 4096, PROT_READ|PROT_WRITE) = 0
31204 read(8</usr/lib/jvm/java-11-openjdk-amd64/lib/libzip.so>, "\177ELF\2\1\1\0\0\0\0\0\0\0\0\0\3\0>\0\1\0\0\0\0\0\0\0\0\0\0\0"..., 4096) = 4096
31204 lseek(8</usr/lib/jvm/java-11-openjdk-amd64/lib/libzip.so>, 0, SEEK_SET) = 0
31204 read(8</usr/lib/jvm/java-11-openjdk-amd64/lib/libzip.so>, "\177ELF\2\1\1\0\0\0\0\0\0\0\0\0\3\0>\0\1\0\0\0\0\0\0\0\0\0\0\0"..., 4096) = 4096
31204 close(8</usr/lib/jvm/java-11-openjdk-amd64/lib/libzip.so>) = 0
31204 openat(AT_FDCWD</home/j/robotics/braccio_robot_arm/python/inverse_kin>, "/usr/lib/jvm/java-11-openjdk-amd64/lib/libzip.so", O_RDONLY|O_CLOEXEC) = 8</usr/lib/jvm/java-11-openjdk-amd64/lib/libzip.so>
31204 read(8</usr/lib/jvm/java-11-openjdk-amd64/lib/libzip.so>, "\177ELF\2\1\1\0\0\0\0\0\0\0\0\0\3\0>\0\1\0\0\0\0\0\0\0\0\0\0\0"..., 832) = 832
31204 newfstatat(8</usr/lib/jvm/java-11-openjdk-amd64/lib/libzip.so>, "", {st_mode=S_IFREG|0644, st_size=38968, ...}, AT_EMPTY_PATH) = 0
31204 mmap(NULL, 41024, PROT_READ, MAP_PRIVATE|MAP_DENYWRITE, 8</usr/lib/jvm/java-11-openjdk-amd64/lib/libzip.so>, 0) = 0x7fc7adc12000
31204 mmap(0x7fc7adc14000, 20480, PROT_READ|PROT_EXEC, MAP_PRIVATE|MAP_FIXED|MAP_DENYWRITE, 8</usr/lib/jvm/java-11-openjdk-amd64/lib/libzip.so>, 0x2000) = 0x7fc7adc14000
31204 mmap(0x7fc7adc19000, 8192, PROT_READ, MAP_PRIVATE|MAP_FIXED|MAP_DENYWRITE, 8</usr/lib/jvm/java-11-openjdk-amd64/lib/libzip.so>, 0x7000) = 0x7fc7adc19000
31204 mmap(0x7fc7adc1b000, 8192, PROT_READ|PROT_WRITE, MAP_PRIVATE|MAP_FIXED|MAP_DENYWRITE, 8</usr/lib/jvm/java-11-openjdk-amd64/lib/libzip.so>, 0x8000) = 0x7fc7adc1b000
31204 close(8</usr/lib/jvm/java-11-openjdk-amd64/lib/libzip.so>) = 0
31204 mprotect(0x7fc7adc1b000, 4096, PROT_READ) = 0
31204 newfstatat(AT_FDCWD</home/j/robotics/braccio_robot_arm/python/inverse_kin>, "/usr/lib/jvm/java-11-openjdk-amd64/lib/modules", {st_mode=S_IFREG|0644, st_size=142535631, ...}, 0) = 0
31203 <... poll resumed>)               = 1 ([{fd=6, revents=POLLOUT}])
31204 readlink("/usr",  <unfinished ...>
31203 writev(6<UNIX-STREAM:[458838->453055]>, [{iov_base="< \2\0o\0`\2\213\4\5\0p\0`\2n\0`\2%\0\0\0\0\0\0\0006\0\2\0"..., iov_len=14636}, {iov_base="\0\0\0\0\0\0\0\0\0\0\0\0\0\0\0\0\0\0\0\0\0\0\0\0\0\0\0\0\0\0\0\0"..., iov_len=2304}, {iov_base="", iov_len=0}], 3 <unfinished ...>
31204 <... readlink resumed>0x7fc7ac5e7f50, 1023) = -1 EINVAL (Invalid argument)
31203 <... writev resumed>)             = 16940
31204 readlink("/usr/lib",  <unfinished ...>
31203 poll([{fd=6<UNIX-STREAM:[458838->453055]>, events=POLLIN|POLLOUT}], 1, -1 <unfinished ...>
31204 <... readlink resumed>0x7fc7ac5e7f50, 1023) = -1 EINVAL (Invalid argument)
31204 readlink("/usr/lib/jvm", 0x7fc7ac5e7f50, 1023) = -1 EINVAL (Invalid argument)
31204 readlink("/usr/lib/jvm/java-11-openjdk-amd64", 0x7fc7ac5e7f50, 1023) = -1 EINVAL (Invalid argument)
31204 readlink("/usr/lib/jvm/java-11-openjdk-amd64/lib", 0x7fc7ac5e7f50, 1023) = -1 EINVAL (Invalid argument)
31204 readlink("/usr/lib/jvm/java-11-openjdk-amd64/lib/modules", 0x7fc7ac5e7f50, 1023) = -1 EINVAL (Invalid argument)
31204 newfstatat(AT_FDCWD</home/j/robotics/braccio_robot_arm/python/inverse_kin>, "/usr/share/java/java-atk-wrapper.jar", {st_mode=S_IFREG|0644, st_size=53806, ...}, 0) = 0
31204 readlink("/usr", 0x7fc7ac5e7e70, 1023) = -1 EINVAL (Invalid argument)
31204 readlink("/usr/share", 0x7fc7ac5e7e70, 1023) = -1 EINVAL (Invalid argument)
31204 readlink("/usr/share/java", 0x7fc7ac5e7e70, 1023) = -1 EINVAL (Invalid argument)
31204 readlink("/usr/share/java/java-atk-wrapper.jar", 0x7fc7ac5e7e70, 1023) = -1 EINVAL (Invalid argument)
31204 openat(AT_FDCWD</home/j/robotics/braccio_robot_arm/python/inverse_kin>, "/usr/share/java/java-atk-wrapper.jar", O_RDONLY) = 8</usr/share/java/java-atk-wrapper.jar>
31204 newfstatat(AT_FDCWD</home/j/robotics/braccio_robot_arm/python/inverse_kin>, "/usr/share/java/java-atk-wrapper.jar", {st_mode=S_IFREG|0644, st_size=53806, ...}, 0) = 0
31204 pread64(8</usr/share/java/java-atk-wrapper.jar>, "PK\3\4\24\0\0\10\0\0007`xT\0\0\0\0\0\0\0\0\0\0\0\0\t\0", 28, 0) = 28
31204 close(8</usr/share/java/java-atk-wrapper.jar>) = 0
31204 openat(AT_FDCWD</home/j/robotics/braccio_robot_arm/python/inverse_kin>, "/usr/share/java/java-atk-wrapper.jar", O_RDONLY) = 8</usr/share/java/java-atk-wrapper.jar>
31204 read(8</usr/share/java/java-atk-wrapper.jar>, "PK\3\4", 4) = 4
31204 lseek(8</usr/share/java/java-atk-wrapper.jar>, 0, SEEK_END) = 53806
31204 lseek(8</usr/share/java/java-atk-wrapper.jar>, 53678, SEEK_SET) = 53678
31204 read(8</usr/share/java/java-atk-wrapper.jar>, "MEKeyInfo.classPK\1\2\24\0\24\0\10\10\10\0007`xTM"..., 128) = 128
31204 mmap(NULL, 4654, PROT_READ, MAP_SHARED, 8</usr/share/java/java-atk-wrapper.jar>, 0xc000) = 0x7fc7adc10000
31204 mmap(NULL, 251658240, PROT_NONE, MAP_PRIVATE|MAP_ANONYMOUS|MAP_NORESERVE, -1, 0) = 0x7fc780811000
31204 mmap(0x7fc780811000, 2555904, PROT_READ|PROT_WRITE|PROT_EXEC, MAP_PRIVATE|MAP_FIXED|MAP_ANONYMOUS, -1, 0) = 0x7fc780811000
31204 mmap(NULL, 49152, PROT_NONE, MAP_PRIVATE|MAP_ANONYMOUS|MAP_NORESERVE, -1, 0) = 0x7fc7adc04000
31204 mmap(0x7fc7adc04000, 20480, PROT_READ|PROT_WRITE, MAP_PRIVATE|MAP_FIXED|MAP_ANONYMOUS, -1, 0) = 0x7fc7adc04000
31204 mmap(0x7fc780da2000, 2555904, PROT_READ|PROT_WRITE|PROT_EXEC, MAP_PRIVATE|MAP_FIXED|MAP_ANONYMOUS, -1, 0) = 0x7fc780da2000
31204 mmap(NULL, 962560, PROT_NONE, MAP_PRIVATE|MAP_ANONYMOUS|MAP_NORESERVE, -1, 0) = 0x7fc7ac400000
31204 mmap(0x7fc7ac400000, 20480, PROT_READ|PROT_WRITE, MAP_PRIVATE|MAP_FIXED|MAP_ANONYMOUS, -1, 0) = 0x7fc7ac400000
31204 mmap(0x7fc7882d9000, 2555904, PROT_READ|PROT_WRITE|PROT_EXEC, MAP_PRIVATE|MAP_FIXED|MAP_ANONYMOUS, -1, 0) = 0x7fc7882d9000
31204 mmap(NULL, 962560, PROT_NONE, MAP_PRIVATE|MAP_ANONYMOUS|MAP_NORESERVE, -1, 0) = 0x7fc7ac315000
31204 mmap(0x7fc7ac315000, 20480, PROT_READ|PROT_WRITE, MAP_PRIVATE|MAP_FIXED|MAP_ANONYMOUS, -1, 0) = 0x7fc7ac315000
31203 <... poll resumed>)               = 1 ([{fd=6, revents=POLLOUT}])
31203 writev(6<UNIX-STREAM:[458838->453055]>, [{iov_base="< \2\0\213\0`\2\213\4\5\0\214\0`\2\212\0`\2%\0\0\0\0\0\0\0006\0\2\0"..., iov_len=14636}, {iov_base="\0\0\0\0\0\0\0\0\0\0\0\0\0\0\0\0\0\0\0\0\0\0\0\0\0\0\0\0\0\0\0\0"..., iov_len=2304}, {iov_base="", iov_len=0}], 3) = 16940
31203 poll([{fd=6<UNIX-STREAM:[458838->453055]>, events=POLLIN|POLLOUT}], 1, -1 <unfinished ...>
31204 --- SIGSEGV {si_signo=SIGSEGV, si_code=SEGV_MAPERR, si_addr=NULL} ---
31204 rt_sigreturn({mask=[QUIT]})       = 0
31204 openat(AT_FDCWD</home/j/robotics/braccio_robot_arm/python/inverse_kin>, "/proc/cpuinfo", O_RDONLY|O_CLOEXEC <unfinished ...>
31203 <... poll resumed>)               = 1 ([{fd=6, revents=POLLOUT}])
31203 writev(6<UNIX-STREAM:[458838->453055]>, [{iov_base="< \2\0\247\0`\2\213\4\5\0\250\0`\2\246\0`\2%\0\0\0\0\0\0\0006\0\2\0"..., iov_len=14636}, {iov_base="\0\0\0\0\0\0\0\0\0\0\0\0\0\0\0\0\0\0\0\0\0\0\0\0\0\0\0\0\0\0\0\0"..., iov_len=2304}, {iov_base="", iov_len=0}], 3) = 16940
31203 poll([{fd=6<UNIX-STREAM:[458838->453055]>, events=POLLIN|POLLOUT}], 1, -1) = 1 ([{fd=6, revents=POLLOUT}])
31203 writev(6<UNIX-STREAM:[458838->453055]>, [{iov_base="< \2\0\303\0`\2\213\4\5\0\304\0`\2\302\0`\2%\0\0\0\0\0\0\0006\0\2\0"..., iov_len=14636}, {iov_base="\0\0\0\0\0\0\0\0\0\0\0\0\0\0\0\0\0\0\0\0\0\0\0\0\0\0\0\0\0\0\0\0"..., iov_len=2304}, {iov_base="", iov_len=0}], 3) = 16940
31203 poll([{fd=6<UNIX-STREAM:[458838->453055]>, events=POLLIN|POLLOUT}], 1, -1) = 1 ([{fd=6, revents=POLLOUT}])
31203 writev(6<UNIX-STREAM:[458838->453055]>, [{iov_base="< \2\0\337\0`\2\213\4\5\0\340\0`\2\336\0`\2%\0\0\0\0\0\0\0006\0\2\0"..., iov_len=10716}, {iov_base="XFIXES", iov_len=6}, {iov_base="\0\0", iov_len=2}], 3) = 10724
31203 poll([{fd=6<UNIX-STREAM:[458838->453055]>, events=POLLIN}], 1, -1) = 1 ([{fd=6, revents=POLLIN}])
31203 recvmsg(6<UNIX-STREAM:[458838->453055]>, {msg_name=NULL, msg_namelen=0, msg_iov=[{iov_base="\1\0,\2\0\0\0\0\1\212W\214\0\0\0\0\0\0\0\0\0\0\0\0\0\0\0\0\0\0\0\0", iov_len=4096}], msg_iovlen=1, msg_controllen=0, msg_flags=0}, 0) = 32
31203 recvmsg(6<UNIX-STREAM:[458838->453055]>, {msg_namelen=0}, 0) = -1 EAGAIN (Resource temporarily unavailable)
31203 recvmsg(6<UNIX-STREAM:[458838->453055]>, {msg_namelen=0}, 0) = -1 EAGAIN (Resource temporarily unavailable)
31203 poll([{fd=6<UNIX-STREAM:[458838->453055]>, events=POLLIN|POLLOUT}], 1, -1) = 1 ([{fd=6, revents=POLLOUT}])
31203 writev(6<UNIX-STREAM:[458838->453055]>, [{iov_base="\212\0\3\0\6\0\0\0\0\0\0\0", iov_len=12}, {iov_base=NULL, iov_len=0}, {iov_base="", iov_len=0}], 3) = 12
31203 poll([{fd=6<UNIX-STREAM:[458838->453055]>, events=POLLIN}], 1, -1) = 1 ([{fd=6, revents=POLLIN}])
31203 recvmsg(6<UNIX-STREAM:[458838->453055]>, {msg_name=NULL, msg_namelen=0, msg_iov=[{iov_base="\1\0-\2\0\0\0\0\6\0\0\0\0\0\0\0\0\0\0\0\0\0\0\0\0\0\0\0\0\0\0\0", iov_len=4096}], msg_iovlen=1, msg_controllen=0, msg_flags=0}, 0) = 32
31203 recvmsg(6<UNIX-STREAM:[458838->453055]>, {msg_namelen=0}, 0) = -1 EAGAIN (Resource temporarily unavailable)
31203 recvmsg(6<UNIX-STREAM:[458838->453055]>, {msg_namelen=0}, 0) = -1 EAGAIN (Resource temporarily unavailable)
31203 poll([{fd=6<UNIX-STREAM:[458838->453055]>, events=POLLIN|POLLOUT}], 1, -1) = 1 ([{fd=6, revents=POLLOUT}])
31203 writev(6<UNIX-STREAM:[458838->453055]>, [{iov_base="\212\27\5\0\362\0`\2\5\0\0\0watch\0`\2\20\1\7\0\24\0\0\0XINE"..., iov_len=48}, {iov_base=NULL, iov_len=0}, {iov_base="", iov_len=0}], 3) = 48
31203 poll([{fd=6<UNIX-STREAM:[458838->453055]>, events=POLLIN}], 1, -1) = 1 ([{fd=6, revents=POLLIN}])
31203 recvmsg(6<UNIX-STREAM:[458838->453055]>, {msg_name=NULL, msg_namelen=0, msg_iov=[{iov_base="\1\0/\2\0\0\0\0\0\0\0\0\0\0\0\0\0\0\0\0\0\0\0\0\0\0\0\0\0\0\0\0", iov_len=4096}], msg_iovlen=1, msg_controllen=0, msg_flags=0}, 0) = 32
31203 recvmsg(6<UNIX-STREAM:[458838->453055]>, {msg_namelen=0}, 0) = -1 EAGAIN (Resource temporarily unavailable)
31203 recvmsg(6<UNIX-STREAM:[458838->453055]>, {msg_namelen=0}, 0) = -1 EAGAIN (Resource temporarily unavailable)
31203 poll([{fd=6<UNIX-STREAM:[458838->453055]>, events=POLLIN|POLLOUT}], 1, -1) = 1 ([{fd=6, revents=POLLOUT}])
31203 writev(6<UNIX-STREAM:[458838->453055]>, [{iov_base="\1\0\r\0\363\0`\2\303\7\0\0\322\2w\1\333\1J\1\0\0\1\0\0\0\0\0@l\0\0"..., iov_len=228}, {iov_base=NULL, iov_len=0}, {iov_base="", iov_len=0}], 3) = 228
31203 poll([{fd=6<UNIX-STREAM:[458838->453055]>, events=POLLIN}], 1, -1) = 1 ([{fd=6, revents=POLLIN}])
31203 recvmsg(6<UNIX-STREAM:[458838->453055]>, {msg_name=NULL, msg_namelen=0, msg_iov=[{iov_base="\1\0003\2\0\0\0\0n\1\0\0\0\0\0\0\0\0\0\0\0\0\0\0\0\0\0\0\0\0\0\0", iov_len=4096}], msg_iovlen=1, msg_controllen=0, msg_flags=0}, 0) = 32
31203 recvmsg(6<UNIX-STREAM:[458838->453055]>, {msg_namelen=0}, 0) = -1 EAGAIN (Resource temporarily unavailable)
31203 recvmsg(6<UNIX-STREAM:[458838->453055]>, {msg_namelen=0}, 0) = -1 EAGAIN (Resource temporarily unavailable)
31203 poll([{fd=6<UNIX-STREAM:[458838->453055]>, events=POLLIN|POLLOUT}], 1, -1) = 1 ([{fd=6, revents=POLLOUT}])
31203 writev(6<UNIX-STREAM:[458838->453055]>, [{iov_base="\20\1\6\0\r\0`\2WM_TAKE_FOCUS\0\1\0", iov_len=24}, {iov_base=NULL, iov_len=0}, {iov_base="", iov_len=0}], 3) = 24
31203 poll([{fd=6<UNIX-STREAM:[458838->453055]>, events=POLLIN}], 1, -1) = 1 ([{fd=6, revents=POLLIN}])
31203 recvmsg(6<UNIX-STREAM:[458838->453055]>, {msg_name=NULL, msg_namelen=0, msg_iov=[{iov_base="\1\0004\2\0\0\0\0o\1\0\0\0\0\0\0\0\0\0\0\0\0\0\0\0\0\0\0\0\0\0\0", iov_len=4096}], msg_iovlen=1, msg_controllen=0, msg_flags=0}, 0) = 32
31203 recvmsg(6<UNIX-STREAM:[458838->453055]>, {msg_namelen=0}, 0) = -1 EAGAIN (Resource temporarily unavailable)
31203 recvmsg(6<UNIX-STREAM:[458838->453055]>, {msg_namelen=0}, 0) = -1 EAGAIN (Resource temporarily unavailable)
31203 poll([{fd=6<UNIX-STREAM:[458838->453055]>, events=POLLIN|POLLOUT}], 1, -1) = 1 ([{fd=6, revents=POLLOUT}])
31203 writev(6<UNIX-STREAM:[458838->453055]>, [{iov_base="\20\1\6\0\20\0`\2WM_DELETE_WINDOW", iov_len=24}, {iov_base=NULL, iov_len=0}, {iov_base="", iov_len=0}], 3) = 24
31203 poll([{fd=6<UNIX-STREAM:[458838->453055]>, events=POLLIN}], 1, -1) = 1 ([{fd=6, revents=POLLIN}])
31203 recvmsg(6<UNIX-STREAM:[458838->453055]>, {msg_name=NULL, msg_namelen=0, msg_iov=[{iov_base="\1\0005\2\0\0\0\0l\1\0\0\0\0\0\0\0\0\0\0\0\0\0\0\0\0\0\0\0\0\0\0", iov_len=4096}], msg_iovlen=1, msg_controllen=0, msg_flags=0}, 0) = 32
31203 recvmsg(6<UNIX-STREAM:[458838->453055]>, {msg_namelen=0}, 0) = -1 EAGAIN (Resource temporarily unavailable)
31203 recvmsg(6<UNIX-STREAM:[458838->453055]>, {msg_namelen=0}, 0) = -1 EAGAIN (Resource temporarily unavailable)
31203 poll([{fd=6<UNIX-STREAM:[458838->453055]>, events=POLLIN|POLLOUT}], 1, -1) = 1 ([{fd=6, revents=POLLOUT}])
31203 writev(6<UNIX-STREAM:[458838->453055]>, [{iov_base="\22\0\10\0\363\0`\2n\1\0\0\4\0\0\0 _WI\2\0\0\0o\1\0\0l\1\0\0"..., iov_len=56}, {iov_base=NULL, iov_len=0}, {iov_base="", iov_len=0}], 3) = 56
31203 poll([{fd=6<UNIX-STREAM:[458838->453055]>, events=POLLIN}], 1, -1) = 1 ([{fd=6, revents=POLLIN}])
31203 recvmsg(6<UNIX-STREAM:[458838->453055]>, {msg_name=NULL, msg_namelen=0, msg_iov=[{iov_base="\1\0007\2\0\0\0\0\265\1\0\0\0\0\0\0\0\0\0\0\0\0\0\0\0\0\0\0\0\0\0\0", iov_len=4096}], msg_iovlen=1, msg_controllen=0, msg_flags=0}, 0) = 32
31203 recvmsg(6<UNIX-STREAM:[458838->453055]>, {msg_namelen=0}, 0) = -1 EAGAIN (Resource temporarily unavailable)
31203 recvmsg(6<UNIX-STREAM:[458838->453055]>, {msg_namelen=0}, 0) = -1 EAGAIN (Resource temporarily unavailable)
31203 poll([{fd=6<UNIX-STREAM:[458838->453055]>, events=POLLIN|POLLOUT}], 1, -1) = 1 ([{fd=6, revents=POLLOUT}])
31203 writev(6<UNIX-STREAM:[458838->453055]>, [{iov_base="\22\0\v\0\363\0`\2\265\1\0\0\265\1\0\0 _WI\5\0\0\0\3\0\0\0\0\0\0\0"..., iov_len=68}, {iov_base=NULL, iov_len=0}, {iov_base="", iov_len=0}], 3) = 68
31203 poll([{fd=6<UNIX-STREAM:[458838->453055]>, events=POLLIN}], 1, -1) = 1 ([{fd=6, revents=POLLIN}])
31203 recvmsg(6<UNIX-STREAM:[458838->453055]>, {msg_name=NULL, msg_namelen=0, msg_iov=[{iov_base="\1\09\2\0\0\0\0\0\0\0\0\0\0\0\0\0\0\0\0\0\0\0\0\0\0\0\0\0\0\0\0", iov_len=4096}], msg_iovlen=1, msg_controllen=0, msg_flags=0}, 0) = 32
31203 recvmsg(6<UNIX-STREAM:[458838->453055]>, {msg_namelen=0}, 0) = -1 EAGAIN (Resource temporarily unavailable)
31203 recvmsg(6<UNIX-STREAM:[458838->453055]>, {msg_namelen=0}, 0) = -1 EAGAIN (Resource temporarily unavailable)
31203 poll([{fd=6<UNIX-STREAM:[458838->453055]>, events=POLLIN|POLLOUT}], 1, -1) = 1 ([{fd=6, revents=POLLOUT}])
31203 writev(6<UNIX-STREAM:[458838->453055]>, [{iov_base="\20\1\6\0\r\0`\2_NET_WM_STATE\0\0\0", iov_len=24}, {iov_base=NULL, iov_len=0}, {iov_base="", iov_len=0}], 3) = 24
31203 poll([{fd=6<UNIX-STREAM:[458838->453055]>, events=POLLIN}], 1, -1) = 1 ([{fd=6, revents=POLLIN}])
31203 recvmsg(6<UNIX-STREAM:[458838->453055]>, {msg_name=NULL, msg_namelen=0, msg_iov=[{iov_base="\1\0:\2\0\0\0\0|\1\0\0\0\0\0\0\0\0\0\0\0\0\0\0\0\0\0\0\0\0\0\0", iov_len=4096}], msg_iovlen=1, msg_controllen=0, msg_flags=0}, 0) = 32
31203 recvmsg(6<UNIX-STREAM:[458838->453055]>, {msg_namelen=0}, 0) = -1 EAGAIN (Resource temporarily unavailable)
31203 recvmsg(6<UNIX-STREAM:[458838->453055]>, {msg_namelen=0}, 0) = -1 EAGAIN (Resource temporarily unavailable)
31203 poll([{fd=6<UNIX-STREAM:[458838->453055]>, events=POLLIN|POLLOUT}], 1, -1) = 1 ([{fd=6, revents=POLLOUT}])
31203 writev(6<UNIX-STREAM:[458838->453055]>, [{iov_base="\20\1\t\0\32\0`\2_NET_WM_STATE_SKIP_TASKB"..., iov_len=36}, {iov_base=NULL, iov_len=0}, {iov_base="", iov_len=0}], 3) = 36
31203 poll([{fd=6<UNIX-STREAM:[458838->453055]>, events=POLLIN}], 1, -1) = 1 ([{fd=6, revents=POLLIN}])
31203 recvmsg(6<UNIX-STREAM:[458838->453055]>, {msg_name=NULL, msg_namelen=0, msg_iov=[{iov_base="\1\0;\2\0\0\0\0\204\1\0\0\0\0\0\0\0\0\0\0\0\0\0\0\0\0\0\0\0\0\0\0", iov_len=4096}], msg_iovlen=1, msg_controllen=0, msg_flags=0}, 0) = 32
31203 recvmsg(6<UNIX-STREAM:[458838->453055]>, {msg_namelen=0}, 0) = -1 EAGAIN (Resource temporarily unavailable)
31203 recvmsg(6<UNIX-STREAM:[458838->453055]>, {msg_namelen=0}, 0) = -1 EAGAIN (Resource temporarily unavailable)
31203 poll([{fd=6<UNIX-STREAM:[458838->453055]>, events=POLLIN|POLLOUT}], 1, -1) = 1 ([{fd=6, revents=POLLOUT}])
31203 writev(6<UNIX-STREAM:[458838->453055]>, [{iov_base="\20\1\10\0\30\0`\2_NET_WM_STATE_SKIP_PAGER", iov_len=32}, {iov_base=NULL, iov_len=0}, {iov_base="", iov_len=0}], 3) = 32
31203 poll([{fd=6<UNIX-STREAM:[458838->453055]>, events=POLLIN}], 1, -1) = 1 ([{fd=6, revents=POLLIN}])
31203 recvmsg(6<UNIX-STREAM:[458838->453055]>, {msg_name=NULL, msg_namelen=0, msg_iov=[{iov_base="\1\0<\2\0\0\0\0\205\1\0\0\0\0\0\0\0\0\0\0\0\0\0\0\0\0\0\0\0\0\0\0", iov_len=4096}], msg_iovlen=1, msg_controllen=0, msg_flags=0}, 0) = 32
31203 recvmsg(6<UNIX-STREAM:[458838->453055]>, {msg_namelen=0}, 0) = -1 EAGAIN (Resource temporarily unavailable)
31203 recvmsg(6<UNIX-STREAM:[458838->453055]>, {msg_namelen=0}, 0) = -1 EAGAIN (Resource temporarily unavailable)
31203 poll([{fd=6<UNIX-STREAM:[458838->453055]>, events=POLLIN|POLLOUT}], 1, -1) = 1 ([{fd=6, revents=POLLOUT}])
31203 writev(6<UNIX-STREAM:[458838->453055]>, [{iov_base="\22\0\10\0\363\0`\2|\1\0\0\4\0\0\0 TAT\2\0\0\0\204\1\0\0\205\1\0\0"..., iov_len=64}, {iov_base=NULL, iov_len=0}, {iov_base="", iov_len=0}], 3) = 64
31203 poll([{fd=6<UNIX-STREAM:[458838->453055]>, events=POLLIN}], 1, -1) = 1 ([{fd=6, revents=POLLIN}])
31203 recvmsg(6<UNIX-STREAM:[458838->453055]>, {msg_name=NULL, msg_namelen=0, msg_iov=[{iov_base="\1\0>\2\0\0\0\0\351\1\0\0\0\0\0\0\0\0\0\0\0\0\0\0\0\0\0\0\0\0\0\0", iov_len=4096}], msg_iovlen=1, msg_controllen=0, msg_flags=0}, 0) = 32
31203 recvmsg(6<UNIX-STREAM:[458838->453055]>, {msg_namelen=0}, 0) = -1 EAGAIN (Resource temporarily unavailable)
