31201 <... futex resumed>)              = 0
31202 poll([{fd=9<anon_inode:[eventfd]>, events=POLLIN}], 1, 0) = 0 (Timeout)
31201 write(9<anon_inode:[eventfd]>, "\1\0\0\0\0\0\0\0", 8 <unfinished ...>
31202 futex(0x7fc7a0014ca0, FUTEX_WAIT_PRIVATE, 2, NULL <unfinished ...>
31201 <... write resumed>)              = 8
31201 futex(0x7fc7a0014ca0, FUTEX_WAKE_PRIVATE, 1 <unfinished ...>
31202 <... futex resumed>)              = 0
31201 <... futex resumed>)              = 1
31202 futex(0x7fc7a0014ca0, FUTEX_WAKE_PRIVATE, 1 <unfinished ...>
31201 poll([{fd=5<anon_inode:[eventfd]>, events=POLLIN}], 1, 25000 <unfinished ...>
31202 <... futex resumed>)              = 0
31202 poll([{fd=7<UNIX-STREAM:[458839->461178]>, events=POLLIN}], 1, 0) = 0 (Timeout)
31202 write(9<anon_inode:[eventfd]>, "\1\0\0\0\0\0\0\0", 8) = 8
31202 sendmsg(7<UNIX-STREAM:[458839->461178]>, {msg_name=NULL, msg_namelen=0, msg_iov=[{iov_base="l\1\0\1\200\0\0\0\2\0\0\0y\0\0\0\1\1o\0\25\0\0\0/org/fre"..., iov_len=272}], msg_iovlen=1, msg_controllen=0, msg_flags=0}, MSG_NOSIGNAL) = 272
31202 poll([{fd=7<UNIX-STREAM:[458839->461178]>, events=POLLIN}, {fd=9<anon_inode:[eventfd]>, events=POLLIN}], 2, 0) = 1 ([{fd=9, revents=POLLIN}])
31202 read(9<anon_inode:[eventfd]>, "\2\0\0\0\0\0\0\0", 16) = 8
31202 poll([{fd=7<UNIX-STREAM:[458839->461178]>, events=POLLIN}, {fd=9<anon_inode:[eventfd]>, events=POLLIN}], 2, -1) = 1 ([{fd=7, revents=POLLIN}])
31202 write(9<anon_inode:[eventfd]>, "\1\0\0\0\0\0\0\0", 8) = 8
31202 recvmsg(7<UNIX-STREAM:[458839->461178]>, {msg_name=NULL, msg_namelen=0, msg_iov=[{iov_base="l\2\1\1\0\0\0\0\3\0\0\0005\0\0\0", iov_len=16}], msg_iovlen=1, msg_controllen=0, msg_flags=MSG_CMSG_CLOEXEC}, MSG_CMSG_CLOEXEC) = 16
31202 poll([{fd=7<UNIX-STREAM:[458839->461178]>, events=POLLIN}], 1, 0) = 1 ([{fd=7, revents=POLLIN}])
31202 recvmsg(7<UNIX-STREAM:[458839->461178]>, {msg_name=NULL, msg_namelen=0, msg_iov=[{iov_base="\6\1s\0\6\0\0\0:1.129\0\0\5\1u\0\2\0\0\0\7\1s\0\24\0\0\0"..., iov_len=56}], msg_iovlen=1, msg_controllen=0, msg_flags=MSG_CMSG_CLOEXEC}, MSG_CMSG_CLOEXEC) = 56
31202 write(9<anon_inode:[eventfd]>, "\1\0\0\0\0\0\0\0", 8) = 8
31202 write(9<anon_inode:[eventfd]>, "\1\0\0\0\0\0\0\0", 8) = 8
31202 poll([{fd=9<anon_inode:[eventfd]>, events=POLLIN}], 1, 0) = 1 ([{fd=9, revents=POLLIN}])
31202 read(9<anon_inode:[eventfd]>, "\3\0\0\0\0\0\0\0", 16) = 8
31202 write(5<anon_inode:[eventfd]>, "\1\0\0\0\0\0\0\0", 8) = 8
31201 <... poll resumed>)               = 1 ([{fd=5, revents=POLLIN}])
31202 poll([{fd=7<UNIX-STREAM:[458839->461178]>, events=POLLIN}], 1, 0 <unfinished ...>
31201 read(5<anon_inode:[eventfd]>,  <unfinished ...>
31202 <... poll resumed>)               = 0 (Timeout)
31201 <... read resumed>"\1\0\0\0\0\0\0\0", 16) = 8
31202 write(9<anon_inode:[eventfd]>, "\1\0\0\0\0\0\0\0", 8) = 8
31201 poll([{fd=5<anon_inode:[eventfd]>, events=POLLIN}], 1, -1 <unfinished ...>
31202 poll([{fd=7<UNIX-STREAM:[458839->461178]>, events=POLLIN}, {fd=9<anon_inode:[eventfd]>, events=POLLIN}], 2, -1) = 1 ([{fd=9, revents=POLLIN}])
31202 read(9<anon_inode:[eventfd]>, "\1\0\0\0\0\0\0\0", 16) = 8
31202 poll([{fd=7<UNIX-STREAM:[458839->461178]>, events=POLLIN}, {fd=9<anon_inode:[eventfd]>, events=POLLIN}], 2, -1 <unfinished ...>
31199 mmap(NULL, 630784, PROT_READ|PROT_WRITE, MAP_PRIVATE|MAP_ANONYMOUS, -1, 0) = 0x7fc7ad2c5000
31199 munmap(0x7fc7ad2c5000, 630784)    = 0
31199 munmap(0x7fc7adbfa000, 630784)    = 0
31199 close(8</usr/share/arduino/lib/splash.png>) = 0
31199 mmap(NULL, 8392704, PROT_NONE, MAP_PRIVATE|MAP_ANONYMOUS|MAP_STACK, -1, 0) = 0x7fc7acb5e000
31199 mprotect(0x7fc7acb5f000, 8388608, PROT_READ|PROT_WRITE) = 0
31199 rt_sigprocmask(SIG_BLOCK, ~[], [], 8) = 0
31199 clone3({flags=CLONE_VM|CLONE_FS|CLONE_FILES|CLONE_SIGHAND|CLONE_THREAD|CLONE_SYSVSEM|CLONE_SETTLS|CLONE_PARENT_SETTID|CLONE_CHILD_CLEARTID, child_tid=0x7fc7ad35e910, parent_tid=0x7fc7ad35e910, exit_signal=0, stack=0x7fc7acb5e000, stack_size=0x7fff00, tls=0x7fc7ad35e640} => {parent_tid=[31203]}, 88) = 31203
31203 rseq(0x7fc7ad35efe0, 0x20, 0, 0x53053053 <unfinished ...>
31199 rt_sigprocmask(SIG_SETMASK, [],  <unfinished ...>
31203 <... rseq resumed>)               = 0
31199 <... rt_sigprocmask resumed>NULL, 8) = 0
31203 set_robust_list(0x7fc7ad35e920, 24 <unfinished ...>
31199 openat(AT_FDCWD</home/j/robotics/braccio_robot_arm/python/inverse_kin>, "/usr/lib/locale/locale-archive", O_RDONLY|O_CLOEXEC <unfinished ...>
31203 <... set_robust_list resumed>)    = 0
31203 rt_sigprocmask(SIG_SETMASK, [],  <unfinished ...>
31199 <... openat resumed>)             = 8</usr/lib/locale/locale-archive>
31203 <... rt_sigprocmask resumed>NULL, 8) = 0
31199 newfstatat(8</usr/lib/locale/locale-archive>, "",  <unfinished ...>
31203 pipe2( <unfinished ...>
31199 <... newfstatat resumed>{st_mode=S_IFREG|0644, st_size=5712208, ...}, AT_EMPTY_PATH) = 0
31203 <... pipe2 resumed>[10<pipe:[461179]>, 11<pipe:[461179]>], 0) = 0
31199 mmap(NULL, 5712208, PROT_READ, MAP_PRIVATE, 8</usr/lib/locale/locale-archive>, 0 <unfinished ...>
31203 fcntl(10<pipe:[461179]>, F_GETFL <unfinished ...>
31199 <... mmap resumed>)               = 0x7fc7ac5eb000
31203 <... fcntl resumed>)              = 0 (flags O_RDONLY)
31199 close(8</usr/lib/locale/locale-archive> <unfinished ...>
31203 fcntl(10<pipe:[461179]>, F_SETFL, O_RDONLY|O_NONBLOCK <unfinished ...>
31199 <... close resumed>)              = 0
31203 <... fcntl resumed>)              = 0
31203 openat(AT_FDCWD</home/j/robotics/braccio_robot_arm/python/inverse_kin>, "/usr/lib/jni/x86_64-linux-gnu/libXcursor.so.1", O_RDONLY|O_CLOEXEC) = -1 ENOENT (No such file or directory)
31199 mmap(NULL, 1048576, PROT_READ|PROT_WRITE, MAP_PRIVATE|MAP_ANONYMOUS|MAP_STACK, -1, 0 <unfinished ...>
31203 openat(AT_FDCWD</home/j/robotics/braccio_robot_arm/python/inverse_kin>, "/usr/lib/x86_64-linux-gnu/libXcursor.so.1", O_RDONLY|O_CLOEXEC <unfinished ...>
31199 <... mmap resumed>)               = 0x7fc7ac4eb000
31203 <... openat resumed>)             = 8</usr/lib/x86_64-linux-gnu/libXcursor.so.1.0.2>
31199 futex(0x7fc7b0d2da98, FUTEX_WAIT_PRIVATE, 2, NULL <unfinished ...>
31203 read(8</usr/lib/x86_64-linux-gnu/libXcursor.so.1.0.2>, "\177ELF\2\1\1\0\0\0\0\0\0\0\0\0\3\0>\0\1\0\0\0\0\0\0\0\0\0\0\0"..., 832) = 832
31203 mmap(NULL, 134217728, PROT_NONE, MAP_PRIVATE|MAP_ANONYMOUS|MAP_NORESERVE, -1, 0) = 0x7fc798000000
31203 munmap(0x7fc79c000000, 67108864)  = 0
31203 mprotect(0x7fc798000000, 135168, PROT_READ|PROT_WRITE) = 0
31203 newfstatat(8</usr/lib/x86_64-linux-gnu/libXcursor.so.1.0.2>, "", {st_mode=S_IFREG|0644, st_size=43488, ...}, AT_EMPTY_PATH) = 0
31203 mmap(NULL, 45512, PROT_READ, MAP_PRIVATE|MAP_DENYWRITE, 8</usr/lib/x86_64-linux-gnu/libXcursor.so.1.0.2>, 0) = 0x7fc7adc88000
31203 mmap(0x7fc7adc8a000, 24576, PROT_READ|PROT_EXEC, MAP_PRIVATE|MAP_FIXED|MAP_DENYWRITE, 8</usr/lib/x86_64-linux-gnu/libXcursor.so.1.0.2>, 0x2000) = 0x7fc7adc8a000
31203 mmap(0x7fc7adc90000, 8192, PROT_READ, MAP_PRIVATE|MAP_FIXED|MAP_DENYWRITE, 8</usr/lib/x86_64-linux-gnu/libXcursor.so.1.0.2>, 0x8000) = 0x7fc7adc90000
31203 mmap(0x7fc7adc92000, 8192, PROT_READ|PROT_WRITE, MAP_PRIVATE|MAP_FIXED|MAP_DENYWRITE, 8</usr/lib/x86_64-linux-gnu/libXcursor.so.1.0.2>, 0x9000) = 0x7fc7adc92000
31203 close(8</usr/lib/x86_64-linux-gnu/libXcursor.so.1.0.2>) = 0
31203 openat(AT_FDCWD</home/j/robotics/braccio_robot_arm/python/inverse_kin>, "/usr/lib/jni/x86_64-linux-gnu/libXrender.so.1", O_RDONLY|O_CLOEXEC) = -1 ENOENT (No such file or directory)
31203 openat(AT_FDCWD</home/j/robotics/braccio_robot_arm/python/inverse_kin>, "/usr/lib/x86_64-linux-gnu/libXrender.so.1", O_RDONLY|O_CLOEXEC) = 8</usr/lib/x86_64-linux-gnu/libXrender.so.1.3.0>
31203 read(8</usr/lib/x86_64-linux-gnu/libXrender.so.1.3.0>, "\177ELF\2\1\1\0\0\0\0\0\0\0\0\0\3\0>\0\1\0\0\0\0\0\0\0\0\0\0\0"..., 832) = 832
31203 newfstatat(8</usr/lib/x86_64-linux-gnu/libXrender.so.1.3.0>, "", {st_mode=S_IFREG|0644, st_size=47728, ...}, AT_EMPTY_PATH) = 0
31203 mmap(NULL, 49776, PROT_READ, MAP_PRIVATE|MAP_DENYWRITE, 8</usr/lib/x86_64-linux-gnu/libXrender.so.1.3.0>, 0) = 0x7fc7adc7b000
31203 mmap(0x7fc7adc7d000, 28672, PROT_READ|PROT_EXEC, MAP_PRIVATE|MAP_FIXED|MAP_DENYWRITE, 8</usr/lib/x86_64-linux-gnu/libXrender.so.1.3.0>, 0x2000) = 0x7fc7adc7d000
31203 mmap(0x7fc7adc84000, 8192, PROT_READ, MAP_PRIVATE|MAP_FIXED|MAP_DENYWRITE, 8</usr/lib/x86_64-linux-gnu/libXrender.so.1.3.0>, 0x9000) = 0x7fc7adc84000
31203 mmap(0x7fc7adc86000, 8192, PROT_READ|PROT_WRITE, MAP_PRIVATE|MAP_FIXED|MAP_DENYWRITE, 8</usr/lib/x86_64-linux-gnu/libXrender.so.1.3.0>, 0xa000) = 0x7fc7adc86000
31203 close(8</usr/lib/x86_64-linux-gnu/libXrender.so.1.3.0>) = 0
31203 openat(AT_FDCWD</home/j/robotics/braccio_robot_arm/python/inverse_kin>, "/usr/lib/jni/x86_64-linux-gnu/libXfixes.so.3", O_RDONLY|O_CLOEXEC) = -1 ENOENT (No such file or directory)
31203 openat(AT_FDCWD</home/j/robotics/braccio_robot_arm/python/inverse_kin>, "/usr/lib/x86_64-linux-gnu/libXfixes.so.3", O_RDONLY|O_CLOEXEC) = 8</usr/lib/x86_64-linux-gnu/libXfixes.so.3.1.0>
31203 read(8</usr/lib/x86_64-linux-gnu/libXfixes.so.3.1.0>, "\177ELF\2\1\1\0\0\0\0\0\0\0\0\0\3\0>\0\1\0\0\0\0\0\0\0\0\0\0\0"..., 832) = 832
31203 newfstatat(8</usr/lib/x86_64-linux-gnu/libXfixes.so.3.1.0>, "", {st_mode=S_IFREG|0644, st_size=30912, ...}, AT_EMPTY_PATH) = 0
31203 mmap(NULL, 28936, PROT_READ, MAP_PRIVATE|MAP_DENYWRITE, 8</usr/lib/x86_64-linux-gnu/libXfixes.so.3.1.0>, 0) = 0x7fc7adc73000
31203 mmap(0x7fc7adc75000, 12288, PROT_READ|PROT_EXEC, MAP_PRIVATE|MAP_FIXED|MAP_DENYWRITE, 8</usr/lib/x86_64-linux-gnu/libXfixes.so.3.1.0>, 0x2000) = 0x7fc7adc75000
31203 mmap(0x7fc7adc78000, 4096, PROT_READ, MAP_PRIVATE|MAP_FIXED|MAP_DENYWRITE, 8</usr/lib/x86_64-linux-gnu/libXfixes.so.3.1.0>, 0x5000) = 0x7fc7adc78000
31203 mmap(0x7fc7adc79000, 8192, PROT_READ|PROT_WRITE, MAP_PRIVATE|MAP_FIXED|MAP_DENYWRITE, 8</usr/lib/x86_64-linux-gnu/libXfixes.so.3.1.0>, 0x6000) = 0x7fc7adc79000
31203 close(8</usr/lib/x86_64-linux-gnu/libXfixes.so.3.1.0>) = 0
31203 mprotect(0x7fc7adc79000, 4096, PROT_READ) = 0
31203 mprotect(0x7fc7adc86000, 4096, PROT_READ) = 0
31203 mprotect(0x7fc7adc92000, 4096, PROT_READ) = 0
31203 futex(0x7fc7b0d2da98, FUTEX_WAKE_PRIVATE, 1) = 1
31199 <... futex resumed>)              = 0
31199 futex(0x7fc7b0d2da98, FUTEX_WAKE_PRIVATE, 1 <unfinished ...>
31203 poll([{fd=6<UNIX-STREAM:[458838->453055]>, events=POLLIN|POLLOUT}], 1, -1 <unfinished ...>
31199 <... futex resumed>)              = 0
31203 <... poll resumed>)               = 1 ([{fd=6, revents=POLLOUT}])
31199 rt_sigprocmask(SIG_BLOCK, ~[],  <unfinished ...>
31203 writev(6<UNIX-STREAM:[458838->453055]>, [{iov_base="-\0\5\0\1\0`\2\6\0\0\0cursor\377\0b\0\4\0\6\0\0\0", iov_len=28}, {iov_base="RENDER", iov_len=6}, {iov_base="\0\0", iov_len=2}], 3 <unfinished ...>
31199 <... rt_sigprocmask resumed>[], 8) = 0
31203 <... writev resumed>)             = 36
31199 clone3({flags=CLONE_VM|CLONE_FS|CLONE_FILES|CLONE_SIGHAND|CLONE_THREAD|CLONE_SYSVSEM|CLONE_SETTLS|CLONE_PARENT_SETTID|CLONE_CHILD_CLEARTID, child_tid=0x7fc7ac5ea910, parent_tid=0x7fc7ac5ea910, exit_signal=0, stack=0x7fc7ac4eb000, stack_size=0xfef00, tls=0x7fc7ac5ea640} <unfinished ...>
31203 poll([{fd=6<UNIX-STREAM:[458838->453055]>, events=POLLIN}], 1, -1) = 1 ([{fd=6, revents=POLLIN}])
31203 recvmsg(6<UNIX-STREAM:[458838->453055]>,  <unfinished ...>
31204 rseq(0x7fc7ac5eafe0, 0x20, 0, 0x53053053 <unfinished ...>
31199 <... clone3 resumed> => {parent_tid=[31204]}, 88) = 31204
31204 <... rseq resumed>)               = 0
31203 <... recvmsg resumed>{msg_name=NULL, msg_namelen=0, msg_iov=[{iov_base="\1\0\f\0\0\0\0\0\1\213\0\216\0\0\0\0\0\0\0\0\0\0\0\0\0\0\0\0\0\0\0\0", iov_len=4096}], msg_iovlen=1, msg_controllen=0, msg_flags=0}, 0) = 32
31199 rt_sigprocmask(SIG_SETMASK, [],  <unfinished ...>
31204 set_robust_list(0x7fc7ac5ea920, 24 <unfinished ...>
31203 recvmsg(6<UNIX-STREAM:[458838->453055]>,  <unfinished ...>
31199 <... rt_sigprocmask resumed>NULL, 8) = 0
31204 <... set_robust_list resumed>)    = 0
31203 <... recvmsg resumed>{msg_namelen=0}, 0) = -1 EAGAIN (Resource temporarily unavailable)
31204 rt_sigprocmask(SIG_SETMASK, [],  <unfinished ...>
31199 futex(0x7fc7ac5ea910, FUTEX_WAIT_BITSET|FUTEX_CLOCK_REALTIME, 31204, NULL, FUTEX_BITSET_MATCH_ANY <unfinished ...>
31204 <... rt_sigprocmask resumed>NULL, 8) = 0
31203 recvmsg(6<UNIX-STREAM:[458838->453055]>,  <unfinished ...>
31204 mmap(0x7fc79c000000, 67108864, PROT_NONE, MAP_PRIVATE|MAP_ANONYMOUS|MAP_NORESERVE, -1, 0 <unfinished ...>
31203 <... recvmsg resumed>{msg_namelen=0}, 0) = -1 EAGAIN (Resource temporarily unavailable)
31204 <... mmap resumed>)               = 0x7fc79c000000
31204 mprotect(0x7fc79c000000, 135168, PROT_READ|PROT_WRITE <unfinished ...>
31203 poll([{fd=6<UNIX-STREAM:[458838->453055]>, events=POLLIN|POLLOUT}], 1, -1 <unfinished ...>
31204 <... mprotect resumed>)           = 0
31203 <... poll resumed>)               = 1 ([{fd=6, revents=POLLOUT}])
31204 openat(AT_FDCWD</home/j/robotics/braccio_robot_arm/python/inverse_kin>, "/sys/devices/system/cpu", O_RDONLY|O_NONBLOCK|O_CLOEXEC|O_DIRECTORY <unfinished ...>
31203 writev(6<UNIX-STREAM:[458838->453055]>, [{iov_base="\213\0\3\0\0\0\0\0\v\0\0\0\213\1\1\0", iov_len=16}, {iov_base=NULL, iov_len=0}, {iov_base="", iov_len=0}], 3 <unfinished ...>
31204 <... openat resumed>)             = 8</sys/devices/system/cpu>
31203 <... writev resumed>)             = 16
31204 newfstatat(8</sys/devices/system/cpu>, "",  <unfinished ...>
31203 poll([{fd=6<UNIX-STREAM:[458838->453055]>, events=POLLIN}], 1, -1 <unfinished ...>
31204 <... newfstatat resumed>{st_mode=S_IFDIR|0755, st_size=0, ...}, AT_EMPTY_PATH) = 0
31203 <... poll resumed>)               = 1 ([{fd=6, revents=POLLIN}])
31204 getdents64(8</sys/devices/system/cpu>,  <unfinished ...>
31203 recvmsg(6<UNIX-STREAM:[458838->453055]>,  <unfinished ...>
31204 <... getdents64 resumed>0x7fc79c000c30 /* 26 entries */, 32768) = 752
31203 <... recvmsg resumed>{msg_name=NULL, msg_namelen=0, msg_iov=[{iov_base="\1\0\r\0\0\0\0\0\0\0\0\0\v\0\0\0\0\0\0\0\0\0\0\0\0\0\0\0\0\0\0\0", iov_len=4096}], msg_iovlen=1, msg_controllen=0, msg_flags=0}, 0) = 32
31204 getdents64(8</sys/devices/system/cpu>,  <unfinished ...>
31203 recvmsg(6<UNIX-STREAM:[458838->453055]>,  <unfinished ...>
31204 <... getdents64 resumed>0x7fc79c000c30 /* 0 entries */, 32768) = 0
31203 <... recvmsg resumed>{msg_namelen=0}, 0) = -1 EAGAIN (Resource temporarily unavailable)
31204 close(8</sys/devices/system/cpu> <unfinished ...>
31203 recvmsg(6<UNIX-STREAM:[458838->453055]>,  <unfinished ...>
31204 <... close resumed>)              = 0
31203 <... recvmsg resumed>{msg_namelen=0}, 0) = -1 EAGAIN (Resource temporarily unavailable)
31204 sysinfo( <unfinished ...>
31203 poll([{fd=6<UNIX-STREAM:[458838->453055]>, events=POLLIN}], 1, -1 <unfinished ...>
31204 <... sysinfo resumed>{uptime=156598, loads=[11840, 18848, 12704], totalram=16653107200, freeram=6966312960, sharedram=483885056, bufferram=530575360, totalswap=2147479552, freeswap=2147479552, procs=1061, totalhigh=0, freehigh=0, mem_unit=1}) = 0
31204 uname( <unfinished ...>
31203 <... poll resumed>)               = 1 ([{fd=6, revents=POLLIN}])
31204 <... uname resumed>{sysname="Linux", nodename="j-X580VD", ...}) = 0
31203 recvmsg(6<UNIX-STREAM:[458838->453055]>,  <unfinished ...>
31204 openat(AT_FDCWD</home/j/robotics/braccio_robot_arm/python/inverse_kin>, "/proc/stat", O_RDONLY|O_CLOEXEC <unfinished ...>
31203 <... recvmsg resumed>{msg_name=NULL, msg_namelen=0, msg_iov=[{iov_base="\1\0\16\0~\5\0\0\33\0\0\0\1\0\0\0\7\0\0\0X\2\0\0\1\0\0\0\0\0\0\0"..., iov_len=4096}], msg_iovlen=1, msg_controllen=0, msg_flags=0}, 0) = 4096
31204 <... openat resumed>)             = 8</proc/stat>
31203 recvfrom(6<UNIX-STREAM:[458838->453055]>,  <unfinished ...>
31204 newfstatat(8</proc/stat>, "",  <unfinished ...>
31203 <... recvfrom resumed>")\0\0\0\7\7\0\0)\0\0\0\10\7\0\0)\0\0\0\t\7\0\0)\0\0\0\n\7\0\0"..., 1560, 0, NULL, NULL) = 1560
31204 <... newfstatat resumed>{st_mode=S_IFREG|0444, st_size=0, ...}, AT_EMPTY_PATH) = 0
31203 recvmsg(6<UNIX-STREAM:[458838->453055]>,  <unfinished ...>
31204 read(8</proc/stat>,  <unfinished ...>
31203 <... recvmsg resumed>{msg_namelen=0}, 0) = -1 EAGAIN (Resource temporarily unavailable)
31203 recvmsg(6<UNIX-STREAM:[458838->453055]>,  <unfinished ...>
31204 <... read resumed>"cpu  346693 7296 140052 12468950"..., 1024) = 1024
31203 <... recvmsg resumed>{msg_namelen=0}, 0) = -1 EAGAIN (Resource temporarily unavailable)
31204 close(8</proc/stat>)              = 0
31204 openat(AT_FDCWD</home/j/robotics/braccio_robot_arm/python/inverse_kin>, "/usr/lib/jni/x86_64-linux-gnu/librt.so.1", O_RDONLY|O_CLOEXEC) = -1 ENOENT (No such file or directory)
31204 openat(AT_FDCWD</home/j/robotics/braccio_robot_arm/python/inverse_kin>, "/usr/lib/x86_64-linux-gnu/librt.so.1", O_RDONLY|O_CLOEXEC) = 8</usr/lib/x86_64-linux-gnu/librt.so.1>
31204 read(8</usr/lib/x86_64-linux-gnu/librt.so.1>, "\177ELF\2\1\1\0\0\0\0\0\0\0\0\0\3\0>\0\1\0\0\0\0\0\0\0\0\0\0\0"..., 832) = 832
31204 newfstatat(8</usr/lib/x86_64-linux-gnu/librt.so.1>, "", {st_mode=S_IFREG|0644, st_size=14664, ...}, AT_EMPTY_PATH) = 0
31204 mmap(NULL, 16440, PROT_READ, MAP_PRIVATE|MAP_DENYWRITE, 8</usr/lib/x86_64-linux-gnu/librt.so.1>, 0) = 0x7fc7adc6e000
31204 mmap(0x7fc7adc6f000, 4096, PROT_READ|PROT_EXEC, MAP_PRIVATE|MAP_FIXED|MAP_DENYWRITE, 8</usr/lib/x86_64-linux-gnu/librt.so.1>, 0x1000) = 0x7fc7adc6f000
31204 mmap(0x7fc7adc70000, 4096, PROT_READ, MAP_PRIVATE|MAP_FIXED|MAP_DENYWRITE, 8</usr/lib/x86_64-linux-gnu/librt.so.1>, 0x2000 <unfinished ...>
31203 openat(AT_FDCWD</home/j/robotics/braccio_robot_arm/python/inverse_kin>, "/usr/share/X11/locale/locale.alias", O_RDONLY <unfinished ...>
31204 <... mmap resumed>)               = 0x7fc7adc70000
31203 <... openat resumed>)             = 12</usr/share/X11/locale/locale.alias>
31204 mmap(0x7fc7adc71000, 8192, PROT_READ|PROT_WRITE, MAP_PRIVATE|MAP_FIXED|MAP_DENYWRITE, 8</usr/lib/x86_64-linux-gnu/librt.so.1>, 0x2000 <unfinished ...>
31203 newfstatat(12</usr/share/X11/locale/locale.alias>, "",  <unfinished ...>
31204 <... mmap resumed>)               = 0x7fc7adc71000
31203 <... newfstatat resumed>{st_mode=S_IFREG|0644, st_size=76784, ...}, AT_EMPTY_PATH) = 0
31204 close(8</usr/lib/x86_64-linux-gnu/librt.so.1> <unfinished ...>
31203 read(12</usr/share/X11/locale/locale.alias>,  <unfinished ...>
31204 <... close resumed>)              = 0
31203 <... read resumed>"#\n#\tThis file contains alias nam"..., 4096) = 4096
31204 mprotect(0x7fc7adc71000, 4096, PROT_READ) = 0
31203 read(12</usr/share/X11/locale/locale.alias>,  <unfinished ...>
31204 mmap(NULL, 4096, PROT_WRITE, MAP_PRIVATE|MAP_ANONYMOUS, -1, 0 <unfinished ...>
31203 <... read resumed>"91\t\t\t\t\tbr_FR.ISO8859-1\nbr_FR.ISO"..., 4096) = 4096
31204 <... mmap resumed>)               = 0x7fc7adc6d000
31204 mprotect(0x7fc7adc6d000, 4096, PROT_WRITE|PROT_EXEC <unfinished ...>
31203 read(12</usr/share/X11/locale/locale.alias>,  <unfinished ...>
31204 <... mprotect resumed>)           = 0
31203 <... read resumed>"\tde_DE.ISO8859-15\nde_DE.ISO-8859"..., 4096) = 4096
31204 munmap(0x7fc7adc6d000, 4096)      = 0
31203 read(12</usr/share/X11/locale/locale.alias>, "1\t\t\t\t\tes_AR.ISO8859-1\nes_AR.ISO-"..., 4096) = 4096
31204 readlink("/usr", 0x7fc7ac5e81d0, 1023) = -1 EINVAL (Invalid argument)
31203 read(12</usr/share/X11/locale/locale.alias>,  <unfinished ...>
31204 readlink("/usr/lib",  <unfinished ...>
31203 <... read resumed>"I.88591.en\t\t\t\t\tfi_FI.ISO8859-1\nf"..., 4096) = 4096
31204 <... readlink resumed>0x7fc7ac5e81d0, 1023) = -1 EINVAL (Invalid argument)
31204 readlink("/usr/lib/jvm",  <unfinished ...>
31203 read(12</usr/share/X11/locale/locale.alias>,  <unfinished ...>
31204 <... readlink resumed>0x7fc7ac5e81d0, 1023) = -1 EINVAL (Invalid argument)
31203 <... read resumed>"ev\t\t\t\t\thi_IN.ISCII-DEV\nhi_IN.utf"..., 4096) = 4096
31204 readlink("/usr/lib/jvm/java-11-openjdk-amd64", 0x7fc7ac5e81d0, 1023) = -1 EINVAL (Invalid argument)
31203 read(12</usr/share/X11/locale/locale.alias>,  <unfinished ...>
31204 readlink("/usr/lib/jvm/java-11-openjdk-amd64/lib",  <unfinished ...>
31203 <... read resumed>"i_IN.UTF-8\nmi\t\t\t\t\t\tmi_NZ.ISO8859"..., 4096) = 4096
31204 <... readlink resumed>0x7fc7ac5e81d0, 1023) = -1 EINVAL (Invalid argument)
31204 readlink("/usr/lib/jvm/java-11-openjdk-amd64/lib/server",  <unfinished ...>
31203 read(12</usr/share/X11/locale/locale.alias>,  <unfinished ...>
31204 <... readlink resumed>0x7fc7ac5e81d0, 1023) = -1 EINVAL (Invalid argument)
31203 <... read resumed>"TF-8\nro\t\t\t\t\t\tro_RO.ISO8859-2\nro_"..., 4096) = 4096
31204 readlink("/usr/lib/jvm/java-11-openjdk-amd64/lib/server/libjvm.so", 0x7fc7ac5e81d0, 1023) = -1 EINVAL (Invalid argument)
31203 read(12</usr/share/X11/locale/locale.alias>,  <unfinished ...>
31204 newfstatat(AT_FDCWD</home/j/robotics/braccio_robot_arm/python/inverse_kin>, "/usr/lib/jvm/java-11-openjdk-amd64/lib/modules",  <unfinished ...>
31203 <... read resumed>"UA.cp1251\t\t\t\t\tuk_UA.CP1251\nuk_UA"..., 4096) = 4096
31204 <... newfstatat resumed>{st_mode=S_IFREG|0644, st_size=142535631, ...}, 0) = 0
31203 read(12</usr/share/X11/locale/locale.alias>,  <unfinished ...>
31204 newfstatat(AT_FDCWD</home/j/robotics/braccio_robot_arm/python/inverse_kin>, "/usr/lib/jvm/java-11-openjdk-amd64/lib/libverify.so",  <unfinished ...>
31203 <... read resumed>"LT.ISO8859-13\npolish\t\t\t\t\t\tpl_PL."..., 4096) = 4096
31204 <... newfstatat resumed>{st_mode=S_IFREG|0644, st_size=63624, ...}, 0) = 0
31204 openat(AT_FDCWD</home/j/robotics/braccio_robot_arm/python/inverse_kin>, "/usr/lib/jvm/java-11-openjdk-amd64/lib/libverify.so", O_RDONLY <unfinished ...>
31203 read(12</usr/share/X11/locale/locale.alias>,  <unfinished ...>
31204 <... openat resumed>)             = 8</usr/lib/jvm/java-11-openjdk-amd64/lib/libverify.so>
31203 <... read resumed>"859-6\nar_YE.ISO-8859-6:\t\t\t\tar_YE"..., 4096) = 4096
31204 newfstatat(8</usr/lib/jvm/java-11-openjdk-amd64/lib/libverify.so>, "",  <unfinished ...>
31203 read(12</usr/share/X11/locale/locale.alias>,  <unfinished ...>
31204 <... newfstatat resumed>{st_mode=S_IFREG|0644, st_size=63624, ...}, AT_EMPTY_PATH) = 0
31203 <... read resumed>"15:\t\t\t\tde_AT.ISO8859-15\nde_AT.IS"..., 4096) = 4096
31204 read(8</usr/lib/jvm/java-11-openjdk-amd64/lib/libverify.so>,  <unfinished ...>
31203 read(12</usr/share/X11/locale/locale.alias>,  <unfinished ...>
31204 <... read resumed>"\177ELF\2\1\1\0\0\0\0\0\0\0\0\0\3\0>\0\1\0\0\0\0\0\0\0\0\0\0\0"..., 4096) = 4096
31203 <... read resumed>"n_NZ.ISO8859-1\nen_NZ.ISO-8859-1:"..., 4096) = 4096
31204 lseek(8</usr/lib/jvm/java-11-openjdk-amd64/lib/libverify.so>, 0, SEEK_SET <unfinished ...>
31203 read(12</usr/share/X11/locale/locale.alias>,  <unfinished ...>
31204 <... lseek resumed>)              = 0
31203 <... read resumed>"1\nes_US.ISO-8859-1:\t\t\t\tes_US.ISO"..., 4096) = 4096
31204 read(8</usr/lib/jvm/java-11-openjdk-amd64/lib/libverify.so>,  <unfinished ...>
31203 read(12</usr/share/X11/locale/locale.alias>,  <unfinished ...>
31204 <... read resumed>"\177ELF\2\1\1\0\0\0\0\0\0\0\0\0\3\0>\0\1\0\0\0\0\0\0\0\0\0\0\0"..., 4096) = 4096
31203 <... read resumed>"8859-14:\t\t\t\tga_IE.ISO8859-14\nga_"..., 4096) = 4096
31204 close(8</usr/lib/jvm/java-11-openjdk-amd64/lib/libverify.so> <unfinished ...>
31203 read(12</usr/share/X11/locale/locale.alias>,  <unfinished ...>
31204 <... close resumed>)              = 0
31203 <... read resumed>"15\nkl_GL.utf8:\t\t\t\t\tkl_GL.UTF-8\nk"..., 4096) = 4096
31204 openat(AT_FDCWD</home/j/robotics/braccio_robot_arm/python/inverse_kin>, "/usr/lib/jvm/java-11-openjdk-amd64/lib/libverify.so", O_RDONLY|O_CLOEXEC <unfinished ...>
31203 read(12</usr/share/X11/locale/locale.alias>,  <unfinished ...>
31204 <... openat resumed>)             = 8</usr/lib/jvm/java-11-openjdk-amd64/lib/libverify.so>
31203 <... read resumed>"\t\t\t\tnso_ZA.ISO8859-15\nnso_ZA.iso"..., 4096) = 4096
31204 read(8</usr/lib/jvm/java-11-openjdk-amd64/lib/libverify.so>,  <unfinished ...>
31203 read(12</usr/share/X11/locale/locale.alias>,  <unfinished ...>
31204 <... read resumed>"\177ELF\2\1\1\0\0\0\0\0\0\0\0\0\3\0>\0\1\0\0\0\0\0\0\0\0\0\0\0"..., 832) = 832
31203 <... read resumed>"SO8859-1\nsv.ISO8859-15:\t\t\t\t\tsv_S"..., 4096) = 4096
31204 newfstatat(8</usr/lib/jvm/java-11-openjdk-amd64/lib/libverify.so>, "",  <unfinished ...>
31203 read(12</usr/share/X11/locale/locale.alias>,  <unfinished ...>
31204 <... newfstatat resumed>{st_mode=S_IFREG|0644, st_size=63624, ...}, AT_EMPTY_PATH) = 0
31203 <... read resumed>"\nzh_HK.Big5:\t\t\t\t\tzh_HK.big5\nzh_H"..., 4096) = 3056
31204 mmap(NULL, 65552, PROT_READ, MAP_PRIVATE|MAP_DENYWRITE, 8</usr/lib/jvm/java-11-openjdk-amd64/lib/libverify.so>, 0 <unfinished ...>
31203 read(12</usr/share/X11/locale/locale.alias>,  <unfinished ...>
31204 <... mmap resumed>)               = 0x7fc7adc5d000
31203 <... read resumed>"", 4096)       = 0
31204 mmap(0x7fc7adc62000, 28672, PROT_READ|PROT_EXEC, MAP_PRIVATE|MAP_FIXED|MAP_DENYWRITE, 8</usr/lib/jvm/java-11-openjdk-amd64/lib/libverify.so>, 0x5000 <unfinished ...>
31203 close(12</usr/share/X11/locale/locale.alias> <unfinished ...>
31204 <... mmap resumed>)               = 0x7fc7adc62000
31203 <... close resumed>)              = 0
31204 mmap(0x7fc7adc69000, 8192, PROT_READ, MAP_PRIVATE|MAP_FIXED|MAP_DENYWRITE, 8</usr/lib/jvm/java-11-openjdk-amd64/lib/libverify.so>, 0xc000 <unfinished ...>
31203 openat(AT_FDCWD</home/j/robotics/braccio_robot_arm/python/inverse_kin>, "/usr/share/X11/locale/locale.alias", O_RDONLY <unfinished ...>
31204 <... mmap resumed>)               = 0x7fc7adc69000
31203 <... openat resumed>)             = 12</usr/share/X11/locale/locale.alias>
31204 mmap(0x7fc7adc6b000, 12288, PROT_READ|PROT_WRITE, MAP_PRIVATE|MAP_FIXED|MAP_DENYWRITE, 8</usr/lib/jvm/java-11-openjdk-amd64/lib/libverify.so>, 0xd000 <unfinished ...>
31203 newfstatat(12</usr/share/X11/locale/locale.alias>, "",  <unfinished ...>
31204 <... mmap resumed>)               = 0x7fc7adc6b000
31203 <... newfstatat resumed>{st_mode=S_IFREG|0644, st_size=76784, ...}, AT_EMPTY_PATH) = 0
31204 close(8</usr/lib/jvm/java-11-openjdk-amd64/lib/libverify.so> <unfinished ...>
31203 read(12</usr/share/X11/locale/locale.alias>,  <unfinished ...>
31204 <... close resumed>)              = 0
31203 <... read resumed>"#\n#\tThis file contains alias nam"..., 4096) = 4096
31203 read(12</usr/share/X11/locale/locale.alias>,  <unfinished ...>
31204 mprotect(0x7fc7adc6b000, 8192, PROT_READ <unfinished ...>
31203 <... read resumed>"91\t\t\t\t\tbr_FR.ISO8859-1\nbr_FR.ISO"..., 4096) = 4096
31204 <... mprotect resumed>)           = 0
31203 read(12</usr/share/X11/locale/locale.alias>,  <unfinished ...>
31204 newfstatat(AT_FDCWD</home/j/robotics/braccio_robot_arm/python/inverse_kin>, "/usr/lib/jvm/java-11-openjdk-amd64/lib/libjava.so",  <unfinished ...>
31203 <... read resumed>"\tde_DE.ISO8859-15\nde_DE.ISO-8859"..., 4096) = 4096
31204 <... newfstatat resumed>{st_mode=S_IFREG|0644, st_size=177984, ...}, 0) = 0
31203 read(12</usr/share/X11/locale/locale.alias>,  <unfinished ...>
31204 openat(AT_FDCWD</home/j/robotics/braccio_robot_arm/python/inverse_kin>, "/usr/lib/jvm/java-11-openjdk-amd64/lib/libjava.so", O_RDONLY <unfinished ...>
31203 <... read resumed>"1\t\t\t\t\tes_AR.ISO8859-1\nes_AR.ISO-"..., 4096) = 4096
31204 <... openat resumed>)             = 8</usr/lib/jvm/java-11-openjdk-amd64/lib/libjava.so>
31203 read(12</usr/share/X11/locale/locale.alias>,  <unfinished ...>
31204 newfstatat(8</usr/lib/jvm/java-11-openjdk-amd64/lib/libjava.so>, "",  <unfinished ...>
31203 <... read resumed>"I.88591.en\t\t\t\t\tfi_FI.ISO8859-1\nf"..., 4096) = 4096
31204 <... newfstatat resumed>{st_mode=S_IFREG|0644, st_size=177984, ...}, AT_EMPTY_PATH) = 0
31203 read(12</usr/share/X11/locale/locale.alias>,  <unfinished ...>
31204 read(8</usr/lib/jvm/java-11-openjdk-amd64/lib/libjava.so>,  <unfinished ...>
31203 <... read resumed>"ev\t\t\t\t\thi_IN.ISCII-DEV\nhi_IN.utf"..., 4096) = 4096
31204 <... read resumed>"\177ELF\2\1\1\0\0\0\0\0\0\0\0\0\3\0>\0\1\0\0\0\0\0\0\0\0\0\0\0"..., 4096) = 4096
31204 lseek(8</usr/lib/jvm/java-11-openjdk-amd64/lib/libjava.so>, 0, SEEK_SET <unfinished ...>
31203 read(12</usr/share/X11/locale/locale.alias>,  <unfinished ...>
31204 <... lseek resumed>)              = 0
31203 <... read resumed>"i_IN.UTF-8\nmi\t\t\t\t\t\tmi_NZ.ISO8859"..., 4096) = 4096
31204 read(8</usr/lib/jvm/java-11-openjdk-amd64/lib/libjava.so>,  <unfinished ...>
31203 read(12</usr/share/X11/locale/locale.alias>,  <unfinished ...>
31204 <... read resumed>"\177ELF\2\1\1\0\0\0\0\0\0\0\0\0\3\0>\0\1\0\0\0\0\0\0\0\0\0\0\0"..., 4096) = 4096
31203 <... read resumed>"TF-8\nro\t\t\t\t\t\tro_RO.ISO8859-2\nro_"..., 4096) = 4096
31204 close(8</usr/lib/jvm/java-11-openjdk-amd64/lib/libjava.so> <unfinished ...>
31203 read(12</usr/share/X11/locale/locale.alias>,  <unfinished ...>
31204 <... close resumed>)              = 0
31203 <... read resumed>"UA.cp1251\t\t\t\t\tuk_UA.CP1251\nuk_UA"..., 4096) = 4096
31204 openat(AT_FDCWD</home/j/robotics/braccio_robot_arm/python/inverse_kin>, "/usr/lib/jvm/java-11-openjdk-amd64/lib/libjava.so", O_RDONLY|O_CLOEXEC <unfinished ...>
31203 read(12</usr/share/X11/locale/locale.alias>,  <unfinished ...>
31204 <... openat resumed>)             = 8</usr/lib/jvm/java-11-openjdk-amd64/lib/libjava.so>
31203 <... read resumed>"LT.ISO8859-13\npolish\t\t\t\t\t\tpl_PL."..., 4096) = 4096
31204 read(8</usr/lib/jvm/java-11-openjdk-amd64/lib/libjava.so>,  <unfinished ...>
31203 read(12</usr/share/X11/locale/locale.alias>,  <unfinished ...>
31204 <... read resumed>"\177ELF\2\1\1\0\0\0\0\0\0\0\0\0\3\0>\0\1\0\0\0\0\0\0\0\0\0\0\0"..., 832) = 832
31203 <... read resumed>"859-6\nar_YE.ISO-8859-6:\t\t\t\tar_YE"..., 4096) = 4096
31204 newfstatat(8</usr/lib/jvm/java-11-openjdk-amd64/lib/libjava.so>, "",  <unfinished ...>
31203 read(12</usr/share/X11/locale/locale.alias>,  <unfinished ...>
31204 <... newfstatat resumed>{st_mode=S_IFREG|0644, st_size=177984, ...}, AT_EMPTY_PATH) = 0
31203 <... read resumed>"15:\t\t\t\tde_AT.ISO8859-15\nde_AT.IS"..., 4096) = 4096
31204 mmap(NULL, 180520, PROT_READ, MAP_PRIVATE|MAP_DENYWRITE, 8</usr/lib/jvm/java-11-openjdk-amd64/lib/libjava.so>, 0 <unfinished ...>
31203 read(12</usr/share/X11/locale/locale.alias>,  <unfinished ...>
31204 <... mmap resumed>)               = 0x7fc7adc30000
31203 <... read resumed>"n_NZ.ISO8859-1\nen_NZ.ISO-8859-1:"..., 4096) = 4096
31204 mmap(0x7fc7adc3d000, 90112, PROT_READ|PROT_EXEC, MAP_PRIVATE|MAP_FIXED|MAP_DENYWRITE, 8</usr/lib/jvm/java-11-openjdk-amd64/lib/libjava.so>, 0xd000 <unfinished ...>
31203 close(12</usr/share/X11/locale/locale.alias> <unfinished ...>
31204 <... mmap resumed>)               = 0x7fc7adc3d000
31203 <... close resumed>)              = 0
31204 mmap(0x7fc7adc53000, 28672, PROT_READ, MAP_PRIVATE|MAP_FIXED|MAP_DENYWRITE, 8</usr/lib/jvm/java-11-openjdk-amd64/lib/libjava.so>, 0x23000 <unfinished ...>
31203 openat(AT_FDCWD</home/j/robotics/braccio_robot_arm/python/inverse_kin>, "/usr/share/X11/locale/locale.dir", O_RDONLY <unfinished ...>
31204 <... mmap resumed>)               = 0x7fc7adc53000
31203 <... openat resumed>)             = 12</usr/share/X11/locale/locale.dir>
31204 mmap(0x7fc7adc5a000, 8192, PROT_READ|PROT_WRITE, MAP_PRIVATE|MAP_FIXED|MAP_DENYWRITE, 8</usr/lib/jvm/java-11-openjdk-amd64/lib/libjava.so>, 0x29000 <unfinished ...>
31203 newfstatat(12</usr/share/X11/locale/locale.dir>, "",  <unfinished ...>
31204 <... mmap resumed>)               = 0x7fc7adc5a000
31203 <... newfstatat resumed>{st_mode=S_IFREG|0644, st_size=38432, ...}, AT_EMPTY_PATH) = 0
31204 mmap(0x7fc7adc5c000, 296, PROT_READ|PROT_WRITE, MAP_PRIVATE|MAP_FIXED|MAP_ANONYMOUS, -1, 0 <unfinished ...>
31203 read(12</usr/share/X11/locale/locale.dir>,  <unfinished ...>
31204 <... mmap resumed>)               = 0x7fc7adc5c000
31203 <... read resumed>"#\n#\tThis file contains locale da"..., 4096) = 4096
31204 close(8</usr/lib/jvm/java-11-openjdk-amd64/lib/libjava.so> <unfinished ...>
31203 read(12</usr/share/X11/locale/locale.dir>,  <unfinished ...>
31204 <... close resumed>)              = 0
31203 <... read resumed>"\t\t\tes_ES.ISO8859-1\niso8859-15/XL"..., 4096) = 4096
31203 read(12</usr/share/X11/locale/locale.dir>, "_KE.ISO8859-1\n# Presumably, \"pd\""..., 4096) = 4096
31203 read(12</usr/share/X11/locale/locale.dir>,  <unfinished ...>
31204 mprotect(0x7fc7adc5a000, 4096, PROT_READ <unfinished ...>
31203 <... read resumed>"\t\t\tda_DK.UTF-8\nen_US.UTF-8/XLC_L"..., 4096) = 4096
31204 <... mprotect resumed>)           = 0
31203 read(12</usr/share/X11/locale/locale.dir>,  <unfinished ...>
31204 getpid( <unfinished ...>
31203 <... read resumed>".UTF-8/XLC_LOCALE\t\t\tne_NP.UTF-8\n"..., 4096) = 4096
31204 <... getpid resumed>)             = 31199
31204 openat(AT_FDCWD</home/j/robotics/braccio_robot_arm/python/inverse_kin>, "/etc/localtime", O_RDONLY|O_CLOEXEC <unfinished ...>
31203 read(12</usr/share/X11/locale/locale.dir>,  <unfinished ...>
31204 <... openat resumed>)             = 8</usr/share/zoneinfo/America/Los_Angeles>
31203 <... read resumed>"XLC_LOCALE:\t\t\tca_AD.ISO8859-15\ni"..., 4096) = 4096
31204 newfstatat(8</usr/share/zoneinfo/America/Los_Angeles>, "",  <unfinished ...>
31203 read(12</usr/share/X11/locale/locale.dir>,  <unfinished ...>
31204 <... newfstatat resumed>{st_mode=S_IFREG|0644, st_size=2836, ...}, AT_EMPTY_PATH) = 0
31203 <... read resumed>"859-15\niso8859-1/XLC_LOCALE:\t\t\tf"..., 4096) = 4096
31204 newfstatat(8</usr/share/zoneinfo/America/Los_Angeles>, "",  <unfinished ...>
31203 read(12</usr/share/X11/locale/locale.dir>,  <unfinished ...>
31204 <... newfstatat resumed>{st_mode=S_IFREG|0644, st_size=2836, ...}, AT_EMPTY_PATH) = 0
31203 <... read resumed>"SO8859-15\niso8859-1/XLC_LOCALE:\t"..., 4096) = 4096
31204 read(8</usr/share/zoneinfo/America/Los_Angeles>,  <unfinished ...>
31203 close(12</usr/share/X11/locale/locale.dir> <unfinished ...>
31204 <... read resumed>"TZif2\0\0\0\0\0\0\0\0\0\0\0\0\0\0\0\0\0\0\5\0\0\0\5\0\0\0\0"..., 4096) = 2836
31203 <... close resumed>)              = 0
31204 lseek(8</usr/share/zoneinfo/America/Los_Angeles>, -1802, SEEK_CUR <unfinished ...>
31203 access("/usr/share/X11/locale/en_US.UTF-8/XLC_LOCALE", R_OK <unfinished ...>
31204 <... lseek resumed>)              = 1034
31203 <... access resumed>)             = 0
31204 read(8</usr/share/zoneinfo/America/Los_Angeles>,  <unfinished ...>
31203 openat(AT_FDCWD</home/j/robotics/braccio_robot_arm/python/inverse_kin>, "/usr/share/X11/locale/en_US.UTF-8/XLC_LOCALE", O_RDONLY <unfinished ...>
31204 <... read resumed>"TZif2\0\0\0\0\0\0\0\0\0\0\0\0\0\0\0\0\0\0\5\0\0\0\5\0\0\0\0"..., 4096) = 1802
31203 <... openat resumed>)             = 12</usr/share/X11/locale/en_US.UTF-8/XLC_LOCALE>
31204 close(8</usr/share/zoneinfo/America/Los_Angeles> <unfinished ...>
31203 newfstatat(12</usr/share/X11/locale/en_US.UTF-8/XLC_LOCALE>, "",  <unfinished ...>
31204 <... close resumed>)              = 0
31203 <... newfstatat resumed>{st_mode=S_IFREG|0644, st_size=4194, ...}, AT_EMPTY_PATH) = 0
31204 uname( <unfinished ...>
31203 read(12</usr/share/X11/locale/en_US.UTF-8/XLC_LOCALE>,  <unfinished ...>
31204 <... uname resumed>{sysname="Linux", nodename="j-X580VD", ...}) = 0
31203 <... read resumed>"#  XLocale Database Sample for e"..., 4096) = 4096
31204 getuid()                          = 1000
31204 geteuid()                         = 1000
31204 getgid( <unfinished ...>
31203 read(12</usr/share/X11/locale/en_US.UTF-8/XLC_LOCALE>,  <unfinished ...>
31204 <... getgid resumed>)             = 1000
31203 <... read resumed>"\tJISX0201.1976-0:GR\n}\n \n#\tcs24 c"..., 4096) = 98
31204 getegid( <unfinished ...>
31203 read(12</usr/share/X11/locale/en_US.UTF-8/XLC_LOCALE>,  <unfinished ...>
31204 <... getegid resumed>)            = 1000
31203 <... read resumed>"", 4096)       = 0
31204 write(2</dev/pts/0<char 136:0>>, "Picked up JAVA_TOOL_OPTIONS: \n", 30 <unfinished ...>
31203 close(12</usr/share/X11/locale/en_US.UTF-8/XLC_LOCALE> <unfinished ...>
31204 <... write resumed>)              = 30
31203 <... close resumed>)              = 0
31204 newfstatat(AT_FDCWD</home/j/robotics/braccio_robot_arm/python/inverse_kin>, "/usr/lib/jvm/java-11-openjdk-amd64/lib/libjimage.so", {st_mode=S_IFREG|0644, st_size=30952, ...}, 0) = 0
31204 openat(AT_FDCWD</home/j/robotics/braccio_robot_arm/python/inverse_kin>, "/usr/lib/jvm/java-11-openjdk-amd64/lib/libjimage.so", O_RDONLY) = 8</usr/lib/jvm/java-11-openjdk-amd64/lib/libjimage.so>
31204 newfstatat(8</usr/lib/jvm/java-11-openjdk-amd64/lib/libjimage.so>, "",  <unfinished ...>
31203 uname( <unfinished ...>
31204 <... newfstatat resumed>{st_mode=S_IFREG|0644, st_size=30952, ...}, AT_EMPTY_PATH) = 0
31203 <... uname resumed>{sysname="Linux", nodename="j-X580VD", ...}) = 0
31204 read(8</usr/lib/jvm/java-11-openjdk-amd64/lib/libjimage.so>,  <unfinished ...>
31203 openat(AT_FDCWD</home/j/robotics/braccio_robot_arm/python/inverse_kin>, "/home/j/.Xdefaults-j-X580VD", O_RDONLY <unfinished ...>
31204 <... read resumed>"\177ELF\2\1\1\0\0\0\0\0\0\0\0\0\3\0>\0\1\0\0\0\0\0\0\0\0\0\0\0"..., 4096) = 4096
31203 <... openat resumed>)             = -1 ENOENT (No such file or directory)
31204 lseek(8</usr/lib/jvm/java-11-openjdk-amd64/lib/libjimage.so>, 0, SEEK_SET <unfinished ...>
31203 openat(AT_FDCWD</home/j/robotics/braccio_robot_arm/python/inverse_kin>, "/home/j/.icons/Yaru/cursors/watch", O_RDONLY <unfinished ...>
31204 <... lseek resumed>)              = 0
31203 <... openat resumed>)             = -1 ENOENT (No such file or directory)
31204 read(8</usr/lib/jvm/java-11-openjdk-amd64/lib/libjimage.so>,  <unfinished ...>
31203 openat(AT_FDCWD</home/j/robotics/braccio_robot_arm/python/inverse_kin>, "/home/j/.icons/Yaru/index.theme", O_RDONLY <unfinished ...>
31204 <... read resumed>"\177ELF\2\1\1\0\0\0\0\0\0\0\0\0\3\0>\0\1\0\0\0\0\0\0\0\0\0\0\0"..., 4096) = 4096
31203 <... openat resumed>)             = -1 ENOENT (No such file or directory)
31204 close(8</usr/lib/jvm/java-11-openjdk-amd64/lib/libjimage.so> <unfinished ...>
31203 openat(AT_FDCWD</home/j/robotics/braccio_robot_arm/python/inverse_kin>, "/usr/share/icons/Yaru/cursors/watch", O_RDONLY <unfinished ...>
31204 <... close resumed>)              = 0
31203 <... openat resumed>)             = 8</usr/share/icons/Yaru/cursors/watch>
31204 openat(AT_FDCWD</home/j/robotics/braccio_robot_arm/python/inverse_kin>, "/usr/lib/jvm/java-11-openjdk-amd64/lib/libjimage.so", O_RDONLY|O_CLOEXEC <unfinished ...>
31203 newfstatat(8</usr/share/icons/Yaru/cursors/watch>, "",  <unfinished ...>
31204 <... openat resumed>)             = 12</usr/lib/jvm/java-11-openjdk-amd64/lib/libjimage.so>
31203 <... newfstatat resumed>{st_mode=S_IFREG|0644, st_size=4146256, ...}, AT_EMPTY_PATH) = 0
31204 read(12</usr/lib/jvm/java-11-openjdk-amd64/lib/libjimage.so>,  <unfinished ...>
31203 read(8</usr/share/icons/Yaru/cursors/watch>,  <unfinished ...>
31204 <... read resumed>"\177ELF\2\1\1\0\0\0\0\0\0\0\0\0\3\0>\0\1\0\0\0\0\0\0\0\0\0\0\0"..., 832) = 832
31203 <... read resumed>"Xcur\20\0\0\0\0\0\1\0,\1\0\0\2\0\375\377\30\0\0\0 \16\0\0\2\0\375\377"..., 4096) = 4096
31204 newfstatat(12</usr/lib/jvm/java-11-openjdk-amd64/lib/libjimage.so>, "", {st_mode=S_IFREG|0644, st_size=30952, ...}, AT_EMPTY_PATH) = 0
31203 lseek(8</usr/share/icons/Yaru/cursors/watch>, 0, SEEK_SET <unfinished ...>
31204 mmap(NULL, 32928, PROT_READ, MAP_PRIVATE|MAP_DENYWRITE, 12</usr/lib/jvm/java-11-openjdk-amd64/lib/libjimage.so>, 0 <unfinished ...>
31203 <... lseek resumed>)              = 0
31204 <... mmap resumed>)               = 0x7fc7adc27000
31203 read(8</usr/share/icons/Yaru/cursors/watch>,  <unfinished ...>
31204 mprotect(0x7fc7adc29000, 20480, PROT_NONE <unfinished ...>
31203 <... read resumed>"Xcur\20\0\0\0\0\0\1\0,\1\0\0\2\0\375\377\30\0\0\0 \16\0\0\2\0\375\377"..., 4096) = 4096
31204 <... mprotect resumed>)           = 0
31204 mmap(0x7fc7adc29000, 12288, PROT_READ|PROT_EXEC, MAP_PRIVATE|MAP_FIXED|MAP_DENYWRITE, 12</usr/lib/jvm/java-11-openjdk-amd64/lib/libjimage.so>, 0x2000 <unfinished ...>
31203 read(8</usr/share/icons/Yaru/cursors/watch>,  <unfinished ...>
31204 <... mmap resumed>)               = 0x7fc7adc29000
31203 <... read resumed>"\327\327\327\366\277\277\277\325$$$;\0\0\0\v\0\0\0\3\0\0\0\1\0\0\0\0\0\0\0\0"..., 4096) = 4096
31204 mmap(0x7fc7adc2c000, 4096, PROT_READ, MAP_PRIVATE|MAP_FIXED|MAP_DENYWRITE, 12</usr/lib/jvm/java-11-openjdk-amd64/lib/libjimage.so>, 0x5000) = 0x7fc7adc2c000
31203 lseek(8</usr/share/icons/Yaru/cursors/watch>, 8192, SEEK_SET <unfinished ...>
31204 mmap(0x7fc7adc2e000, 8192, PROT_READ|PROT_WRITE, MAP_PRIVATE|MAP_FIXED|MAP_DENYWRITE, 12</usr/lib/jvm/java-11-openjdk-amd64/lib/libjimage.so>, 0x6000 <unfinished ...>
31203 <... lseek resumed>)              = 8192
31204 <... mmap resumed>)               = 0x7fc7adc2e000
31204 close(12</usr/lib/jvm/java-11-openjdk-amd64/lib/libjimage.so> <unfinished ...>
31203 read(8</usr/share/icons/Yaru/cursors/watch>,  <unfinished ...>
31204 <... close resumed>)              = 0
31203 <... read resumed>"\0\0\0\0\0\0\0\0\0\0\0\0\0\0\0\0\0\0\0\0\0\0\0\0\0\0\0\0\0\0\0\0"..., 4096) = 4096
31203 lseek(8</usr/share/icons/Yaru/cursors/watch>, 12288, SEEK_SET <unfinished ...>
31204 mprotect(0x7fc7adc2e000, 4096, PROT_READ <unfinished ...>
31203 <... lseek resumed>)              = 12288
31204 <... mprotect resumed>)           = 0
31204 openat(AT_FDCWD</home/j/robotics/braccio_robot_arm/python/inverse_kin>, "/usr/lib/jvm/java-11-openjdk-amd64/lib/modules", O_RDONLY <unfinished ...>
31203 lseek(8</usr/share/icons/Yaru/cursors/watch>, 12288, SEEK_SET <unfinished ...>
31204 <... openat resumed>)             = 12</usr/lib/jvm/java-11-openjdk-amd64/lib/modules>
31203 <... lseek resumed>)              = 12288
31204 newfstatat(AT_FDCWD</home/j/robotics/braccio_robot_arm/python/inverse_kin>, "/usr/lib/jvm/java-11-openjdk-amd64/lib/modules", {st_mode=S_IFREG|0644, st_size=142535631, ...}, 0) = 0
31203 read(8</usr/share/icons/Yaru/cursors/watch>,  <unfinished ...>
31204 pread64(12</usr/lib/jvm/java-11-openjdk-amd64/lib/modules>,  <unfinished ...>
31203 <... read resumed>"\0\0\0?\0\0\0\24\0\0\0\3\0\0\0\0\0\0\0\0\0\0\0\1\0\0\0\n\0\0\0)"..., 4096) = 4096
31204 <... pread64 resumed>"\332\332\376\312\0\0\1\0\0\0\0\0\235\204\0\0\235\204\0\0\225\301\n\0\307\310\v\0", 28, 0) = 28
31203 lseek(8</usr/share/icons/Yaru/cursors/watch>, 16384, SEEK_SET <unfinished ...>
31204 mmap(NULL, 142535631, PROT_READ, MAP_SHARED, 12</usr/lib/jvm/java-11-openjdk-amd64/lib/modules>, 0 <unfinished ...>
31203 <... lseek resumed>)              = 16384
31204 <... mmap resumed>)               = 0x7fc78f811000
31203 lseek(8</usr/share/icons/Yaru/cursors/watch>, 16384, SEEK_SET <unfinished ...>
31204 newfstatat(AT_FDCWD</home/j/robotics/braccio_robot_arm/python/inverse_kin>, ".hotspotrc",  <unfinished ...>
31203 <... lseek resumed>)              = 16384
31204 <... newfstatat resumed>0x7fc7ac5e8b00, 0) = -1 ENOENT (No such file or directory)
31203 read(8</usr/share/icons/Yaru/cursors/watch>, ",,,\377UUU\377\324\324\324\353\0\0\0#\0\0\0\7\0\0\0\1\0\0\0\2\0\0\0\t"..., 4096) = 4096
31204 openat(AT_FDCWD</home/j/robotics/braccio_robot_arm/python/inverse_kin>, "/proc/cgroups", O_RDONLY <unfinished ...>
31203 lseek(8</usr/share/icons/Yaru/cursors/watch>, 20480, SEEK_SET <unfinished ...>
31204 <... openat resumed>)             = 13</proc/cgroups>
31203 <... lseek resumed>)              = 20480
31204 newfstatat(13</proc/cgroups>, "", {st_mode=S_IFREG|0444, st_size=0, ...}, AT_EMPTY_PATH) = 0
31203 lseek(8</usr/share/icons/Yaru/cursors/watch>, 20480, SEEK_SET <unfinished ...>
31204 read(13</proc/cgroups>,  <unfinished ...>
31203 <... lseek resumed>)              = 20480
31204 <... read resumed>"#subsys_name\thierarchy\tnum_cgrou"..., 1024) = 254
31203 read(8</usr/share/icons/Yaru/cursors/watch>,  <unfinished ...>
31204 read(13</proc/cgroups>,  <unfinished ...>
31203 <... read resumed>"\274\274\274\322!!!8\0\0\0\v\0\0\0\3\0\0\0\1\0\0\0\0\0\0\0\0\0\0\0\0"..., 4096) = 4096
31204 <... read resumed>"", 1024)       = 0
31204 close(13</proc/cgroups> <unfinished ...>
31203 lseek(8</usr/share/icons/Yaru/cursors/watch>, 24576, SEEK_SET <unfinished ...>
31204 <... close resumed>)              = 0
31203 <... lseek resumed>)              = 24576
31204 openat(AT_FDCWD</home/j/robotics/braccio_robot_arm/python/inverse_kin>, "/proc/self/cgroup", O_RDONLY <unfinished ...>
31203 read(8</usr/share/icons/Yaru/cursors/watch>,  <unfinished ...>
31204 <... openat resumed>)             = 13</proc/31199/cgroup>
31203 <... read resumed>"\0\0\0\0\0\0\0\0\0\0\0\0\0\0\0\0\0\0\0\0\0\0\0\0\0\0\0\0\0\0\0\0"..., 4096) = 4096
31204 newfstatat(13</proc/31199/cgroup>, "",  <unfinished ...>
31203 lseek(8</usr/share/icons/Yaru/cursors/watch>, 28672, SEEK_SET <unfinished ...>
31204 <... newfstatat resumed>{st_mode=S_IFREG|0444, st_size=0, ...}, AT_EMPTY_PATH) = 0
31203 <... lseek resumed>)              = 28672
31204 read(13</proc/31199/cgroup>, "0::/user.slice/user-1000.slice/u"..., 1024) = 141
31203 lseek(8</usr/share/icons/Yaru/cursors/watch>, 28672, SEEK_SET <unfinished ...>
31204 read(13</proc/31199/cgroup>,  <unfinished ...>
31203 <... lseek resumed>)              = 28672
31204 <... read resumed>"", 1024)       = 0
31204 close(13</proc/31199/cgroup> <unfinished ...>
31203 read(8</usr/share/icons/Yaru/cursors/watch>,  <unfinished ...>
31204 <... close resumed>)              = 0
31203 <... read resumed>"\0\0\0\24\0\0\0\3\0\0\0\0\0\0\0\0\0\0\0\1\0\0\0\n\0\0\0)(((v"..., 4096) = 4096
31204 openat(AT_FDCWD</home/j/robotics/braccio_robot_arm/python/inverse_kin>, "/proc/self/mountinfo", O_RDONLY <unfinished ...>
31203 lseek(8</usr/share/icons/Yaru/cursors/watch>, 32768, SEEK_SET <unfinished ...>
31204 <... openat resumed>)             = 13</proc/31199/mountinfo>
31203 <... lseek resumed>)              = 32768
31204 newfstatat(13</proc/31199/mountinfo>, "", {st_mode=S_IFREG|0444, st_size=0, ...}, AT_EMPTY_PATH) = 0
31203 lseek(8</usr/share/icons/Yaru/cursors/watch>, 32768, SEEK_SET <unfinished ...>
31204 read(13</proc/31199/mountinfo>,  <unfinished ...>
31203 <... lseek resumed>)              = 32768
31203 read(8</usr/share/icons/Yaru/cursors/watch>,  <unfinished ...>
31204 <... read resumed>"24 29 0:22 / /sys rw,nosuid,node"..., 1024) = 1024
31203 <... read resumed>"UUU\377\324\324\324\353\0\0\0#\0\0\0\7\0\0\0\1\0\0\0\2\0\0\0\t\1\1\0010"..., 4096) = 4096
31204 read(13</proc/31199/mountinfo>,  <unfinished ...>
31203 lseek(8</usr/share/icons/Yaru/cursors/watch>, 36864, SEEK_SET) = 36864
31204 <... read resumed>"tore rw\n35 24 0:30 / /sys/firmwa"..., 1024) = 1024
31203 lseek(8</usr/share/icons/Yaru/cursors/watch>, 36864, SEEK_SET <unfinished ...>
31204 read(13</proc/31199/mountinfo>,  <unfinished ...>
31203 <... lseek resumed>)              = 36864
31203 read(8</usr/share/icons/Yaru/cursors/watch>,  <unfinished ...>
31204 <... read resumed>"ode=700\n91 29 7:0 / /snap/bare/5"..., 1024) = 1024
31203 <... read resumed>"!!!8\0\0\0\v\0\0\0\3\0\0\0\1\0\0\0\0\0\0\0\0\0\0\0\0\0\0\0\0"..., 4096) = 4096
31204 read(13</proc/31199/mountinfo>,  <unfinished ...>
31203 lseek(8</usr/share/icons/Yaru/cursors/watch>, 40960, SEEK_SET) = 40960
31204 <... read resumed>"/snap/gnome-3-38-2004/115 ro,nod"..., 1024) = 1024
31203 read(8</usr/share/icons/Yaru/cursors/watch>,  <unfinished ...>
31204 read(13</proc/31199/mountinfo>,  <unfinished ...>
31203 <... read resumed>"\0\0\0\0\0\0\0\0\0\0\0\0\0\0\0\0\0\0\0\0\0\0\0\0\0\0\0\0\0\0\0\1"..., 4096) = 4096
31203 lseek(8</usr/share/icons/Yaru/cursors/watch>, 45056, SEEK_SET <unfinished ...>
31204 <... read resumed>"ed:85 - squashfs /dev/loop19 ro,"..., 1024) = 1024
31203 <... lseek resumed>)              = 45056
31204 read(13</proc/31199/mountinfo>,  <unfinished ...>
31203 lseek(8</usr/share/icons/Yaru/cursors/watch>, 45056, SEEK_SET <unfinished ...>
31204 <... read resumed>"- tmpfs tmpfs rw,size=1626280k,n"..., 1024) = 384
31203 <... lseek resumed>)              = 45056
31204 read(13</proc/31199/mountinfo>,  <unfinished ...>
31203 read(8</usr/share/icons/Yaru/cursors/watch>,  <unfinished ...>
31204 <... read resumed>"", 1024)       = 0
31203 <... read resumed>"\0\0\0\3\0\0\0\0\0\0\0\0\0\0\0\1\0\0\0\n\0\0\0)(((v\354\354\354\371"..., 4096) = 4096
31204 close(13</proc/31199/mountinfo> <unfinished ...>
31203 lseek(8</usr/share/icons/Yaru/cursors/watch>, 49152, SEEK_SET <unfinished ...>
31204 <... close resumed>)              = 0
31203 <... lseek resumed>)              = 49152
31204 openat(AT_FDCWD</home/j/robotics/braccio_robot_arm/python/inverse_kin>, "/sys/fs/cgroup/user.slice/user-1000.slice/user@1000.service/app.slice/app-org.gnome.Terminal.slice/vte-spawn-b894aef0-ac35-418b-a13e-2143bb494dec.scope/memory.max", O_RDONLY <unfinished ...>
31203 lseek(8</usr/share/icons/Yaru/cursors/watch>, 49152, SEEK_SET <unfinished ...>
31204 <... openat resumed>)             = 13</sys/fs/cgroup/user.slice/user-1000.slice/user@1000.service/app.slice/app-org.gnome.Terminal.slice/vte-spawn-b894aef0-ac35-418b-a13e-2143bb494dec.scope/memory.max>
31203 <... lseek resumed>)              = 49152
31204 newfstatat(13</sys/fs/cgroup/user.slice/user-1000.slice/user@1000.service/app.slice/app-org.gnome.Terminal.slice/vte-spawn-b894aef0-ac35-418b-a13e-2143bb494dec.scope/memory.max>, "",  <unfinished ...>
31203 mprotect(0x7fc798021000, 4096, PROT_READ|PROT_WRITE <unfinished ...>
31204 <... newfstatat resumed>{st_mode=S_IFREG|0644, st_size=0, ...}, AT_EMPTY_PATH) = 0
31203 <... mprotect resumed>)           = 0
31204 read(13</sys/fs/cgroup/user.slice/user-1000.slice/user@1000.service/app.slice/app-org.gnome.Terminal.slice/vte-spawn-b894aef0-ac35-418b-a13e-2143bb494dec.scope/memory.max>,  <unfinished ...>
31203 read(8</usr/share/icons/Yaru/cursors/watch>,  <unfinished ...>
31204 <... read resumed>"max\n", 4096)  = 4
31203 <... read resumed>"\324\324\324\353\0\0\0#\0\0\0\7\0\0\0\1\0\0\0\2\0\0\0\t\1\1\0010\367\367\367\374"..., 4096) = 4096
