31192 <... pread64 resumed>"\4\0\0\0\24\0\0\0\3\0\0\0GNU\0i8\235HZ\227\223\333\350s\360\352,\223\340."..., 68, 896) = 68
31193 <... close resumed>)              = 0
31192 newfstatat(3</usr/lib/x86_64-linux-gnu/libc.so.6>, "",  <unfinished ...>
31193 openat(AT_FDCWD</home/j/robotics/braccio_robot_arm/python/inverse_kin>, "/lib/x86_64-linux-gnu/libpcre.so.3", O_RDONLY|O_CLOEXEC <unfinished ...>
31192 <... newfstatat resumed>{st_mode=S_IFREG|0644, st_size=2216304, ...}, AT_EMPTY_PATH) = 0
31193 <... openat resumed>)             = 3</usr/lib/x86_64-linux-gnu/libpcre.so.3.13.3>
31192 pread64(3</usr/lib/x86_64-linux-gnu/libc.so.6>,  <unfinished ...>
31193 read(3</usr/lib/x86_64-linux-gnu/libpcre.so.3.13.3>,  <unfinished ...>
31192 <... pread64 resumed>"\6\0\0\0\4\0\0\0@\0\0\0\0\0\0\0@\0\0\0\0\0\0\0@\0\0\0\0\0\0\0"..., 784, 64) = 784
31193 <... read resumed>"\177ELF\2\1\1\0\0\0\0\0\0\0\0\0\3\0>\0\1\0\0\0\0\0\0\0\0\0\0\0"..., 832) = 832
31192 mmap(NULL, 2260560, PROT_READ, MAP_PRIVATE|MAP_DENYWRITE, 3</usr/lib/x86_64-linux-gnu/libc.so.6>, 0 <unfinished ...>
31193 newfstatat(3</usr/lib/x86_64-linux-gnu/libpcre.so.3.13.3>, "",  <unfinished ...>
31192 <... mmap resumed>)               = 0x7f048298e000
31193 <... newfstatat resumed>{st_mode=S_IFREG|0644, st_size=477296, ...}, AT_EMPTY_PATH) = 0
31192 mmap(0x7f04829b6000, 1658880, PROT_READ|PROT_EXEC, MAP_PRIVATE|MAP_FIXED|MAP_DENYWRITE, 3</usr/lib/x86_64-linux-gnu/libc.so.6>, 0x28000 <unfinished ...>
31193 mmap(NULL, 479504, PROT_READ, MAP_PRIVATE|MAP_DENYWRITE, 3</usr/lib/x86_64-linux-gnu/libpcre.so.3.13.3>, 0 <unfinished ...>
31192 <... mmap resumed>)               = 0x7f04829b6000
31193 <... mmap resumed>)               = 0x7fb893f7d000
31192 mmap(0x7f0482b4b000, 360448, PROT_READ, MAP_PRIVATE|MAP_FIXED|MAP_DENYWRITE, 3</usr/lib/x86_64-linux-gnu/libc.so.6>, 0x1bd000 <unfinished ...>
31193 mmap(0x7fb893f7f000, 348160, PROT_READ|PROT_EXEC, MAP_PRIVATE|MAP_FIXED|MAP_DENYWRITE, 3</usr/lib/x86_64-linux-gnu/libpcre.so.3.13.3>, 0x2000 <unfinished ...>
31192 <... mmap resumed>)               = 0x7f0482b4b000
31193 <... mmap resumed>)               = 0x7fb893f7f000
31192 mmap(0x7f0482ba3000, 24576, PROT_READ|PROT_WRITE, MAP_PRIVATE|MAP_FIXED|MAP_DENYWRITE, 3</usr/lib/x86_64-linux-gnu/libc.so.6>, 0x214000 <unfinished ...>
31193 mmap(0x7fb893fd4000, 118784, PROT_READ, MAP_PRIVATE|MAP_FIXED|MAP_DENYWRITE, 3</usr/lib/x86_64-linux-gnu/libpcre.so.3.13.3>, 0x57000 <unfinished ...>
31192 <... mmap resumed>)               = 0x7f0482ba3000
31193 <... mmap resumed>)               = 0x7fb893fd4000
31192 mmap(0x7f0482ba9000, 52816, PROT_READ|PROT_WRITE, MAP_PRIVATE|MAP_FIXED|MAP_ANONYMOUS, -1, 0 <unfinished ...>
31193 mmap(0x7fb893ff1000, 8192, PROT_READ|PROT_WRITE, MAP_PRIVATE|MAP_FIXED|MAP_DENYWRITE, 3</usr/lib/x86_64-linux-gnu/libpcre.so.3.13.3>, 0x73000 <unfinished ...>
31192 <... mmap resumed>)               = 0x7f0482ba9000
31193 <... mmap resumed>)               = 0x7fb893ff1000
31192 close(3</usr/lib/x86_64-linux-gnu/libc.so.6> <unfinished ...>
31193 close(3</usr/lib/x86_64-linux-gnu/libpcre.so.3.13.3> <unfinished ...>
31192 <... close resumed>)              = 0
31193 <... close resumed>)              = 0
31193 openat(AT_FDCWD</home/j/robotics/braccio_robot_arm/python/inverse_kin>, "/lib/x86_64-linux-gnu/libc.so.6", O_RDONLY|O_CLOEXEC <unfinished ...>
31192 mmap(NULL, 12288, PROT_READ|PROT_WRITE, MAP_PRIVATE|MAP_ANONYMOUS, -1, 0 <unfinished ...>
31193 <... openat resumed>)             = 3</usr/lib/x86_64-linux-gnu/libc.so.6>
31192 <... mmap resumed>)               = 0x7f048298b000
31193 read(3</usr/lib/x86_64-linux-gnu/libc.so.6>,  <unfinished ...>
31192 arch_prctl(ARCH_SET_FS, 0x7f048298b740 <unfinished ...>
31193 <... read resumed>"\177ELF\2\1\1\3\0\0\0\0\0\0\0\0\3\0>\0\1\0\0\0P\237\2\0\0\0\0\0"..., 832) = 832
31192 <... arch_prctl resumed>)         = 0
31193 pread64(3</usr/lib/x86_64-linux-gnu/libc.so.6>,  <unfinished ...>
31192 set_tid_address(0x7f048298ba10 <unfinished ...>
31193 <... pread64 resumed>"\6\0\0\0\4\0\0\0@\0\0\0\0\0\0\0@\0\0\0\0\0\0\0@\0\0\0\0\0\0\0"..., 784, 64) = 784
31192 <... set_tid_address resumed>)    = 31192
31193 pread64(3</usr/lib/x86_64-linux-gnu/libc.so.6>,  <unfinished ...>
31192 set_robust_list(0x7f048298ba20, 24 <unfinished ...>
31193 <... pread64 resumed>"\4\0\0\0 \0\0\0\5\0\0\0GNU\0\2\0\0\300\4\0\0\0\3\0\0\0\0\0\0\0"..., 48, 848) = 48
31192 <... set_robust_list resumed>)    = 0
31193 pread64(3</usr/lib/x86_64-linux-gnu/libc.so.6>,  <unfinished ...>
31192 rseq(0x7f048298c0e0, 0x20, 0, 0x53053053 <unfinished ...>
31193 <... pread64 resumed>"\4\0\0\0\24\0\0\0\3\0\0\0GNU\0i8\235HZ\227\223\333\350s\360\352,\223\340."..., 68, 896) = 68
31192 <... rseq resumed>)               = 0
31193 newfstatat(3</usr/lib/x86_64-linux-gnu/libc.so.6>, "", {st_mode=S_IFREG|0644, st_size=2216304, ...}, AT_EMPTY_PATH) = 0
31193 pread64(3</usr/lib/x86_64-linux-gnu/libc.so.6>,  <unfinished ...>
31192 mprotect(0x7f0482ba3000, 16384, PROT_READ <unfinished ...>
31193 <... pread64 resumed>"\6\0\0\0\4\0\0\0@\0\0\0\0\0\0\0@\0\0\0\0\0\0\0@\0\0\0\0\0\0\0"..., 784, 64) = 784
31192 <... mprotect resumed>)           = 0
31193 mmap(NULL, 2260560, PROT_READ, MAP_PRIVATE|MAP_DENYWRITE, 3</usr/lib/x86_64-linux-gnu/libc.so.6>, 0) = 0x7fb893d55000
31192 mprotect(0x56407c918000, 4096, PROT_READ <unfinished ...>
31193 mmap(0x7fb893d7d000, 1658880, PROT_READ|PROT_EXEC, MAP_PRIVATE|MAP_FIXED|MAP_DENYWRITE, 3</usr/lib/x86_64-linux-gnu/libc.so.6>, 0x28000 <unfinished ...>
31192 <... mprotect resumed>)           = 0
31193 <... mmap resumed>)               = 0x7fb893d7d000
31192 mprotect(0x7f0482c01000, 8192, PROT_READ <unfinished ...>
31193 mmap(0x7fb893f12000, 360448, PROT_READ, MAP_PRIVATE|MAP_FIXED|MAP_DENYWRITE, 3</usr/lib/x86_64-linux-gnu/libc.so.6>, 0x1bd000 <unfinished ...>
31192 <... mprotect resumed>)           = 0
31193 <... mmap resumed>)               = 0x7fb893f12000
31193 mmap(0x7fb893f6a000, 24576, PROT_READ|PROT_WRITE, MAP_PRIVATE|MAP_FIXED|MAP_DENYWRITE, 3</usr/lib/x86_64-linux-gnu/libc.so.6>, 0x214000 <unfinished ...>
31192 prlimit64(0, RLIMIT_STACK, NULL,  <unfinished ...>
31193 <... mmap resumed>)               = 0x7fb893f6a000
31192 <... prlimit64 resumed>{rlim_cur=8192*1024, rlim_max=RLIM64_INFINITY}) = 0
31193 mmap(0x7fb893f70000, 52816, PROT_READ|PROT_WRITE, MAP_PRIVATE|MAP_FIXED|MAP_ANONYMOUS, -1, 0) = 0x7fb893f70000
31192 munmap(0x7f0482bb6000, 69439 <unfinished ...>
31193 close(3</usr/lib/x86_64-linux-gnu/libc.so.6> <unfinished ...>
31192 <... munmap resumed>)             = 0
31193 <... close resumed>)              = 0
31193 mmap(NULL, 12288, PROT_READ|PROT_WRITE, MAP_PRIVATE|MAP_ANONYMOUS, -1, 0 <unfinished ...>
31192 getrandom( <unfinished ...>
31193 <... mmap resumed>)               = 0x7fb893d52000
31192 <... getrandom resumed>"\x25\xd3\x74\xfd\x9a\xcd\xd6\x6b", 8, GRND_NONBLOCK) = 8
31193 arch_prctl(ARCH_SET_FS, 0x7fb893d52740 <unfinished ...>
31192 brk(NULL <unfinished ...>
31193 <... arch_prctl resumed>)         = 0
31192 <... brk resumed>)                = 0x56407d005000
31193 set_tid_address(0x7fb893d52a10 <unfinished ...>
31192 brk(0x56407d026000 <unfinished ...>
31193 <... set_tid_address resumed>)    = 31193
31192 <... brk resumed>)                = 0x56407d026000
31193 set_robust_list(0x7fb893d52a20, 24 <unfinished ...>
31192 openat(AT_FDCWD</home/j/robotics/braccio_robot_arm/python/inverse_kin>, "/usr/lib/locale/locale-archive", O_RDONLY|O_CLOEXEC <unfinished ...>
31193 <... set_robust_list resumed>)    = 0
31192 <... openat resumed>)             = 3</usr/lib/locale/locale-archive>
31193 rseq(0x7fb893d530e0, 0x20, 0, 0x53053053 <unfinished ...>
31192 newfstatat(3</usr/lib/locale/locale-archive>, "",  <unfinished ...>
31193 <... rseq resumed>)               = 0
31192 <... newfstatat resumed>{st_mode=S_IFREG|0644, st_size=5712208, ...}, AT_EMPTY_PATH) = 0
31192 mmap(NULL, 5712208, PROT_READ, MAP_PRIVATE, 3</usr/lib/locale/locale-archive>, 0) = 0x7f0482418000
31193 mprotect(0x7fb893f6a000, 16384, PROT_READ <unfinished ...>
31192 close(3</usr/lib/locale/locale-archive> <unfinished ...>
31193 <... mprotect resumed>)           = 0
31192 <... close resumed>)              = 0
31193 mprotect(0x7fb893ff1000, 4096, PROT_READ) = 0
31192 getuid()                          = 1000
31193 mprotect(0x55ddacf06000, 4096, PROT_READ <unfinished ...>
31192 getegid( <unfinished ...>
31193 <... mprotect resumed>)           = 0
31192 <... getegid resumed>)            = 1000
31193 mprotect(0x7fb89403e000, 8192, PROT_READ <unfinished ...>
31192 getgid( <unfinished ...>
31193 <... mprotect resumed>)           = 0
31192 <... getgid resumed>)             = 1000
31193 prlimit64(0, RLIMIT_STACK, NULL,  <unfinished ...>
31192 socket(AF_UNIX, SOCK_STREAM|SOCK_CLOEXEC|SOCK_NONBLOCK, 0 <unfinished ...>
31193 <... prlimit64 resumed>{rlim_cur=8192*1024, rlim_max=RLIM64_INFINITY}) = 0
31192 <... socket resumed>)             = 3<UNIX-STREAM:[458833]>
31193 munmap(0x7fb893ff3000, 69439 <unfinished ...>
31192 connect(3<UNIX-STREAM:[458833]>, {sa_family=AF_UNIX, sun_path="/var/run/nscd/socket"}, 110 <unfinished ...>
31193 <... munmap resumed>)             = 0
31192 <... connect resumed>)            = -1 ENOENT (No such file or directory)
31192 close(3<UNIX-STREAM:[458833]> <unfinished ...>
31193 getrandom( <unfinished ...>
31192 <... close resumed>)              = 0
31193 <... getrandom resumed>"\x89\x9f\x90\x37\xd9\xab\x21\xc4", 8, GRND_NONBLOCK) = 8
31192 socket(AF_UNIX, SOCK_STREAM|SOCK_CLOEXEC|SOCK_NONBLOCK, 0 <unfinished ...>
31193 brk(NULL <unfinished ...>
31192 <... socket resumed>)             = 3<UNIX-STREAM:[458834]>
31193 <... brk resumed>)                = 0x55ddad52f000
31192 connect(3<UNIX-STREAM:[458834]>, {sa_family=AF_UNIX, sun_path="/var/run/nscd/socket"}, 110 <unfinished ...>
31193 brk(0x55ddad550000 <unfinished ...>
31192 <... connect resumed>)            = -1 ENOENT (No such file or directory)
31193 <... brk resumed>)                = 0x55ddad550000
31192 close(3<UNIX-STREAM:[458834]> <unfinished ...>
31193 openat(AT_FDCWD</home/j/robotics/braccio_robot_arm/python/inverse_kin>, "/usr/lib/locale/locale-archive", O_RDONLY|O_CLOEXEC <unfinished ...>
31192 <... close resumed>)              = 0
31193 <... openat resumed>)             = 3</usr/lib/locale/locale-archive>
31192 newfstatat(AT_FDCWD</home/j/robotics/braccio_robot_arm/python/inverse_kin>, "/etc/nsswitch.conf",  <unfinished ...>
31193 newfstatat(3</usr/lib/locale/locale-archive>, "",  <unfinished ...>
31192 <... newfstatat resumed>{st_mode=S_IFREG|0644, st_size=542, ...}, 0) = 0
31193 <... newfstatat resumed>{st_mode=S_IFREG|0644, st_size=5712208, ...}, AT_EMPTY_PATH) = 0
31192 newfstatat(AT_FDCWD</home/j/robotics/braccio_robot_arm/python/inverse_kin>, "/",  <unfinished ...>
31193 mmap(NULL, 5712208, PROT_READ, MAP_PRIVATE, 3</usr/lib/locale/locale-archive>, 0 <unfinished ...>
31192 <... newfstatat resumed>{st_mode=S_IFDIR|0755, st_size=4096, ...}, 0) = 0
31193 <... mmap resumed>)               = 0x7fb8937df000
31192 openat(AT_FDCWD</home/j/robotics/braccio_robot_arm/python/inverse_kin>, "/etc/nsswitch.conf", O_RDONLY|O_CLOEXEC <unfinished ...>
31193 close(3</usr/lib/locale/locale-archive> <unfinished ...>
31192 <... openat resumed>)             = 3</etc/nsswitch.conf>
31193 <... close resumed>)              = 0
31192 newfstatat(3</etc/nsswitch.conf>, "", {st_mode=S_IFREG|0644, st_size=542, ...}, AT_EMPTY_PATH) = 0
31193 openat(AT_FDCWD</home/j/robotics/braccio_robot_arm/python/inverse_kin>, "/usr/lib/x86_64-linux-gnu/gconv/gconv-modules.cache", O_RDONLY <unfinished ...>
31192 read(3</etc/nsswitch.conf>,  <unfinished ...>
31193 <... openat resumed>)             = 3</usr/lib/x86_64-linux-gnu/gconv/gconv-modules.cache>
31192 <... read resumed>"# /etc/nsswitch.conf\n#\n# Example"..., 4096) = 542
31193 newfstatat(3</usr/lib/x86_64-linux-gnu/gconv/gconv-modules.cache>, "",  <unfinished ...>
31192 read(3</etc/nsswitch.conf>,  <unfinished ...>
31193 <... newfstatat resumed>{st_mode=S_IFREG|0644, st_size=27002, ...}, AT_EMPTY_PATH) = 0
31192 <... read resumed>"", 4096)       = 0
31193 mmap(NULL, 27002, PROT_READ, MAP_SHARED, 3</usr/lib/x86_64-linux-gnu/gconv/gconv-modules.cache>, 0 <unfinished ...>
31192 newfstatat(3</etc/nsswitch.conf>, "",  <unfinished ...>
31193 <... mmap resumed>)               = 0x7fb893ffd000
31192 <... newfstatat resumed>{st_mode=S_IFREG|0644, st_size=542, ...}, AT_EMPTY_PATH) = 0
31193 close(3</usr/lib/x86_64-linux-gnu/gconv/gconv-modules.cache> <unfinished ...>
31192 close(3</etc/nsswitch.conf> <unfinished ...>
31193 <... close resumed>)              = 0
31192 <... close resumed>)              = 0
31193 futex(0x7fb893f6fa6c, FUTEX_WAKE_PRIVATE, 2147483647 <unfinished ...>
31192 openat(AT_FDCWD</home/j/robotics/braccio_robot_arm/python/inverse_kin>, "/etc/group", O_RDONLY|O_CLOEXEC <unfinished ...>
31193 <... futex resumed>)              = 0
31192 <... openat resumed>)             = 3</etc/group>
31192 newfstatat(3</etc/group>, "",  <unfinished ...>
31193 openat(AT_FDCWD</home/j/robotics/braccio_robot_arm/python/inverse_kin>, "/usr/share/locale/locale.alias", O_RDONLY|O_CLOEXEC <unfinished ...>
31192 <... newfstatat resumed>{st_mode=S_IFREG|0644, st_size=1058, ...}, AT_EMPTY_PATH) = 0
31193 <... openat resumed>)             = 3</etc/locale.alias>
31192 lseek(3</etc/group>, 0, SEEK_SET <unfinished ...>
31193 newfstatat(3</etc/locale.alias>, "",  <unfinished ...>
31192 <... lseek resumed>)              = 0
31193 <... newfstatat resumed>{st_mode=S_IFREG|0644, st_size=2996, ...}, AT_EMPTY_PATH) = 0
31192 read(3</etc/group>,  <unfinished ...>
31193 read(3</etc/locale.alias>,  <unfinished ...>
31192 <... read resumed>"root:x:0:\ndaemon:x:1:\nbin:x:2:\ns"..., 4096) = 1058
31193 <... read resumed>"# Locale name alias data base.\n#"..., 4096) = 2996
31192 close(3</etc/group> <unfinished ...>
31193 read(3</etc/locale.alias>,  <unfinished ...>
31192 <... close resumed>)              = 0
31193 <... read resumed>"", 4096)       = 0
31192 newfstatat(1<pipe:[455887]>, "",  <unfinished ...>
31193 close(3</etc/locale.alias> <unfinished ...>
31192 <... newfstatat resumed>{st_mode=S_IFIFO|0600, st_size=0, ...}, AT_EMPTY_PATH) = 0
31193 <... close resumed>)              = 0
31192 getgroups(0, NULL)                = 10
31193 openat(AT_FDCWD</home/j/robotics/braccio_robot_arm/python/inverse_kin>, "/usr/share/locale/en_US.UTF-8/LC_MESSAGES/grep.mo", O_RDONLY <unfinished ...>
31192 getgroups(10,  <unfinished ...>
31193 <... openat resumed>)             = -1 ENOENT (No such file or directory)
31192 <... getgroups resumed>[4, 20, 24, 27, 30, 46, 122, 134, 135, 1000]) = 10
31193 openat(AT_FDCWD</home/j/robotics/braccio_robot_arm/python/inverse_kin>, "/usr/share/locale/en_US.utf8/LC_MESSAGES/grep.mo", O_RDONLY <unfinished ...>
31192 newfstatat(AT_FDCWD</home/j/robotics/braccio_robot_arm/python/inverse_kin>, "/etc/nsswitch.conf",  <unfinished ...>
31193 <... openat resumed>)             = -1 ENOENT (No such file or directory)
31192 <... newfstatat resumed>{st_mode=S_IFREG|0644, st_size=542, ...}, 0) = 0
31193 openat(AT_FDCWD</home/j/robotics/braccio_robot_arm/python/inverse_kin>, "/usr/share/locale/en_US/LC_MESSAGES/grep.mo", O_RDONLY <unfinished ...>
31192 openat(AT_FDCWD</home/j/robotics/braccio_robot_arm/python/inverse_kin>, "/etc/group", O_RDONLY|O_CLOEXEC <unfinished ...>
31193 <... openat resumed>)             = -1 ENOENT (No such file or directory)
31192 <... openat resumed>)             = 3</etc/group>
31193 openat(AT_FDCWD</home/j/robotics/braccio_robot_arm/python/inverse_kin>, "/usr/share/locale/en.UTF-8/LC_MESSAGES/grep.mo", O_RDONLY <unfinished ...>
31192 newfstatat(3</etc/group>, "",  <unfinished ...>
31193 <... openat resumed>)             = -1 ENOENT (No such file or directory)
31192 <... newfstatat resumed>{st_mode=S_IFREG|0644, st_size=1058, ...}, AT_EMPTY_PATH) = 0
31193 openat(AT_FDCWD</home/j/robotics/braccio_robot_arm/python/inverse_kin>, "/usr/share/locale/en.utf8/LC_MESSAGES/grep.mo", O_RDONLY <unfinished ...>
31192 lseek(3</etc/group>, 0, SEEK_SET <unfinished ...>
31193 <... openat resumed>)             = -1 ENOENT (No such file or directory)
31192 <... lseek resumed>)              = 0
31193 openat(AT_FDCWD</home/j/robotics/braccio_robot_arm/python/inverse_kin>, "/usr/share/locale/en/LC_MESSAGES/grep.mo", O_RDONLY <unfinished ...>
31192 read(3</etc/group>,  <unfinished ...>
31193 <... openat resumed>)             = -1 ENOENT (No such file or directory)
31192 <... read resumed>"root:x:0:\ndaemon:x:1:\nbin:x:2:\ns"..., 4096) = 1058
31193 openat(AT_FDCWD</home/j/robotics/braccio_robot_arm/python/inverse_kin>, "/usr/share/locale-langpack/en_US.UTF-8/LC_MESSAGES/grep.mo", O_RDONLY <unfinished ...>
31192 close(3</etc/group> <unfinished ...>
31193 <... openat resumed>)             = -1 ENOENT (No such file or directory)
31192 <... close resumed>)              = 0
31193 openat(AT_FDCWD</home/j/robotics/braccio_robot_arm/python/inverse_kin>, "/usr/share/locale-langpack/en_US.utf8/LC_MESSAGES/grep.mo", O_RDONLY <unfinished ...>
31192 newfstatat(AT_FDCWD</home/j/robotics/braccio_robot_arm/python/inverse_kin>, "/etc/nsswitch.conf",  <unfinished ...>
31193 <... openat resumed>)             = -1 ENOENT (No such file or directory)
31192 <... newfstatat resumed>{st_mode=S_IFREG|0644, st_size=542, ...}, 0) = 0
31193 openat(AT_FDCWD</home/j/robotics/braccio_robot_arm/python/inverse_kin>, "/usr/share/locale-langpack/en_US/LC_MESSAGES/grep.mo", O_RDONLY <unfinished ...>
31192 openat(AT_FDCWD</home/j/robotics/braccio_robot_arm/python/inverse_kin>, "/etc/group", O_RDONLY|O_CLOEXEC <unfinished ...>
31193 <... openat resumed>)             = -1 ENOENT (No such file or directory)
31192 <... openat resumed>)             = 3</etc/group>
31193 openat(AT_FDCWD</home/j/robotics/braccio_robot_arm/python/inverse_kin>, "/usr/share/locale-langpack/en.UTF-8/LC_MESSAGES/grep.mo", O_RDONLY <unfinished ...>
31192 newfstatat(3</etc/group>, "",  <unfinished ...>
31193 <... openat resumed>)             = -1 ENOENT (No such file or directory)
31192 <... newfstatat resumed>{st_mode=S_IFREG|0644, st_size=1058, ...}, AT_EMPTY_PATH) = 0
31193 openat(AT_FDCWD</home/j/robotics/braccio_robot_arm/python/inverse_kin>, "/usr/share/locale-langpack/en.utf8/LC_MESSAGES/grep.mo", O_RDONLY <unfinished ...>
31192 lseek(3</etc/group>, 0, SEEK_SET <unfinished ...>
31193 <... openat resumed>)             = -1 ENOENT (No such file or directory)
31192 <... lseek resumed>)              = 0
31193 openat(AT_FDCWD</home/j/robotics/braccio_robot_arm/python/inverse_kin>, "/usr/share/locale-langpack/en/LC_MESSAGES/grep.mo", O_RDONLY <unfinished ...>
31192 read(3</etc/group>,  <unfinished ...>
31193 <... openat resumed>)             = -1 ENOENT (No such file or directory)
31192 <... read resumed>"root:x:0:\ndaemon:x:1:\nbin:x:2:\ns"..., 4096) = 1058
31193 openat(AT_FDCWD</home/j/robotics/braccio_robot_arm/python/inverse_kin>, "/proc/self/maps", O_RDONLY <unfinished ...>
31192 close(3</etc/group> <unfinished ...>
31193 <... openat resumed>)             = 3</proc/31193/maps>
31192 <... close resumed>)              = 0
31193 mmap(NULL, 8192, PROT_READ|PROT_WRITE, MAP_PRIVATE|MAP_ANONYMOUS, -1, 0 <unfinished ...>
31192 newfstatat(AT_FDCWD</home/j/robotics/braccio_robot_arm/python/inverse_kin>, "/etc/nsswitch.conf",  <unfinished ...>
31193 <... mmap resumed>)               = 0x7fb893ffb000
31192 <... newfstatat resumed>{st_mode=S_IFREG|0644, st_size=542, ...}, 0) = 0
31193 lseek(3</proc/31193/maps>, 0, SEEK_SET <unfinished ...>
31192 openat(AT_FDCWD</home/j/robotics/braccio_robot_arm/python/inverse_kin>, "/etc/group", O_RDONLY|O_CLOEXEC <unfinished ...>
31193 <... lseek resumed>)              = 0
31192 <... openat resumed>)             = 3</etc/group>
31193 read(3</proc/31193/maps>,  <unfinished ...>
31192 newfstatat(3</etc/group>, "", {st_mode=S_IFREG|0644, st_size=1058, ...}, AT_EMPTY_PATH) = 0
31193 <... read resumed>"55ddaceda000-55ddacede000 r--p 0"..., 8192) = 3044
31192 lseek(3</etc/group>, 0, SEEK_SET <unfinished ...>
31193 read(3</proc/31193/maps>,  <unfinished ...>
31192 <... lseek resumed>)              = 0
31193 <... read resumed>"", 5148)       = 0
31192 read(3</etc/group>,  <unfinished ...>
31193 close(3</proc/31193/maps> <unfinished ...>
31192 <... read resumed>"root:x:0:\ndaemon:x:1:\nbin:x:2:\ns"..., 4096) = 1058
31193 <... close resumed>)              = 0
31192 close(3</etc/group> <unfinished ...>
31193 munmap(0x7fb893ffb000, 8192 <unfinished ...>
31192 <... close resumed>)              = 0
31193 <... munmap resumed>)             = 0
31192 newfstatat(AT_FDCWD</home/j/robotics/braccio_robot_arm/python/inverse_kin>, "/etc/nsswitch.conf",  <unfinished ...>
31193 sigaltstack({ss_sp=0x55ddacf077c0, ss_flags=0, ss_size=65536},  <unfinished ...>
31192 <... newfstatat resumed>{st_mode=S_IFREG|0644, st_size=542, ...}, 0) = 0
31193 <... sigaltstack resumed>NULL)    = 0
31192 openat(AT_FDCWD</home/j/robotics/braccio_robot_arm/python/inverse_kin>, "/etc/group", O_RDONLY|O_CLOEXEC <unfinished ...>
31193 rt_sigaction(SIGSEGV, {sa_handler=0x55ddacef9310, sa_mask=[HUP INT QUIT USR1 USR2 PIPE ALRM TERM CHLD URG XCPU XFSZ VTALRM PROF WINCH IO PWR], sa_flags=SA_RESTORER|SA_ONSTACK|SA_SIGINFO, sa_restorer=0x7fb893d97520},  <unfinished ...>
31192 <... openat resumed>)             = 3</etc/group>
31193 <... rt_sigaction resumed>NULL, 8) = 0
31192 newfstatat(3</etc/group>, "",  <unfinished ...>
31193 rt_sigaction(SIGSEGV, {sa_handler=0x55ddacef9310, sa_mask=[HUP INT QUIT USR1 USR2 PIPE ALRM TERM CHLD URG XCPU XFSZ VTALRM PROF WINCH IO PWR], sa_flags=SA_RESTORER|SA_ONSTACK|SA_SIGINFO, sa_restorer=0x7fb893d97520},  <unfinished ...>
31192 <... newfstatat resumed>{st_mode=S_IFREG|0644, st_size=1058, ...}, AT_EMPTY_PATH) = 0
31193 <... rt_sigaction resumed>NULL, 8) = 0
31192 lseek(3</etc/group>, 0, SEEK_SET) = 0
31192 read(3</etc/group>, "root:x:0:\ndaemon:x:1:\nbin:x:2:\ns"..., 4096) = 1058
31193 brk(0x55ddad572000 <unfinished ...>
31192 close(3</etc/group> <unfinished ...>
31193 <... brk resumed>)                = 0x55ddad572000
31192 <... close resumed>)              = 0
31193 newfstatat(0<pipe:[455887]>, "",  <unfinished ...>
31192 newfstatat(AT_FDCWD</home/j/robotics/braccio_robot_arm/python/inverse_kin>, "/etc/nsswitch.conf",  <unfinished ...>
31193 <... newfstatat resumed>{st_mode=S_IFIFO|0600, st_size=0, ...}, AT_EMPTY_PATH) = 0
31192 <... newfstatat resumed>{st_mode=S_IFREG|0644, st_size=542, ...}, 0) = 0
31193 lseek(0<pipe:[455887]>, 0, SEEK_CUR <unfinished ...>
31192 openat(AT_FDCWD</home/j/robotics/braccio_robot_arm/python/inverse_kin>, "/etc/group", O_RDONLY|O_CLOEXEC <unfinished ...>
31193 <... lseek resumed>)              = -1 ESPIPE (Illegal seek)
31192 <... openat resumed>)             = 3</etc/group>
31193 read(0<pipe:[455887]>,  <unfinished ...>
31192 newfstatat(3</etc/group>, "", {st_mode=S_IFREG|0644, st_size=1058, ...}, AT_EMPTY_PATH) = 0
31192 lseek(3</etc/group>, 0, SEEK_SET) = 0
31192 read(3</etc/group>, "root:x:0:\ndaemon:x:1:\nbin:x:2:\ns"..., 4096) = 1058
31192 close(3</etc/group>)              = 0
31192 newfstatat(AT_FDCWD</home/j/robotics/braccio_robot_arm/python/inverse_kin>, "/etc/nsswitch.conf", {st_mode=S_IFREG|0644, st_size=542, ...}, 0) = 0
31192 openat(AT_FDCWD</home/j/robotics/braccio_robot_arm/python/inverse_kin>, "/etc/group", O_RDONLY|O_CLOEXEC) = 3</etc/group>
31192 newfstatat(3</etc/group>, "", {st_mode=S_IFREG|0644, st_size=1058, ...}, AT_EMPTY_PATH) = 0
31192 lseek(3</etc/group>, 0, SEEK_SET) = 0
31192 read(3</etc/group>, "root:x:0:\ndaemon:x:1:\nbin:x:2:\ns"..., 4096) = 1058
31192 close(3</etc/group>)              = 0
31192 newfstatat(AT_FDCWD</home/j/robotics/braccio_robot_arm/python/inverse_kin>, "/etc/nsswitch.conf", {st_mode=S_IFREG|0644, st_size=542, ...}, 0) = 0
31192 openat(AT_FDCWD</home/j/robotics/braccio_robot_arm/python/inverse_kin>, "/etc/group", O_RDONLY|O_CLOEXEC) = 3</etc/group>
31192 newfstatat(3</etc/group>, "", {st_mode=S_IFREG|0644, st_size=1058, ...}, AT_EMPTY_PATH) = 0
31192 lseek(3</etc/group>, 0, SEEK_SET) = 0
31192 read(3</etc/group>, "root:x:0:\ndaemon:x:1:\nbin:x:2:\ns"..., 4096) = 1058
31192 close(3</etc/group>)              = 0
31192 newfstatat(AT_FDCWD</home/j/robotics/braccio_robot_arm/python/inverse_kin>, "/etc/nsswitch.conf", {st_mode=S_IFREG|0644, st_size=542, ...}, 0) = 0
31192 openat(AT_FDCWD</home/j/robotics/braccio_robot_arm/python/inverse_kin>, "/etc/group", O_RDONLY|O_CLOEXEC) = 3</etc/group>
31192 newfstatat(3</etc/group>, "", {st_mode=S_IFREG|0644, st_size=1058, ...}, AT_EMPTY_PATH) = 0
31192 lseek(3</etc/group>, 0, SEEK_SET) = 0
31192 read(3</etc/group>, "root:x:0:\ndaemon:x:1:\nbin:x:2:\ns"..., 4096) = 1058
31192 close(3</etc/group>)              = 0
31192 newfstatat(AT_FDCWD</home/j/robotics/braccio_robot_arm/python/inverse_kin>, "/etc/nsswitch.conf", {st_mode=S_IFREG|0644, st_size=542, ...}, 0) = 0
31192 openat(AT_FDCWD</home/j/robotics/braccio_robot_arm/python/inverse_kin>, "/etc/group", O_RDONLY|O_CLOEXEC) = 3</etc/group>
31192 newfstatat(3</etc/group>, "", {st_mode=S_IFREG|0644, st_size=1058, ...}, AT_EMPTY_PATH) = 0
31192 lseek(3</etc/group>, 0, SEEK_SET) = 0
31192 read(3</etc/group>, "root:x:0:\ndaemon:x:1:\nbin:x:2:\ns"..., 4096) = 1058
31192 close(3</etc/group>)              = 0
31192 write(1<pipe:[455887]>, "j adm dialout cdrom sudo dip plu"..., 60) = 60
31193 <... read resumed>"j adm dialout cdrom sudo dip plu"..., 98304) = 60
31192 close(1<pipe:[455887]>)           = 0
31192 close(2</dev/pts/0<char 136:0>> <unfinished ...>
31193 close(1</dev/pts/0<char 136:0>> <unfinished ...>
31192 <... close resumed>)              = 0
31193 <... close resumed>)              = 0
31192 exit_group(0 <unfinished ...>
31193 close(2</dev/pts/0<char 136:0>> <unfinished ...>
31192 <... exit_group resumed>)         = ?
31193 <... close resumed>)              = 0
31193 exit_group(0)                     = ?
31192 +++ exited with 0 +++
31190 <... wait4 resumed>[{WIFEXITED(s) && WEXITSTATUS(s) == 0}], 0, NULL) = 31192
31190 wait4(-1,  <unfinished ...>
31193 +++ exited with 0 +++
31190 <... wait4 resumed>[{WIFEXITED(s) && WEXITSTATUS(s) == 0}], 0, NULL) = 31193
31190 rt_sigaction(SIGINT, {sa_handler=SIG_DFL, sa_mask=[], sa_flags=SA_RESTORER, sa_restorer=0x7f33ffa1e520}, {sa_handler=0x55d1a6612dc0, sa_mask=[], sa_flags=SA_RESTORER, sa_restorer=0x7f33ffa1e520}, 8) = 0
31190 ioctl(2</dev/pts/0<char 136:0>>, TIOCGWINSZ, {ws_row=55, ws_col=203, ws_xpixel=0, ws_ypixel=0}) = 0
31190 ioctl(1</dev/pts/0<char 136:0>>, TCGETS, {B38400 opost isig icanon echo ...}) = 0
31190 newfstatat(AT_FDCWD</home/j/robotics/braccio_robot_arm/python/inverse_kin>, "/home/j/.terminfo", 0x55d1a7d80450, 0) = -1 ENOENT (No such file or directory)
31190 newfstatat(AT_FDCWD</home/j/robotics/braccio_robot_arm/python/inverse_kin>, "/etc/terminfo", {st_mode=S_IFDIR|0755, st_size=4096, ...}, 0) = 0
31190 newfstatat(AT_FDCWD</home/j/robotics/braccio_robot_arm/python/inverse_kin>, "/lib/terminfo", {st_mode=S_IFDIR|0755, st_size=4096, ...}, 0) = 0
31190 newfstatat(AT_FDCWD</home/j/robotics/braccio_robot_arm/python/inverse_kin>, "/usr/share/terminfo", {st_mode=S_IFDIR|0755, st_size=4096, ...}, 0) = 0
31190 access("/etc/terminfo/x/xterm-256color", R_OK) = -1 ENOENT (No such file or directory)
31190 access("/lib/terminfo/x/xterm-256color", R_OK) = 0
31190 openat(AT_FDCWD</home/j/robotics/braccio_robot_arm/python/inverse_kin>, "/lib/terminfo/x/xterm-256color", O_RDONLY) = 3</usr/lib/terminfo/x/xterm-256color>
31190 newfstatat(3</usr/lib/terminfo/x/xterm-256color>, "", {st_mode=S_IFREG|0644, st_size=3852, ...}, AT_EMPTY_PATH) = 0
31190 read(3</usr/lib/terminfo/x/xterm-256color>, "\36\2%\0&\0\17\0\235\1Z\6xterm-256color|xterm"..., 32768) = 3852
31190 read(3</usr/lib/terminfo/x/xterm-256color>, "", 28672) = 0
31190 close(3</usr/lib/terminfo/x/xterm-256color>) = 0
31190 ioctl(1</dev/pts/0<char 136:0>>, TCGETS, {B38400 opost isig icanon echo ...}) = 0
31190 ioctl(1</dev/pts/0<char 136:0>>, TCGETS, {B38400 opost isig icanon echo ...}) = 0
31190 ioctl(1</dev/pts/0<char 136:0>>, TCGETS, {B38400 opost isig icanon echo ...}) = 0
31190 ioctl(1</dev/pts/0<char 136:0>>, TCGETS, {B38400 opost isig icanon echo ...}) = 0
31190 ioctl(1</dev/pts/0<char 136:0>>, TIOCGWINSZ, {ws_row=55, ws_col=203, ws_xpixel=0, ws_ypixel=0}) = 0
31190 ioctl(0</dev/pts/0<char 136:0>>, TIOCGWINSZ, {ws_row=55, ws_col=203, ws_xpixel=0, ws_ypixel=0}) = 0
31190 brk(0x55d1a7dac000)               = 0x55d1a7dac000
31190 rt_sigprocmask(SIG_SETMASK, [CHLD], NULL, 8) = 0
31190 close(3)                          = -1 EBADF (Bad file descriptor)
31190 rt_sigprocmask(SIG_SETMASK, [], NULL, 8) = 0
31190 --- SIGCHLD {si_signo=SIGCHLD, si_code=CLD_EXITED, si_pid=31192, si_uid=1000, si_status=0, si_utime=0, si_stime=0} ---
31190 wait4(-1, 0x7ffe59cf6450, WNOHANG, NULL) = -1 ECHILD (No child processes)
31190 rt_sigreturn({mask=[]})           = 0
31190 rt_sigprocmask(SIG_BLOCK, [CHLD], [], 8) = 0
31190 rt_sigprocmask(SIG_SETMASK, [], NULL, 8) = 0
31190 read(255</usr/bin/arduino>, "\n\nfor LIB in \\\n    \"$APPDIR\"/jav"..., 1345) = 941
31190 openat(AT_FDCWD</home/j/robotics/braccio_robot_arm/python/inverse_kin>, "/usr/share/arduino/lib/", O_RDONLY|O_NONBLOCK|O_CLOEXEC|O_DIRECTORY) = 3</usr/share/arduino/lib>
31190 newfstatat(3</usr/share/arduino/lib>, "", {st_mode=S_IFDIR|0755, st_size=4096, ...}, AT_EMPTY_PATH) = 0
31190 getdents64(3</usr/share/arduino/lib>, 0x55d1a7d93ea0 /* 65 entries */, 32768) = 2440
31190 getdents64(3</usr/share/arduino/lib>, 0x55d1a7d93ea0 /* 0 entries */, 32768) = 0
31190 close(3</usr/share/arduino/lib>)  = 0
31190 rt_sigprocmask(SIG_BLOCK, [CHLD], [], 8) = 0
31190 rt_sigprocmask(SIG_SETMASK, [], NULL, 8) = 0
31190 rt_sigprocmask(SIG_BLOCK, [CHLD], [], 8) = 0
31190 rt_sigprocmask(SIG_SETMASK, [], NULL, 8) = 0
31190 rt_sigprocmask(SIG_BLOCK, [CHLD], [], 8) = 0
31190 rt_sigprocmask(SIG_SETMASK, [], NULL, 8) = 0
31190 rt_sigprocmask(SIG_BLOCK, [CHLD], [], 8) = 0
31190 rt_sigprocmask(SIG_SETMASK, [], NULL, 8) = 0
31190 rt_sigprocmask(SIG_BLOCK, [CHLD], [], 8) = 0
31190 rt_sigprocmask(SIG_SETMASK, [], NULL, 8) = 0
31190 rt_sigprocmask(SIG_BLOCK, [CHLD], [], 8) = 0
31190 rt_sigprocmask(SIG_SETMASK, [], NULL, 8) = 0
31190 rt_sigprocmask(SIG_BLOCK, [CHLD], [], 8) = 0
31190 rt_sigprocmask(SIG_SETMASK, [], NULL, 8) = 0
31190 rt_sigprocmask(SIG_BLOCK, [CHLD], [], 8) = 0
31190 rt_sigprocmask(SIG_SETMASK, [], NULL, 8) = 0
31190 rt_sigprocmask(SIG_BLOCK, [CHLD], [], 8) = 0
31190 rt_sigprocmask(SIG_SETMASK, [], NULL, 8) = 0
31190 rt_sigprocmask(SIG_BLOCK, [CHLD], [], 8) = 0
31190 rt_sigprocmask(SIG_SETMASK, [], NULL, 8) = 0
31190 rt_sigprocmask(SIG_BLOCK, [CHLD], [], 8) = 0
31190 rt_sigprocmask(SIG_SETMASK, [], NULL, 8) = 0
31190 rt_sigprocmask(SIG_BLOCK, [CHLD], [], 8) = 0
31190 rt_sigprocmask(SIG_SETMASK, [], NULL, 8) = 0
31190 rt_sigprocmask(SIG_BLOCK, [CHLD], [], 8) = 0
31190 rt_sigprocmask(SIG_SETMASK, [], NULL, 8) = 0
31190 rt_sigprocmask(SIG_BLOCK, [CHLD], [], 8) = 0
31190 rt_sigprocmask(SIG_SETMASK, [], NULL, 8) = 0
31190 rt_sigprocmask(SIG_BLOCK, [CHLD], [], 8) = 0
31190 rt_sigprocmask(SIG_SETMASK, [], NULL, 8) = 0
31190 rt_sigprocmask(SIG_BLOCK, [CHLD], [], 8) = 0
31190 rt_sigprocmask(SIG_SETMASK, [], NULL, 8) = 0
31190 rt_sigprocmask(SIG_BLOCK, [CHLD], [], 8) = 0
31190 rt_sigprocmask(SIG_SETMASK, [], NULL, 8) = 0
31190 rt_sigprocmask(SIG_BLOCK, [CHLD], [], 8) = 0
31190 rt_sigprocmask(SIG_SETMASK, [], NULL, 8) = 0
31190 rt_sigprocmask(SIG_BLOCK, [CHLD], [], 8) = 0
31190 rt_sigprocmask(SIG_SETMASK, [], NULL, 8) = 0
31190 rt_sigprocmask(SIG_BLOCK, [CHLD], [], 8) = 0
31190 rt_sigprocmask(SIG_SETMASK, [], NULL, 8) = 0
31190 rt_sigprocmask(SIG_BLOCK, [CHLD], [], 8) = 0
31190 rt_sigprocmask(SIG_SETMASK, [], NULL, 8) = 0
31190 rt_sigprocmask(SIG_BLOCK, [CHLD], [], 8) = 0
31190 rt_sigprocmask(SIG_SETMASK, [], NULL, 8) = 0
31190 rt_sigprocmask(SIG_BLOCK, [CHLD], [], 8) = 0
31190 rt_sigprocmask(SIG_SETMASK, [], NULL, 8) = 0
31190 rt_sigprocmask(SIG_BLOCK, [CHLD], [], 8) = 0
31190 rt_sigprocmask(SIG_SETMASK, [], NULL, 8) = 0
31190 rt_sigprocmask(SIG_BLOCK, [CHLD], [], 8) = 0
31190 rt_sigprocmask(SIG_SETMASK, [], NULL, 8) = 0
31190 rt_sigprocmask(SIG_BLOCK, [CHLD], [], 8) = 0
31190 rt_sigprocmask(SIG_SETMASK, [], NULL, 8) = 0
31190 rt_sigprocmask(SIG_BLOCK, [CHLD], [], 8) = 0
31190 rt_sigprocmask(SIG_SETMASK, [], NULL, 8) = 0
31190 rt_sigprocmask(SIG_BLOCK, [CHLD], [], 8) = 0
31190 rt_sigprocmask(SIG_SETMASK, [], NULL, 8) = 0
31190 rt_sigprocmask(SIG_BLOCK, [CHLD], [], 8) = 0
31190 rt_sigprocmask(SIG_SETMASK, [], NULL, 8) = 0
31190 rt_sigprocmask(SIG_BLOCK, [CHLD], [], 8) = 0
31190 rt_sigprocmask(SIG_SETMASK, [], NULL, 8) = 0
31190 rt_sigprocmask(SIG_BLOCK, [CHLD], [], 8) = 0
31190 rt_sigprocmask(SIG_SETMASK, [], NULL, 8) = 0
31190 rt_sigprocmask(SIG_BLOCK, [CHLD], [], 8) = 0
31190 rt_sigprocmask(SIG_SETMASK, [], NULL, 8) = 0
31190 rt_sigprocmask(SIG_BLOCK, [CHLD], [], 8) = 0
31190 rt_sigprocmask(SIG_SETMASK, [], NULL, 8) = 0
31190 rt_sigprocmask(SIG_BLOCK, [CHLD], [], 8) = 0
31190 rt_sigprocmask(SIG_SETMASK, [], NULL, 8) = 0
31190 rt_sigprocmask(SIG_BLOCK, [CHLD], [], 8) = 0
31190 rt_sigprocmask(SIG_SETMASK, [], NULL, 8) = 0
31190 rt_sigprocmask(SIG_BLOCK, [CHLD], [], 8) = 0
31190 rt_sigprocmask(SIG_SETMASK, [], NULL, 8) = 0
31190 rt_sigprocmask(SIG_BLOCK, [CHLD], [], 8) = 0
31190 rt_sigprocmask(SIG_SETMASK, [], NULL, 8) = 0
31190 rt_sigprocmask(SIG_BLOCK, [CHLD], [], 8) = 0
31190 rt_sigprocmask(SIG_SETMASK, [], NULL, 8) = 0
31190 rt_sigprocmask(SIG_BLOCK, [CHLD], [], 8) = 0
31190 rt_sigprocmask(SIG_SETMASK, [], NULL, 8) = 0
31190 rt_sigprocmask(SIG_BLOCK, [CHLD], [], 8) = 0
31190 rt_sigprocmask(SIG_SETMASK, [], NULL, 8) = 0
31190 rt_sigprocmask(SIG_BLOCK, [CHLD], [], 8) = 0
31190 rt_sigprocmask(SIG_SETMASK, [], NULL, 8) = 0
31190 rt_sigprocmask(SIG_BLOCK, [CHLD], [], 8) = 0
31190 rt_sigprocmask(SIG_SETMASK, [], NULL, 8) = 0
31190 rt_sigprocmask(SIG_BLOCK, [CHLD], [], 8) = 0
31190 rt_sigprocmask(SIG_SETMASK, [], NULL, 8) = 0
31190 rt_sigprocmask(SIG_BLOCK, [CHLD], [], 8) = 0
31190 rt_sigprocmask(SIG_SETMASK, [], NULL, 8) = 0
31190 rt_sigprocmask(SIG_BLOCK, [CHLD], [], 8) = 0
31190 rt_sigprocmask(SIG_SETMASK, [], NULL, 8) = 0
31190 rt_sigprocmask(SIG_BLOCK, [CHLD], [], 8) = 0
31190 rt_sigprocmask(SIG_SETMASK, [], NULL, 8) = 0
31190 rt_sigprocmask(SIG_BLOCK, [CHLD], [], 8) = 0
31190 rt_sigprocmask(SIG_SETMASK, [], NULL, 8) = 0
31190 rt_sigprocmask(SIG_BLOCK, [CHLD], [], 8) = 0
31190 rt_sigprocmask(SIG_SETMASK, [], NULL, 8) = 0
31190 rt_sigprocmask(SIG_BLOCK, [CHLD], [], 8) = 0
31190 rt_sigprocmask(SIG_SETMASK, [], NULL, 8) = 0
31190 rt_sigprocmask(SIG_BLOCK, [CHLD], [], 8) = 0
31190 rt_sigprocmask(SIG_SETMASK, [], NULL, 8) = 0
31190 pipe2([3<pipe:[453053]>, 4<pipe:[453053]>], 0) = 0
31190 rt_sigprocmask(SIG_BLOCK, [CHLD], [], 8) = 0
31190 rt_sigprocmask(SIG_SETMASK, [], NULL, 8) = 0
31190 rt_sigprocmask(SIG_BLOCK, NULL, [], 8) = 0
31190 rt_sigprocmask(SIG_BLOCK, [INT TERM CHLD], [], 8) = 0
31190 lseek(255</usr/bin/arduino>, -705, SEEK_CUR) = 640
31190 clone(child_stack=NULL, flags=CLONE_CHILD_CLEARTID|CLONE_CHILD_SETTID|SIGCHLD, child_tidptr=0x7f33ff9d9a10) = 31194
31190 rt_sigprocmask(SIG_SETMASK, [], NULL, 8) = 0
31190 rt_sigaction(SIGCHLD, {sa_handler=0x55d1a6610d10, sa_mask=[], sa_flags=SA_RESTORER|SA_RESTART, sa_restorer=0x7f33ffa1e520},  <unfinished ...>
31194 set_robust_list(0x7f33ff9d9a20, 24 <unfinished ...>
31190 <... rt_sigaction resumed>{sa_handler=0x55d1a6610d10, sa_mask=[], sa_flags=SA_RESTORER|SA_RESTART, sa_restorer=0x7f33ffa1e520}, 8) = 0
31190 close(4<pipe:[453053]>)           = 0
31194 <... set_robust_list resumed>)    = 0
31190 rt_sigprocmask(SIG_BLOCK, [INT], [], 8) = 0
31190 read(3<pipe:[453053]>,  <unfinished ...>
31194 getpid()                          = 31194
31194 close(255</usr/bin/arduino>)      = 0
31194 rt_sigprocmask(SIG_SETMASK, [], NULL, 8) = 0
31194 rt_sigaction(SIGTSTP, {sa_handler=SIG_DFL, sa_mask=[], sa_flags=SA_RESTORER, sa_restorer=0x7f33ffa1e520}, {sa_handler=SIG_DFL, sa_mask=[], sa_flags=SA_RESTORER, sa_restorer=0x7f33ffa1e520}, 8) = 0
31194 rt_sigaction(SIGTTIN, {sa_handler=SIG_DFL, sa_mask=[], sa_flags=SA_RESTORER, sa_restorer=0x7f33ffa1e520}, {sa_handler=SIG_DFL, sa_mask=[], sa_flags=SA_RESTORER, sa_restorer=0x7f33ffa1e520}, 8) = 0
31194 rt_sigaction(SIGTTOU, {sa_handler=SIG_DFL, sa_mask=[], sa_flags=SA_RESTORER, sa_restorer=0x7f33ffa1e520}, {sa_handler=SIG_DFL, sa_mask=[], sa_flags=SA_RESTORER, sa_restorer=0x7f33ffa1e520}, 8) = 0
31194 rt_sigaction(SIGINT, {sa_handler=SIG_DFL, sa_mask=[], sa_flags=SA_RESTORER, sa_restorer=0x7f33ffa1e520}, {sa_handler=SIG_DFL, sa_mask=[], sa_flags=SA_RESTORER, sa_restorer=0x7f33ffa1e520}, 8) = 0
31194 rt_sigaction(SIGQUIT, {sa_handler=SIG_DFL, sa_mask=[], sa_flags=SA_RESTORER, sa_restorer=0x7f33ffa1e520}, {sa_handler=SIG_IGN, sa_mask=[], sa_flags=SA_RESTORER, sa_restorer=0x7f33ffa1e520}, 8) = 0
31194 rt_sigaction(SIGCHLD, {sa_handler=SIG_DFL, sa_mask=[], sa_flags=SA_RESTORER|SA_RESTART, sa_restorer=0x7f33ffa1e520}, {sa_handler=0x55d1a6610d10, sa_mask=[], sa_flags=SA_RESTORER|SA_RESTART, sa_restorer=0x7f33ffa1e520}, 8) = 0
31194 rt_sigaction(SIGCHLD, {sa_handler=0x55d1a6610d10, sa_mask=[], sa_flags=SA_RESTORER|SA_RESTART, sa_restorer=0x7f33ffa1e520}, {sa_handler=SIG_DFL, sa_mask=[], sa_flags=SA_RESTORER|SA_RESTART, sa_restorer=0x7f33ffa1e520}, 8) = 0
31194 rt_sigaction(SIGINT, {sa_handler=0x55d1a663d410, sa_mask=[], sa_flags=SA_RESTORER, sa_restorer=0x7f33ffa1e520}, {sa_handler=SIG_DFL, sa_mask=[], sa_flags=SA_RESTORER, sa_restorer=0x7f33ffa1e520}, 8) = 0
31194 dup2(4<pipe:[453053]>, 1</dev/pts/0<char 136:0>>) = 1<pipe:[453053]>
31194 close(4<pipe:[453053]>)           = 0
31194 close(3<pipe:[453053]>)           = 0
31194 rt_sigprocmask(SIG_BLOCK, NULL, [], 8) = 0
31194 newfstatat(AT_FDCWD</home/j/robotics/braccio_robot_arm/python/inverse_kin>, ".", {st_mode=S_IFDIR|0775, st_size=4096, ...}, 0) = 0
31194 newfstatat(AT_FDCWD</home/j/robotics/braccio_robot_arm/python/inverse_kin>, "/usr/local/sbin/dpkg-architecture", 0x7ffe59cf6430, 0) = -1 ENOENT (No such file or directory)
31194 newfstatat(AT_FDCWD</home/j/robotics/braccio_robot_arm/python/inverse_kin>, "/usr/local/bin/dpkg-architecture", 0x7ffe59cf6430, 0) = -1 ENOENT (No such file or directory)
31194 newfstatat(AT_FDCWD</home/j/robotics/braccio_robot_arm/python/inverse_kin>, "/usr/sbin/dpkg-architecture", 0x7ffe59cf6430, 0) = -1 ENOENT (No such file or directory)
31194 newfstatat(AT_FDCWD</home/j/robotics/braccio_robot_arm/python/inverse_kin>, "/usr/bin/dpkg-architecture", {st_mode=S_IFREG|0755, st_size=13832, ...}, 0) = 0
31194 newfstatat(AT_FDCWD</home/j/robotics/braccio_robot_arm/python/inverse_kin>, "/usr/bin/dpkg-architecture", {st_mode=S_IFREG|0755, st_size=13832, ...}, 0) = 0
31194 geteuid()                         = 1000
31194 getegid()                         = 1000
31194 getuid()                          = 1000
31194 getgid()                          = 1000
31194 access("/usr/bin/dpkg-architecture", X_OK) = 0
31194 newfstatat(AT_FDCWD</home/j/robotics/braccio_robot_arm/python/inverse_kin>, "/usr/bin/dpkg-architecture", {st_mode=S_IFREG|0755, st_size=13832, ...}, 0) = 0
31194 geteuid()                         = 1000
31194 getegid()                         = 1000
31194 getuid()                          = 1000
31194 getgid()                          = 1000
31194 access("/usr/bin/dpkg-architecture", R_OK) = 0
31194 newfstatat(AT_FDCWD</home/j/robotics/braccio_robot_arm/python/inverse_kin>, "/usr/bin/dpkg-architecture", {st_mode=S_IFREG|0755, st_size=13832, ...}, 0) = 0
31194 newfstatat(AT_FDCWD</home/j/robotics/braccio_robot_arm/python/inverse_kin>, "/usr/bin/dpkg-architecture", {st_mode=S_IFREG|0755, st_size=13832, ...}, 0) = 0
31194 geteuid()                         = 1000
31194 getegid()                         = 1000
31194 getuid()                          = 1000
31194 getgid()                          = 1000
31194 access("/usr/bin/dpkg-architecture", X_OK) = 0
31194 newfstatat(AT_FDCWD</home/j/robotics/braccio_robot_arm/python/inverse_kin>, "/usr/bin/dpkg-architecture", {st_mode=S_IFREG|0755, st_size=13832, ...}, 0) = 0
31194 geteuid()                         = 1000
31194 getegid()                         = 1000
31194 getuid()                          = 1000
31194 getgid()                          = 1000
31194 access("/usr/bin/dpkg-architecture", R_OK) = 0
31194 rt_sigaction(SIGINT, {sa_handler=SIG_DFL, sa_mask=[], sa_flags=SA_RESTORER, sa_restorer=0x7f33ffa1e520}, {sa_handler=0x55d1a663d410, sa_mask=[], sa_flags=SA_RESTORER, sa_restorer=0x7f33ffa1e520}, 8) = 0
31194 rt_sigaction(SIGQUIT, {sa_handler=SIG_DFL, sa_mask=[], sa_flags=SA_RESTORER, sa_restorer=0x7f33ffa1e520}, {sa_handler=SIG_DFL, sa_mask=[], sa_flags=SA_RESTORER, sa_restorer=0x7f33ffa1e520}, 8) = 0
31194 rt_sigaction(SIGCHLD, {sa_handler=SIG_DFL, sa_mask=[], sa_flags=SA_RESTORER|SA_RESTART, sa_restorer=0x7f33ffa1e520}, {sa_handler=0x55d1a6610d10, sa_mask=[], sa_flags=SA_RESTORER|SA_RESTART, sa_restorer=0x7f33ffa1e520}, 8) = 0
31194 execve("/usr/bin/dpkg-architecture", ["dpkg-architecture", "-qDEB_HOST_MULTIARCH"], 0x55d1a7d9e820 /* 45 vars */) = 0
31194 brk(NULL)                         = 0x55ee88150000
31194 arch_prctl(0x3001 /* ARCH_??? */, 0x7ffcd0764710) = -1 EINVAL (Invalid argument)
31194 mmap(NULL, 8192, PROT_READ|PROT_WRITE, MAP_PRIVATE|MAP_ANONYMOUS, -1, 0) = 0x7fdb47f8c000
31194 access("/etc/ld.so.preload", R_OK) = -1 ENOENT (No such file or directory)
31194 openat(AT_FDCWD</home/j/robotics/braccio_robot_arm/python/inverse_kin>, "/etc/ld.so.cache", O_RDONLY|O_CLOEXEC) = 3</etc/ld.so.cache>
31194 newfstatat(3</etc/ld.so.cache>, "", {st_mode=S_IFREG|0644, st_size=69439, ...}, AT_EMPTY_PATH) = 0
31194 mmap(NULL, 69439, PROT_READ, MAP_PRIVATE, 3</etc/ld.so.cache>, 0) = 0x7fdb47f7b000
31194 close(3</etc/ld.so.cache>)        = 0
31194 openat(AT_FDCWD</home/j/robotics/braccio_robot_arm/python/inverse_kin>, "/lib/x86_64-linux-gnu/libm.so.6", O_RDONLY|O_CLOEXEC) = 3</usr/lib/x86_64-linux-gnu/libm.so.6>
31194 read(3</usr/lib/x86_64-linux-gnu/libm.so.6>, "\177ELF\2\1\1\3\0\0\0\0\0\0\0\0\3\0>\0\1\0\0\0\0\0\0\0\0\0\0\0"..., 832) = 832
31194 newfstatat(3</usr/lib/x86_64-linux-gnu/libm.so.6>, "", {st_mode=S_IFREG|0644, st_size=940560, ...}, AT_EMPTY_PATH) = 0
31194 mmap(NULL, 942344, PROT_READ, MAP_PRIVATE|MAP_DENYWRITE, 3</usr/lib/x86_64-linux-gnu/libm.so.6>, 0) = 0x7fdb47e94000
31194 mmap(0x7fdb47ea2000, 507904, PROT_READ|PROT_EXEC, MAP_PRIVATE|MAP_FIXED|MAP_DENYWRITE, 3</usr/lib/x86_64-linux-gnu/libm.so.6>, 0xe000) = 0x7fdb47ea2000
31194 mmap(0x7fdb47f1e000, 372736, PROT_READ, MAP_PRIVATE|MAP_FIXED|MAP_DENYWRITE, 3</usr/lib/x86_64-linux-gnu/libm.so.6>, 0x8a000) = 0x7fdb47f1e000
31194 mmap(0x7fdb47f79000, 8192, PROT_READ|PROT_WRITE, MAP_PRIVATE|MAP_FIXED|MAP_DENYWRITE, 3</usr/lib/x86_64-linux-gnu/libm.so.6>, 0xe4000) = 0x7fdb47f79000
31194 close(3</usr/lib/x86_64-linux-gnu/libm.so.6>) = 0
31194 openat(AT_FDCWD</home/j/robotics/braccio_robot_arm/python/inverse_kin>, "/lib/x86_64-linux-gnu/libc.so.6", O_RDONLY|O_CLOEXEC) = 3</usr/lib/x86_64-linux-gnu/libc.so.6>
31194 read(3</usr/lib/x86_64-linux-gnu/libc.so.6>, "\177ELF\2\1\1\3\0\0\0\0\0\0\0\0\3\0>\0\1\0\0\0P\237\2\0\0\0\0\0"..., 832) = 832
31194 pread64(3</usr/lib/x86_64-linux-gnu/libc.so.6>, "\6\0\0\0\4\0\0\0@\0\0\0\0\0\0\0@\0\0\0\0\0\0\0@\0\0\0\0\0\0\0"..., 784, 64) = 784
31194 pread64(3</usr/lib/x86_64-linux-gnu/libc.so.6>, "\4\0\0\0 \0\0\0\5\0\0\0GNU\0\2\0\0\300\4\0\0\0\3\0\0\0\0\0\0\0"..., 48, 848) = 48
31194 pread64(3</usr/lib/x86_64-linux-gnu/libc.so.6>, "\4\0\0\0\24\0\0\0\3\0\0\0GNU\0i8\235HZ\227\223\333\350s\360\352,\223\340."..., 68, 896) = 68
31194 newfstatat(3</usr/lib/x86_64-linux-gnu/libc.so.6>, "", {st_mode=S_IFREG|0644, st_size=2216304, ...}, AT_EMPTY_PATH) = 0
31194 pread64(3</usr/lib/x86_64-linux-gnu/libc.so.6>, "\6\0\0\0\4\0\0\0@\0\0\0\0\0\0\0@\0\0\0\0\0\0\0@\0\0\0\0\0\0\0"..., 784, 64) = 784
31194 mmap(NULL, 2260560, PROT_READ, MAP_PRIVATE|MAP_DENYWRITE, 3</usr/lib/x86_64-linux-gnu/libc.so.6>, 0) = 0x7fdb47c6c000
31194 mmap(0x7fdb47c94000, 1658880, PROT_READ|PROT_EXEC, MAP_PRIVATE|MAP_FIXED|MAP_DENYWRITE, 3</usr/lib/x86_64-linux-gnu/libc.so.6>, 0x28000) = 0x7fdb47c94000
31194 mmap(0x7fdb47e29000, 360448, PROT_READ, MAP_PRIVATE|MAP_FIXED|MAP_DENYWRITE, 3</usr/lib/x86_64-linux-gnu/libc.so.6>, 0x1bd000) = 0x7fdb47e29000
31194 mmap(0x7fdb47e81000, 24576, PROT_READ|PROT_WRITE, MAP_PRIVATE|MAP_FIXED|MAP_DENYWRITE, 3</usr/lib/x86_64-linux-gnu/libc.so.6>, 0x214000) = 0x7fdb47e81000
31194 mmap(0x7fdb47e87000, 52816, PROT_READ|PROT_WRITE, MAP_PRIVATE|MAP_FIXED|MAP_ANONYMOUS, -1, 0) = 0x7fdb47e87000
31194 close(3</usr/lib/x86_64-linux-gnu/libc.so.6>) = 0
31194 openat(AT_FDCWD</home/j/robotics/braccio_robot_arm/python/inverse_kin>, "/lib/x86_64-linux-gnu/libcrypt.so.1", O_RDONLY|O_CLOEXEC) = 3</usr/lib/x86_64-linux-gnu/libcrypt.so.1.1.0>
31194 read(3</usr/lib/x86_64-linux-gnu/libcrypt.so.1.1.0>, "\177ELF\2\1\1\0\0\0\0\0\0\0\0\0\3\0>\0\1\0\0\0@ \0\0\0\0\0\0"..., 832) = 832
31194 newfstatat(3</usr/lib/x86_64-linux-gnu/libcrypt.so.1.1.0>, "", {st_mode=S_IFREG|0644, st_size=198664, ...}, AT_EMPTY_PATH) = 0
31194 mmap(NULL, 233888, PROT_READ, MAP_PRIVATE|MAP_DENYWRITE, 3</usr/lib/x86_64-linux-gnu/libcrypt.so.1.1.0>, 0) = 0x7fdb47c32000
31194 mprotect(0x7fdb47c34000, 188416, PROT_NONE) = 0
31194 mmap(0x7fdb47c34000, 81920, PROT_READ|PROT_EXEC, MAP_PRIVATE|MAP_FIXED|MAP_DENYWRITE, 3</usr/lib/x86_64-linux-gnu/libcrypt.so.1.1.0>, 0x2000) = 0x7fdb47c34000
31194 mmap(0x7fdb47c48000, 102400, PROT_READ, MAP_PRIVATE|MAP_FIXED|MAP_DENYWRITE, 3</usr/lib/x86_64-linux-gnu/libcrypt.so.1.1.0>, 0x16000) = 0x7fdb47c48000
31194 mmap(0x7fdb47c62000, 8192, PROT_READ|PROT_WRITE, MAP_PRIVATE|MAP_FIXED|MAP_DENYWRITE, 3</usr/lib/x86_64-linux-gnu/libcrypt.so.1.1.0>, 0x2f000) = 0x7fdb47c62000
31194 mmap(0x7fdb47c64000, 29088, PROT_READ|PROT_WRITE, MAP_PRIVATE|MAP_FIXED|MAP_ANONYMOUS, -1, 0) = 0x7fdb47c64000
31194 close(3</usr/lib/x86_64-linux-gnu/libcrypt.so.1.1.0>) = 0
31194 mmap(NULL, 12288, PROT_READ|PROT_WRITE, MAP_PRIVATE|MAP_ANONYMOUS, -1, 0) = 0x7fdb47c2f000
31194 arch_prctl(ARCH_SET_FS, 0x7fdb47c2f740) = 0
31194 set_tid_address(0x7fdb47c2fa10)   = 31194
31194 set_robust_list(0x7fdb47c2fa20, 24) = 0
31194 rseq(0x7fdb47c300e0, 0x20, 0, 0x53053053) = 0
31194 mprotect(0x7fdb47e81000, 16384, PROT_READ) = 0
31194 mprotect(0x7fdb47c62000, 4096, PROT_READ) = 0
31194 mprotect(0x7fdb47f79000, 4096, PROT_READ) = 0
31194 mprotect(0x55ee8730a000, 65536, PROT_READ) = 0
31194 mprotect(0x7fdb47fc6000, 8192, PROT_READ) = 0
31194 prlimit64(0, RLIMIT_STACK, NULL, {rlim_cur=8192*1024, rlim_max=RLIM64_INFINITY}) = 0
31194 munmap(0x7fdb47f7b000, 69439)     = 0
31194 rt_sigaction(SIGFPE, {sa_handler=SIG_IGN, sa_mask=[FPE], sa_flags=SA_RESTORER|SA_RESTART, sa_restorer=0x7fdb47cae520}, {sa_handler=SIG_DFL, sa_mask=[], sa_flags=0}, 8) = 0
31194 getrandom("\x75\x1f\xa5\x6a\xc1\xe9\x54\x16", 8, GRND_NONBLOCK) = 8
31194 brk(NULL)                         = 0x55ee88150000
31194 brk(0x55ee88171000)               = 0x55ee88171000
31194 getuid()                          = 1000
31194 geteuid()                         = 1000
31194 getgid()                          = 1000
31194 getegid()                         = 1000
31194 openat(AT_FDCWD</home/j/robotics/braccio_robot_arm/python/inverse_kin>, "/dev/urandom", O_RDONLY|O_CLOEXEC) = 3</dev/urandom<char 1:9>>
31194 fcntl(3</dev/urandom<char 1:9>>, F_GETFD) = 0x1 (flags FD_CLOEXEC)
31194 read(3</dev/urandom<char 1:9>>, "\360J\320\371", 4) = 4
31194 close(3</dev/urandom<char 1:9>>)  = 0
31194 getuid()                          = 1000
31194 geteuid()                         = 1000
31194 getgid()                          = 1000
31194 getegid()                         = 1000
31194 openat(AT_FDCWD</home/j/robotics/braccio_robot_arm/python/inverse_kin>, "/usr/lib/locale/locale-archive", O_RDONLY|O_CLOEXEC) = 3</usr/lib/locale/locale-archive>
31194 newfstatat(3</usr/lib/locale/locale-archive>, "", {st_mode=S_IFREG|0644, st_size=5712208, ...}, AT_EMPTY_PATH) = 0
31194 mmap(NULL, 5712208, PROT_READ, MAP_PRIVATE, 3</usr/lib/locale/locale-archive>, 0) = 0x7fdb476bc000
31194 close(3</usr/lib/locale/locale-archive>) = 0
31194 brk(0x55ee88192000)               = 0x55ee88192000
31194 readlink("/proc/self/exe", "/usr/bin/perl", 4095) = 13
31194 newfstatat(AT_FDCWD</home/j/robotics/braccio_robot_arm/python/inverse_kin>, "/usr/lib/x86_64-linux-gnu/perl-base/5.34.0/x86_64-linux-gnu-thread-multi", 0x7ffcd0764260, 0) = -1 ENOENT (No such file or directory)
31194 newfstatat(AT_FDCWD</home/j/robotics/braccio_robot_arm/python/inverse_kin>, "/usr/lib/x86_64-linux-gnu/perl-base/5.34.0", 0x7ffcd0764260, 0) = -1 ENOENT (No such file or directory)
31194 newfstatat(AT_FDCWD</home/j/robotics/braccio_robot_arm/python/inverse_kin>, "/usr/lib/x86_64-linux-gnu/perl-base/x86_64-linux-gnu-thread-multi", 0x7ffcd0764260, 0) = -1 ENOENT (No such file or directory)
31194 newfstatat(AT_FDCWD</home/j/robotics/braccio_robot_arm/python/inverse_kin>, "/usr/local/lib/site_perl/5.34.0/x86_64-linux-gnu-thread-multi", 0x7ffcd0764260, 0) = -1 ENOENT (No such file or directory)
31194 newfstatat(AT_FDCWD</home/j/robotics/braccio_robot_arm/python/inverse_kin>, "/usr/local/lib/site_perl/5.34.0", 0x7ffcd0764260, 0) = -1 ENOENT (No such file or directory)
31194 newfstatat(AT_FDCWD</home/j/robotics/braccio_robot_arm/python/inverse_kin>, "/usr/local/lib/site_perl/x86_64-linux-gnu-thread-multi", 0x7ffcd0764260, 0) = -1 ENOENT (No such file or directory)
31194 fcntl(0</dev/pts/0<char 136:0>>, F_SETFD, 0) = 0
31194 ioctl(0</dev/pts/0<char 136:0>>, TCGETS, {B38400 opost isig icanon echo ...}) = 0
31194 lseek(0</dev/pts/0<char 136:0>>, 0, SEEK_CUR) = -1 ESPIPE (Illegal seek)
31194 fcntl(1<pipe:[453053]>, F_SETFD, 0) = 0
31194 ioctl(1<pipe:[453053]>, TCGETS, 0x7ffcd0764050) = -1 ENOTTY (Inappropriate ioctl for device)
31194 lseek(1<pipe:[453053]>, 0, SEEK_CUR) = -1 ESPIPE (Illegal seek)
31194 fcntl(2</dev/pts/0<char 136:0>>, F_SETFD, 0) = 0
